###############################################################################
#
# IAR ELF Linker V9.30.1.335/W64 for ARM                  24/Apr/2023  10:48:18
# Copyright 2007-2022 IAR Systems AB.
#
#    Output file  =
#        C:\D\SW2_Team\emu_208_ledc\File\EWARM\STM324xG_EVAL\Exe\Project.out
#    Map file     =
#        C:\D\SW2_Team\emu_208_ledc\File\EWARM\STM324xG_EVAL\List\Project.map
#    Command line =
#        -f
#        C:\D\SW2_Team\emu_208_ledc\File\EWARM\STM324xG_EVAL\Exe\Project.out.rsp
#        (C:\D\SW2_Team\emu_208_ledc\File\EWARM\STM324xG_EVAL\Obj\Application\User\AmpGpio.o
#        C:\D\SW2_Team\emu_208_ledc\File\EWARM\STM324xG_EVAL\Obj\Middlewares\LwIP\Api\api_lib.o
#        C:\D\SW2_Team\emu_208_ledc\File\EWARM\STM324xG_EVAL\Obj\Middlewares\LwIP\Api\api_msg.o
#        C:\D\SW2_Team\emu_208_ledc\File\EWARM\STM324xG_EVAL\Obj\Application\User\app_ethernet.o
#        C:\D\SW2_Team\emu_208_ledc\File\EWARM\STM324xG_EVAL\Obj\Middlewares\LwIP\Core\IPv4\autoip.o
#        C:\D\SW2_Team\emu_208_ledc\File\EWARM\STM324xG_EVAL\Obj\Application\User\CRC8.o
#        C:\D\SW2_Team\emu_208_ledc\File\EWARM\STM324xG_EVAL\Obj\Application\User\debug_task.o
#        C:\D\SW2_Team\emu_208_ledc\File\EWARM\STM324xG_EVAL\Obj\Middlewares\LwIP\Core\def.o
#        C:\D\SW2_Team\emu_208_ledc\File\EWARM\STM324xG_EVAL\Obj\Drivers\display\Config\DEV_Config.o
#        C:\D\SW2_Team\emu_208_ledc\File\EWARM\STM324xG_EVAL\Obj\Middlewares\LwIP\Core\IPv4\dhcp.o
#        C:\D\SW2_Team\emu_208_ledc\File\EWARM\STM324xG_EVAL\Obj\Middlewares\LwIP\Core\dns.o
#        C:\D\SW2_Team\emu_208_ledc\File\EWARM\STM324xG_EVAL\Obj\Middlewares\LwIP\Api\err.o
#        C:\D\SW2_Team\emu_208_ledc\File\EWARM\STM324xG_EVAL\Obj\Middlewares\LwIP\Core\IPv4\etharp.o
#        C:\D\SW2_Team\emu_208_ledc\File\EWARM\STM324xG_EVAL\Obj\Middlewares\LwIP\Netif\ethernet.o
#        C:\D\SW2_Team\emu_208_ledc\File\EWARM\STM324xG_EVAL\Obj\Application\User\ethernetif.o
#        C:\D\SW2_Team\emu_208_ledc\File\EWARM\STM324xG_EVAL\Obj\Application\User\Flash.o
#        C:\D\SW2_Team\emu_208_ledc\File\EWARM\STM324xG_EVAL\Obj\Application\Utilities\Fonts\font12.o
#        C:\D\SW2_Team\emu_208_ledc\File\EWARM\STM324xG_EVAL\Obj\Application\Utilities\Fonts\font12CN.o
#        C:\D\SW2_Team\emu_208_ledc\File\EWARM\STM324xG_EVAL\Obj\Application\Utilities\Fonts\font16.o
#        C:\D\SW2_Team\emu_208_ledc\File\EWARM\STM324xG_EVAL\Obj\Application\Utilities\Fonts\font20.o
#        C:\D\SW2_Team\emu_208_ledc\File\EWARM\STM324xG_EVAL\Obj\Application\Utilities\Fonts\font24.o
#        C:\D\SW2_Team\emu_208_ledc\File\EWARM\STM324xG_EVAL\Obj\Application\Utilities\Fonts\font24CN.o
#        C:\D\SW2_Team\emu_208_ledc\File\EWARM\STM324xG_EVAL\Obj\Application\Utilities\Fonts\font8.o
#        C:\D\SW2_Team\emu_208_ledc\File\EWARM\STM324xG_EVAL\Obj\Drivers\display\GUI\GUI_Paint.o
#        C:\D\SW2_Team\emu_208_ledc\File\EWARM\STM324xG_EVAL\Obj\Application\User\I2C.o
#        C:\D\SW2_Team\emu_208_ledc\File\EWARM\STM324xG_EVAL\Obj\Middlewares\LwIP\Core\IPv4\icmp.o
#        C:\D\SW2_Team\emu_208_ledc\File\EWARM\STM324xG_EVAL\Obj\Middlewares\LwIP\Core\IPv4\igmp.o
#        C:\D\SW2_Team\emu_208_ledc\File\EWARM\STM324xG_EVAL\Obj\Drivers\BSP\Components\ili9325.o
#        C:\D\SW2_Team\emu_208_ledc\File\EWARM\STM324xG_EVAL\Obj\Drivers\display\Example\ImageData.o
#        C:\D\SW2_Team\emu_208_ledc\File\EWARM\STM324xG_EVAL\Obj\Middlewares\LwIP\Core\inet_chksum.o
#        C:\D\SW2_Team\emu_208_ledc\File\EWARM\STM324xG_EVAL\Obj\Middlewares\LwIP\Core\init.o
#        C:\D\SW2_Team\emu_208_ledc\File\EWARM\STM324xG_EVAL\Obj\Middlewares\LwIP\Core\ip.o
#        C:\D\SW2_Team\emu_208_ledc\File\EWARM\STM324xG_EVAL\Obj\Middlewares\LwIP\Core\IPv4\ip4.o
#        C:\D\SW2_Team\emu_208_ledc\File\EWARM\STM324xG_EVAL\Obj\Middlewares\LwIP\Core\IPv4\ip4_addr.o
#        C:\D\SW2_Team\emu_208_ledc\File\EWARM\STM324xG_EVAL\Obj\Middlewares\LwIP\Core\IPv4\ip4_frag.o
#        C:\D\SW2_Team\emu_208_ledc\File\EWARM\STM324xG_EVAL\Obj\Application\User\LED.o
#        C:\D\SW2_Team\emu_208_ledc\File\EWARM\STM324xG_EVAL\Obj\Application\User\main.o
#        C:\D\SW2_Team\emu_208_ledc\File\EWARM\STM324xG_EVAL\Obj\Middlewares\LwIP\Core\mem.o
#        C:\D\SW2_Team\emu_208_ledc\File\EWARM\STM324xG_EVAL\Obj\Middlewares\LwIP\Core\memp.o
#        C:\D\SW2_Team\emu_208_ledc\File\EWARM\STM324xG_EVAL\Obj\Middlewares\LwIP\Api\netbuf.o
#        C:\D\SW2_Team\emu_208_ledc\File\EWARM\STM324xG_EVAL\Obj\Middlewares\LwIP\Api\netdb.o
#        C:\D\SW2_Team\emu_208_ledc\File\EWARM\STM324xG_EVAL\Obj\Middlewares\LwIP\Core\netif.o
#        C:\D\SW2_Team\emu_208_ledc\File\EWARM\STM324xG_EVAL\Obj\Middlewares\LwIP\Api\netifapi.o
#        C:\D\SW2_Team\emu_208_ledc\File\EWARM\STM324xG_EVAL\Obj\Drivers\display\OLED\OLED_1in3_c.o
#        C:\D\SW2_Team\emu_208_ledc\File\EWARM\STM324xG_EVAL\Obj\Drivers\display\Example\OLED_1in3_c_test.o
#        C:\D\SW2_Team\emu_208_ledc\File\EWARM\STM324xG_EVAL\Obj\Middlewares\LwIP\Core\pbuf.o
#        C:\D\SW2_Team\emu_208_ledc\File\EWARM\STM324xG_EVAL\Obj\Middlewares\LwIP\Core\raw.o
#        C:\D\SW2_Team\emu_208_ledc\File\EWARM\STM324xG_EVAL\Obj\Middlewares\LwIP\Api\sockets.o
#        C:\D\SW2_Team\emu_208_ledc\File\EWARM\STM324xG_EVAL\Obj\Application\User\spi_flash.o
#        C:\D\SW2_Team\emu_208_ledc\File\EWARM\STM324xG_EVAL\Obj\Application\EWARM\startup_stm32f407xx.o
#        C:\D\SW2_Team\emu_208_ledc\File\EWARM\STM324xG_EVAL\Obj\Middlewares\LwIP\Core\stats.o
#        C:\D\SW2_Team\emu_208_ledc\File\EWARM\STM324xG_EVAL\Obj\Drivers\BSP\STM324xG_EVAL\stm324xg_eval.o
#        C:\D\SW2_Team\emu_208_ledc\File\EWARM\STM324xG_EVAL\Obj\Drivers\BSP\STM324xG_EVAL\stm324xg_eval_io.o
#        C:\D\SW2_Team\emu_208_ledc\File\EWARM\STM324xG_EVAL\Obj\Drivers\BSP\STM324xG_EVAL\stm324xg_eval_sram.o
#        C:\D\SW2_Team\emu_208_ledc\File\EWARM\STM324xG_EVAL\Obj\Drivers\STM32F4xx_HAL_Driver\stm32f4xx_hal.o
#        C:\D\SW2_Team\emu_208_ledc\File\EWARM\STM324xG_EVAL\Obj\Drivers\STM32F4xx_HAL_Driver\stm32f4xx_hal_adc.o
#        C:\D\SW2_Team\emu_208_ledc\File\EWARM\STM324xG_EVAL\Obj\Drivers\STM32F4xx_HAL_Driver\stm32f4xx_hal_cortex.o
#        C:\D\SW2_Team\emu_208_ledc\File\EWARM\STM324xG_EVAL\Obj\Drivers\STM32F4xx_HAL_Driver\stm32f4xx_hal_dma.o
#        C:\D\SW2_Team\emu_208_ledc\File\EWARM\STM324xG_EVAL\Obj\Drivers\STM32F4xx_HAL_Driver\stm32f4xx_hal_dma_ex.o
#        C:\D\SW2_Team\emu_208_ledc\File\EWARM\STM324xG_EVAL\Obj\Drivers\STM32F4xx_HAL_Driver\stm32f4xx_hal_eth.o
#        C:\D\SW2_Team\emu_208_ledc\File\EWARM\STM324xG_EVAL\Obj\Drivers\STM32F4xx_HAL_Driver\stm32f4xx_hal_flash.o
#        C:\D\SW2_Team\emu_208_ledc\File\EWARM\STM324xG_EVAL\Obj\Drivers\STM32F4xx_HAL_Driver\stm32f4xx_hal_flash_ex.o
#        C:\D\SW2_Team\emu_208_ledc\File\EWARM\STM324xG_EVAL\Obj\Drivers\STM32F4xx_HAL_Driver\stm32f4xx_hal_gpio.o
#        C:\D\SW2_Team\emu_208_ledc\File\EWARM\STM324xG_EVAL\Obj\Drivers\STM32F4xx_HAL_Driver\stm32f4xx_hal_i2c.o
#        C:\D\SW2_Team\emu_208_ledc\File\EWARM\STM324xG_EVAL\Obj\Drivers\STM32F4xx_HAL_Driver\stm32f4xx_hal_i2c_ex.o
#        C:\D\SW2_Team\emu_208_ledc\File\EWARM\STM324xG_EVAL\Obj\Drivers\STM32F4xx_HAL_Driver\stm32f4xx_hal_i2s.o
#        C:\D\SW2_Team\emu_208_ledc\File\EWARM\STM324xG_EVAL\Obj\Drivers\STM32F4xx_HAL_Driver\stm32f4xx_hal_i2s_ex.o
#        C:\D\SW2_Team\emu_208_ledc\File\EWARM\STM324xG_EVAL\Obj\Application\User\stm32f4xx_hal_msp.o
#        C:\D\SW2_Team\emu_208_ledc\File\EWARM\STM324xG_EVAL\Obj\Drivers\STM32F4xx_HAL_Driver\stm32f4xx_hal_pwr.o
#        C:\D\SW2_Team\emu_208_ledc\File\EWARM\STM324xG_EVAL\Obj\Drivers\STM32F4xx_HAL_Driver\stm32f4xx_hal_pwr_ex.o
#        C:\D\SW2_Team\emu_208_ledc\File\EWARM\STM324xG_EVAL\Obj\Drivers\STM32F4xx_HAL_Driver\stm32f4xx_hal_rcc.o
#        C:\D\SW2_Team\emu_208_ledc\File\EWARM\STM324xG_EVAL\Obj\Drivers\STM32F4xx_HAL_Driver\stm32f4xx_hal_rcc_ex.o
#        C:\D\SW2_Team\emu_208_ledc\File\EWARM\STM324xG_EVAL\Obj\Drivers\STM32F4xx_HAL_Driver\stm32f4xx_hal_rtc.o
#        C:\D\SW2_Team\emu_208_ledc\File\EWARM\STM324xG_EVAL\Obj\Drivers\STM32F4xx_HAL_Driver\stm32f4xx_hal_rtc_ex.o
#        C:\D\SW2_Team\emu_208_ledc\File\EWARM\STM324xG_EVAL\Obj\Drivers\STM32F4xx_HAL_Driver\stm32f4xx_hal_spi.o
#        C:\D\SW2_Team\emu_208_ledc\File\EWARM\STM324xG_EVAL\Obj\Drivers\STM32F4xx_HAL_Driver\stm32f4xx_hal_sram.o
#        C:\D\SW2_Team\emu_208_ledc\File\EWARM\STM324xG_EVAL\Obj\Drivers\STM32F4xx_HAL_Driver\stm32f4xx_hal_tim.o
#        C:\D\SW2_Team\emu_208_ledc\File\EWARM\STM324xG_EVAL\Obj\Drivers\STM32F4xx_HAL_Driver\stm32f4xx_hal_tim_ex.o
#        C:\D\SW2_Team\emu_208_ledc\File\EWARM\STM324xG_EVAL\Obj\Drivers\STM32F4xx_HAL_Driver\stm32f4xx_hal_uart.o
#        C:\D\SW2_Team\emu_208_ledc\File\EWARM\STM324xG_EVAL\Obj\Drivers\STM32F4xx_HAL_Driver\stm32f4xx_hal_wwdg.o
#        C:\D\SW2_Team\emu_208_ledc\File\EWARM\STM324xG_EVAL\Obj\Application\User\stm32f4xx_it.o
#        C:\D\SW2_Team\emu_208_ledc\File\EWARM\STM324xG_EVAL\Obj\Drivers\STM32F4xx_HAL_Driver\stm32f4xx_ll_fsmc.o
#        C:\D\SW2_Team\emu_208_ledc\File\EWARM\STM324xG_EVAL\Obj\Drivers\BSP\Components\stmpe811.o
#        C:\D\SW2_Team\emu_208_ledc\File\EWARM\STM324xG_EVAL\Obj\Middlewares\LwIP\Core\sys.o
#        C:\D\SW2_Team\emu_208_ledc\File\EWARM\STM324xG_EVAL\Obj\Drivers\CMSIS\system_stm32f4xx.o
#        C:\D\SW2_Team\emu_208_ledc\File\EWARM\STM324xG_EVAL\Obj\Middlewares\LwIP\Core\tcp.o
#        C:\D\SW2_Team\emu_208_ledc\File\EWARM\STM324xG_EVAL\Obj\Application\User\tcp_echoserver.o
#        C:\D\SW2_Team\emu_208_ledc\File\EWARM\STM324xG_EVAL\Obj\Middlewares\LwIP\Core\tcp_in.o
#        C:\D\SW2_Team\emu_208_ledc\File\EWARM\STM324xG_EVAL\Obj\Middlewares\LwIP\Core\tcp_out.o
#        C:\D\SW2_Team\emu_208_ledc\File\EWARM\STM324xG_EVAL\Obj\Middlewares\LwIP\Api\tcpip.o
#        C:\D\SW2_Team\emu_208_ledc\File\EWARM\STM324xG_EVAL\Obj\Middlewares\LwIP\Core\tftp_server.o
#        C:\D\SW2_Team\emu_208_ledc\File\EWARM\STM324xG_EVAL\Obj\Middlewares\LwIP\Core\timeouts.o
#        C:\D\SW2_Team\emu_208_ledc\File\EWARM\STM324xG_EVAL\Obj\Application\User\Timer.o
#        C:\D\SW2_Team\emu_208_ledc\File\EWARM\STM324xG_EVAL\Obj\Middlewares\LwIP\Core\udp.o
#        C:\D\SW2_Team\emu_208_ledc\File\EWARM\STM324xG_EVAL\Obj\Application\User\udp_echoclient.o
#        C:\D\SW2_Team\emu_208_ledc\File\EWARM\STM324xG_EVAL\Obj\Application\User\USRAT.o
#        C:\D\SW2_Team\emu_208_ledc\File\EWARM\STM324xG_EVAL\Obj\Application\User\WWDG.o
#        --redirect _Printf=_PrintfFullNoMb --redirect _Scanf=_ScanfFullNoMb
#        --no_out_extension -o
#        C:\D\SW2_Team\emu_208_ledc\File\EWARM\STM324xG_EVAL\Exe\Project.out
#        --map
#        C:\D\SW2_Team\emu_208_ledc\File\EWARM\STM324xG_EVAL\List\Project.map
#        --config "C:\Program Files\IAR Systems\Embedded Workbench
#        9.1\arm/config/linker/ST/stm32f407xG.icf" --semihosting --entry
#        __iar_program_start --vfe --text_out locale --cpu=Cortex-M4
#        --fpu=VFPv4_sp)
#
###############################################################################

*******************************************************************************
*** RUNTIME MODEL ATTRIBUTES
***

CppFlavor       = *
__CPP_Runtime   = 1
__SystemLibrary = DLib
__dlib_version  = 6


*******************************************************************************
*** HEAP SELECTION
***

The basic heap was selected because --advanced_heap
was not specified and the application did not appear to
be primarily optimized for speed.


*******************************************************************************
*** PLACEMENT SUMMARY
***

"A0":  place at address 0x800'0000 { ro section .intvec };
"P1":  place in [from 0x800'0000 to 0x80f'ffff] { ro };
define block CSTACK with size = 8K, alignment = 8 { };
define block HEAP with size = 8K, alignment = 8 { };
"P4":  place in [from 0x2000'0000 to 0x2001'bfff] |
                [from 0x2001'c000 to 0x2001'ffff] {
          rw, block CSTACK, block HEAP };
initialize by copy { rw };

No sections matched the following patterns:

  ro section application_specific_ro  in "P2"
  section .backup_sram                in "P5"
  section .ccram                      in "P3"


  Section            Kind         Address      Size  Object
  -------            ----         -------      ----  ------
"A0":                                         0x188
  .intvec            ro code   0x800'0000     0x188  startup_stm32f407xx.o [1]
                             - 0x800'0188     0x188

"P1":                                      0x1'0d03
  .text              ro code   0x800'0188    0x13c2  stm32f4xx_hal_i2c.o [7]
  .text              ro code   0x800'154a       0xa  xsprout.o [16]
  .text              ro code   0x800'1554       0xc  stm32f4xx_hal.o [7]
  .text              ro code   0x800'1560       0x2  stm32f4xx_hal_i2c.o [7]
  .text              ro code   0x800'1562       0x2  stm32f4xx_hal_i2c.o [7]
  .text              ro code   0x800'1564       0x2  stm32f4xx_hal_i2c.o [7]
  .text              ro code   0x800'1566       0x2  stm32f4xx_hal_i2c.o [7]
  .text              ro code   0x800'1568       0x2  stm32f4xx_hal_i2c.o [7]
  .text              ro code   0x800'156a       0x2  stm32f4xx_hal_i2c.o [7]
  .text              ro code   0x800'156c       0x2  stm32f4xx_hal_i2c.o [7]
  .text              ro code   0x800'156e       0x2  stm32f4xx_hal_i2c.o [7]
  .text              ro code   0x800'1570     0x240  stm32f4xx_hal_dma.o [7]
  .text              ro code   0x800'17b0       0x2  stm32f4xx_hal_i2c.o [7]
  .text              ro code   0x800'17b2       0x2  stm32f4xx_hal_i2c.o [7]
  .text              ro code   0x800'17b4    0x1348  tcp_in.o [13]
  .text              ro code   0x800'2afc     0xd3a  tcp.o [13]
  .rodata            const     0x800'3836       0x2  xlocale_c.o [16]
  .text              ro code   0x800'3838     0x110  ip4_addr.o [14]
  .text              ro code   0x800'3948      0x2c  def.o [13]
  .text              ro code   0x800'3974     0x6b2  pbuf.o [13]
  .rodata            const     0x800'4026       0x1  xlocale_c.o [16]
  .text              ro code   0x800'4028      0xbc  memp.o [13]
  .text              ro code   0x800'40e4     0x90c  tcp_out.o [13]
  .text              ro code   0x800'49f0     0x1e8  timeouts.o [13]
  .text              ro code   0x800'4bd8     0x66c  USRAT.o [2]
  .text              ro code   0x800'5244      0x66  ABImemset.o [18]
  .text              ro code   0x800'52ac     0x3e8  ip4.o [14]
  .text              ro code   0x800'5694     0x330  mem.o [13]
  .text              ro code   0x800'59c4      0xa6  ABImemcpy.o [18]
  .text              ro code   0x800'5a6c     0x680  ethernetif.o [2]
  .text              ro code   0x800'60ec     0x290  stm32f4xx_hal_gpio.o [7]
  .text              ro code   0x800'637c     0x1b0  stm32f4xx_hal_cortex.o [7]
  .text              ro code   0x800'652c     0x6d4  stm32f4xx_hal_uart.o [7]
  .text              ro code   0x800'6c00      0x2a  strncmp.o [16]
  .text              ro code   0x800'6c2c      0x34  vsprintf.o [16]
  .text              ro code   0x800'6c60      0x36  strlen.o [18]
  .text              ro code   0x800'6c98     0x760  ip4_frag.o [14]
  .text              ro code   0x800'73f8     0x114  raw.o [13]
  .text              ro code   0x800'750c     0x90c  udp.o [13]
  .text              ro code   0x800'7e18     0x286  icmp.o [14]
  .text              ro code   0x800'809e      0x1e  stm32f4xx_hal.o [7]
  .text              ro code   0x800'80bc     0xc44  stm32f4xx_hal_eth.o [7]
  .text              ro code   0x800'8d00     0x222  netif.o [13]
  .text              ro code   0x800'8f24     0x1f8  app_ethernet.o [2]
  .text              ro code   0x800'911c     0x8fa  main.o [2]
  .text              ro code   0x800'9a18     0x1d0  stm32f4xx_hal_rcc.o [7]
  .text              ro code   0x800'9be8     0xeaa  xprintffull_nomb.o [16]
  .text              ro code   0x800'aa94     0x294  Flash.o [2]
  .text              ro code   0x800'ad28      0x40  sprintf.o [16]
  .text              ro code   0x800'ad68      0xca  inet_chksum.o [13]
  .text              ro code   0x800'ae34     0x9ac  etharp.o [14]
  .text              ro code   0x800'b7e0    0x1292  dhcp.o [14]
  .text              ro code   0x800'ca74      0x38  stm32f4xx_hal.o [7]
  .text              ro code   0x800'caac      0x1c  init.o [13]
  .text              ro code   0x800'cac8     0x4b4  LED.o [2]
  .text              ro code   0x800'cf7c     0x10c  Timer.o [2]
  .text              ro code   0x800'd088      0x44  I2C.o [2]
  .text              ro code   0x800'd0cc     0x6b8  spi_flash.o [2]
  .text              ro code   0x800'd784      0x84  stm32f4xx_hal_rcc.o [7]
  .text              ro code   0x800'd808      0xb6  WWDG.o [2]
  .text              ro code   0x800'd8c0     0x34c  stm32f4xx_hal_rcc.o [7]
  .text              ro code   0x800'dc0c      0x6c  AmpGpio.o [2]
  .text              ro code   0x800'dc78     0x110  udp_echoclient.o [2]
  .text              ro code   0x800'dd88     0x368  stm32f4xx_hal_rtc.o [7]
  .text              ro code   0x800'e0f0      0x28  stm32f4xx_hal.o [7]
  .text              ro code   0x800'e118      0x16  strchr.o [18]
  .text              ro code   0x800'e130      0x40  xfail_s.o [16]
  .text              ro code   0x800'e170      0x58  memchr.o [18]
  .text              ro code   0x800'e1c8      0x70  frexp.o [17]
  .text              ro code   0x800'e238      0x34  DblCmpLe.o [17]
  .text              ro code   0x800'e26c      0x34  DblCmpGe.o [17]
  .text              ro code   0x800'e2a0     0x13a  ldexp.o [17]
  .text              ro code   0x800'e3dc      0x36  DblToS32.o [17]
  .text              ro code   0x800'e414      0x22  S32ToDbl.o [17]
  .text              ro code   0x800'e438     0x24e  DblAddSub.o [17]
  .text              ro code   0x800'e688     0x246  DblDiv.o [17]
  .text              ro code   0x800'e8d0      0x22  DblToU32.o [17]
  .text              ro code   0x800'e8f4      0x1c  U32ToDbl.o [17]
  .text              ro code   0x800'e910     0x1aa  DblMul.o [17]
  .text              ro code   0x800'eabc       0x8  xlocale_c.o [16]
  .text              ro code   0x800'eac4     0x230  I64DivMod.o [18]
  .text              ro code   0x800'ecf4     0x1f8  stm32f4xx_hal_flash.o [7]
  .text              ro code   0x800'eeec     0x194  stm32f4xx_hal_flash_ex.o [7]
  .text              ro code   0x800'f080     0x146  ethernet.o [15]
  .text              ro code   0x800'f1c8      0x9c  rand.o [16]
  .text              ro code   0x800'f264       0x2  stm32f4xx_hal.o [7]
  .text              ro code   0x800'f268     0x2dc  stm32f4xx_hal_tim.o [7]
  .text              ro code   0x800'f544     0x444  stm32f4xx_hal_spi.o [7]
  .text              ro code   0x800'f988      0x5e  stm32f4xx_hal_wwdg.o [7]
  .text              ro code   0x800'f9e6       0x2  stm32f4xx_hal_rtc_ex.o [7]
  .text              ro code   0x800'f9e8       0x6  abort.o [16]
  .text              ro code   0x800'f9f0       0x2  I64DivZer.o [18]
  .text              ro code   0x800'f9f4      0x68  memcmp.o [18]
  .text              ro code   0x800'fa5c      0xa4  stm32f4xx_hal_msp.o [2]
  .text              ro code   0x800'fb00       0x2  stm32f4xx_hal_tim.o [7]
  .text              ro code   0x800'fb02       0x2  stm32f4xx_hal_tim.o [7]
  .text              ro code   0x800'fb04       0x2  stm32f4xx_hal_tim.o [7]
  .text              ro code   0x800'fb06       0x2  stm32f4xx_hal_tim_ex.o [7]
  .text              ro code   0x800'fb08       0x2  stm32f4xx_hal_tim.o [7]
  .text              ro code   0x800'fb0a       0x2  stm32f4xx_hal_tim_ex.o [7]
  .text              ro code   0x800'fb0c      0x14  exit.o [19]
  .text              ro code   0x800'fb20      0x2c  iarttio.o [19]
  .text              ro code   0x800'fb4c       0x8  XShttio.o [16]
  .rodata            const     0x800'fb54     0x300  LED.o [2]
  .text              ro code   0x800'fe54      0xa2  packbits_init.o [18]
  .text              ro code   0x800'fef8      0x7c  stm32f4xx_it.o [2]
  .text              ro code   0x800'ff74      0x10  stm32f4xx_hal.o [7]
  .text              ro code   0x800'ff84      0x60  system_stm32f4xx.o [6]
  .rodata            const     0x800'ffe4      0x5c  main.o [2]
  .rodata            const     0x801'0040      0x4c  main.o [2]
  .rodata            const     0x801'008c      0x40  spi_flash.o [2]
  .rodata            const     0x801'00cc      0x3c  tcp.o [13]
  .rodata            const     0x801'0108      0x38  app_ethernet.o [2]
  .rodata            const     0x801'0140      0x38  tcp.o [13]
  .rodata            const     0x801'0178      0x38  tcp.o [13]
  .text              ro code   0x801'01b0      0x38  zero_init3.o [18]
  .rodata            const     0x801'01e8      0x34  app_ethernet.o [2]
  .rodata            const     0x801'021c      0x34  app_ethernet.o [2]
  .rodata            const     0x801'0250      0x34  app_ethernet.o [2]
  .rodata            const     0x801'0284      0x34  main.o [2]
  .rodata            const     0x801'02b8      0x34  tcp.o [13]
  .rodata            const     0x801'02ec      0x34  tcp.o [13]
  .rodata            const     0x801'0320      0x34  tcp.o [13]
  .rodata            const     0x801'0354      0x34  tcp.o [13]
  .rodata            const     0x801'0388      0x30  main.o [2]
  .rodata            const     0x801'03b8      0x30  main.o [2]
  .rodata            const     0x801'03e8      0x30  tcp.o [13]
  .rodata            const     0x801'0418      0x30  tcp.o [13]
  .rodata            const     0x801'0448      0x30  tcp.o [13]
  .rodata            const     0x801'0478      0x2c  tcp.o [13]
  .rodata            const     0x801'04a4      0x2c  tcp.o [13]
  .rodata            const     0x801'04d0      0x28  app_ethernet.o [2]
  .rodata            const     0x801'04f8      0x28  memp.o [13]
  .rodata            const     0x801'0520      0x28  tcp.o [13]
  .rodata            const     0x801'0548      0x28  tcp.o [13]
  .rodata            const     0x801'0570      0x28  tcp.o [13]
  .rodata            const     0x801'0598      0x28  tcp.o [13]
  .rodata            const     0x801'05c0      0x28  timeouts.o [13]
  .text              ro code   0x801'05e8      0x28  data_init.o [18]
  .rodata            const     0x801'0610      0x24  ethernetif.o [2]
  .rodata            const     0x801'0634      0x24  main.o [2]
  .rodata            const     0x801'0658      0x24  main.o [2]
  .rodata            const     0x801'067c      0x24  tcp.o [13]
  .rodata            const     0x801'06a0      0x24  tcp.o [13]
  .rodata            const     0x801'06c4      0x24  tcp.o [13]
  .rodata            const     0x801'06e8      0x24  tcp.o [13]
  .rodata            const     0x801'070c      0x24  udp.o [13]
  .rodata            const     0x801'0730      0x24  udp_echoclient.o [2]
  .rodata            const     0x801'0754      0x24  udp_echoclient.o [2]
  .text              ro code   0x801'0778      0x22  fpinit_M.o [17]
  .iar.init_table    const     0x801'079c      0x2c  - Linker created -
  .rodata            const     0x801'07c8      0x20  app_ethernet.o [2]
  .rodata            const     0x801'07e8      0x20  app_ethernet.o [2]
  .rodata            const     0x801'0808      0x20  app_ethernet.o [2]
  .rodata            const     0x801'0828      0x20  main.o [2]
  .rodata            const     0x801'0848      0x20  tcp.o [13]
  .rodata            const     0x801'0868      0x20  tcp.o [13]
  .text              ro code   0x801'0888      0x1e  cmain.o [18]
  .text              ro code   0x801'08a6       0x4  low_level_init.o [16]
  .text              ro code   0x801'08aa       0x4  exit.o [16]
  .text              ro code   0x801'08b0       0xa  cexit.o [18]
  .rodata            const     0x801'08bc      0x1c  ethernetif.o [2]
  .rodata            const     0x801'08d8      0x1c  main.o [2]
  .rodata            const     0x801'08f4      0x1c  main.o [2]
  .rodata            const     0x801'0910      0x1c  main.o [2]
  .rodata            const     0x801'092c      0x1c  main.o [2]
  .rodata            const     0x801'0948      0x1c  tcp.o [13]
  .rodata            const     0x801'0964      0x1c  tcp.o [13]
  .text              ro code   0x801'0980      0x1c  cstartup_M.o [18]
  .rodata            const     0x801'099c      0x18  Flash.o [2]
  .rodata            const     0x801'09b4      0x18  main.o [2]
  .rodata            const     0x801'09cc      0x18  tcp.o [13]
  .rodata            const     0x801'09e4      0x14  udp.o [13]
  .rodata            const     0x801'09f8      0x14  udp.o [13]
  .rodata            const     0x801'0a0c      0x14  udp.o [13]
  .rodata            const     0x801'0a20      0x14  WWDG.o [2]
  .rodata            const     0x801'0a34      0x14  WWDG.o [2]
  .rodata            const     0x801'0a48      0x10  main.o [2]
  .rodata            const     0x801'0a58      0x10  main.o [2]
  .rodata            const     0x801'0a68      0x10  main.o [2]
  .rodata            const     0x801'0a78      0x10  system_stm32f4xx.o [6]
  .rodata            const     0x801'0a88      0x10  tcp.o [13]
  .rodata            const     0x801'0a98      0x10  tcp.o [13]
  .rodata            const     0x801'0aa8      0x10  tcp.o [13]
  .rodata            const     0x801'0ab8      0x10  udp.o [13]
  .rodata            const     0x801'0ac8      0x10  udp.o [13]
  .rodata            const     0x801'0ad8      0x10  udp.o [13]
  .text              ro code   0x801'0ae8      0x10  startup_stm32f407xx.o [1]
  .rodata            const     0x801'0af8       0xc  main.o [2]
  .rodata            const     0x801'0b04       0xc  memp.o [13]
  .rodata            const     0x801'0b10       0xc  memp.o [13]
  .rodata            const     0x801'0b1c       0xc  memp.o [13]
  .rodata            const     0x801'0b28       0xc  memp.o [13]
  .rodata            const     0x801'0b34       0xc  memp.o [13]
  .rodata            const     0x801'0b40       0xc  memp.o [13]
  .rodata            const     0x801'0b4c       0xc  memp.o [13]
  .rodata            const     0x801'0b58       0xc  memp.o [13]
  .rodata            const     0x801'0b64       0xc  memp.o [13]
  .rodata            const     0x801'0b70       0xc  memp.o [13]
  .rodata            const     0x801'0b7c       0xc  tcp.o [13]
  .rodata            const     0x801'0b88       0xc  tcp.o [13]
  .rodata            const     0x801'0b94       0xc  tcp.o [13]
  .rodata            const     0x801'0ba0       0xc  tcp.o [13]
  .rodata            const     0x801'0bac       0xc  tcp.o [13]
  .rodata            const     0x801'0bb8       0xc  tcp.o [13]
  .rodata            const     0x801'0bc4       0xc  tcp.o [13]
  .rodata            const     0x801'0bd0       0xc  tcp.o [13]
  .rodata            const     0x801'0bdc       0xc  tcp.o [13]
  .rodata            const     0x801'0be8       0xc  udp.o [13]
  .rodata            const     0x801'0bf4       0xc  udp.o [13]
  .rodata            const     0x801'0c00       0xc  udp.o [13]
  .rodata            const     0x801'0c0c       0xc  udp.o [13]
  .rodata            const     0x801'0c18       0x8  ethernet.o [15]
  .rodata            const     0x801'0c20       0x8  ethernet.o [15]
  .rodata            const     0x801'0c28       0x8  ethernetif.o [2]
  .rodata            const     0x801'0c30       0x8  main.o [2]
  .rodata            const     0x801'0c38       0x8  main.o [2]
  .rodata            const     0x801'0c40       0x8  main.o [2]
  .rodata            const     0x801'0c48       0x8  main.o [2]
  .rodata            const     0x801'0c50       0x8  main.o [2]
  .rodata            const     0x801'0c58       0x8  system_stm32f4xx.o [6]
  .rodata            const     0x801'0c60       0x8  tcp.o [13]
  .rodata            const     0x801'0c68       0x8  tcp.o [13]
  .rodata            const     0x801'0c70       0x8  tcp.o [13]
  .rodata            const     0x801'0c78       0x8  tcp.o [13]
  .rodata            const     0x801'0c80       0x8  udp.o [13]
  .rodata            const     0x801'0c88       0x8  udp.o [13]
  .rodata            const     0x801'0c90       0x8  udp.o [13]
  .rodata            const     0x801'0c98       0x8  udp.o [13]
  .rodata            const     0x801'0ca0       0x8  udp.o [13]
  .rodata            const     0x801'0ca8       0x8  USRAT.o [2]
  .rodata            const     0x801'0cb0       0x4  ip4_addr.o [14]
  .rodata            const     0x801'0cb4       0x4  ip4_addr.o [14]
  .text              ro code   0x801'0cb8       0x4  startup_stm32f407xx.o [1]
  .text              ro code   0x801'0cbc       0x4  startup_stm32f407xx.o [1]
  .text              ro code   0x801'0cc0       0x4  startup_stm32f407xx.o [1]
  .text              ro code   0x801'0cc4       0x4  startup_stm32f407xx.o [1]
  .text              ro code   0x801'0cc8       0x4  startup_stm32f407xx.o [1]
  .text              ro code   0x801'0ccc       0x4  startup_stm32f407xx.o [1]
  .text              ro code   0x801'0cd0       0x4  startup_stm32f407xx.o [1]
  .text              ro code   0x801'0cd4       0x4  startup_stm32f407xx.o [1]
  .text              ro code   0x801'0cd8       0x4  startup_stm32f407xx.o [1]
  .text              ro code   0x801'0cdc       0x4  startup_stm32f407xx.o [1]
  .text              ro code   0x801'0ce0       0x4  startup_stm32f407xx.o [1]
  .text              ro code   0x801'0ce4       0x4  startup_stm32f407xx.o [1]
  .text              ro code   0x801'0ce8       0x4  startup_stm32f407xx.o [1]
  .text              ro code   0x801'0cec       0x4  startup_stm32f407xx.o [1]
  .text              ro code   0x801'0cf0       0x4  startup_stm32f407xx.o [1]
  .text              ro code   0x801'0cf4       0x4  startup_stm32f407xx.o [1]
  .text              ro code   0x801'0cf8       0x4  startup_stm32f407xx.o [1]
  .text              ro code   0x801'0cfc       0x4  startup_stm32f407xx.o [1]
  .text              ro code   0x801'0d00       0x4  startup_stm32f407xx.o [1]
  .text              ro code   0x801'0d04       0x4  startup_stm32f407xx.o [1]
  .text              ro code   0x801'0d08       0x4  startup_stm32f407xx.o [1]
  .text              ro code   0x801'0d0c       0x4  startup_stm32f407xx.o [1]
  .text              ro code   0x801'0d10       0x4  startup_stm32f407xx.o [1]
  .text              ro code   0x801'0d14       0x4  startup_stm32f407xx.o [1]
  .text              ro code   0x801'0d18       0x4  startup_stm32f407xx.o [1]
  .text              ro code   0x801'0d1c       0x4  startup_stm32f407xx.o [1]
  .text              ro code   0x801'0d20       0x4  startup_stm32f407xx.o [1]
  .text              ro code   0x801'0d24       0x4  startup_stm32f407xx.o [1]
  .text              ro code   0x801'0d28       0x4  startup_stm32f407xx.o [1]
  .text              ro code   0x801'0d2c       0x4  startup_stm32f407xx.o [1]
  .text              ro code   0x801'0d30       0x4  startup_stm32f407xx.o [1]
  .text              ro code   0x801'0d34       0x4  startup_stm32f407xx.o [1]
  .text              ro code   0x801'0d38       0x4  startup_stm32f407xx.o [1]
  .text              ro code   0x801'0d3c       0x4  startup_stm32f407xx.o [1]
  .text              ro code   0x801'0d40       0x4  startup_stm32f407xx.o [1]
  .text              ro code   0x801'0d44       0x4  startup_stm32f407xx.o [1]
  .text              ro code   0x801'0d48       0x4  startup_stm32f407xx.o [1]
  .text              ro code   0x801'0d4c       0x4  startup_stm32f407xx.o [1]
  .text              ro code   0x801'0d50       0x4  startup_stm32f407xx.o [1]
  .text              ro code   0x801'0d54       0x4  startup_stm32f407xx.o [1]
  .text              ro code   0x801'0d58       0x4  startup_stm32f407xx.o [1]
  .text              ro code   0x801'0d5c       0x4  startup_stm32f407xx.o [1]
  .text              ro code   0x801'0d60       0x4  startup_stm32f407xx.o [1]
  .text              ro code   0x801'0d64       0x4  startup_stm32f407xx.o [1]
  .text              ro code   0x801'0d68       0x4  startup_stm32f407xx.o [1]
  .text              ro code   0x801'0d6c       0x4  startup_stm32f407xx.o [1]
  .text              ro code   0x801'0d70       0x4  startup_stm32f407xx.o [1]
  .text              ro code   0x801'0d74       0x4  startup_stm32f407xx.o [1]
  .text              ro code   0x801'0d78       0x4  startup_stm32f407xx.o [1]
  .text              ro code   0x801'0d7c       0x4  startup_stm32f407xx.o [1]
  .text              ro code   0x801'0d80       0x4  startup_stm32f407xx.o [1]
  .text              ro code   0x801'0d84       0x4  startup_stm32f407xx.o [1]
  .text              ro code   0x801'0d88       0x4  startup_stm32f407xx.o [1]
  .text              ro code   0x801'0d8c       0x4  startup_stm32f407xx.o [1]
  .text              ro code   0x801'0d90       0x4  startup_stm32f407xx.o [1]
  .text              ro code   0x801'0d94       0x4  startup_stm32f407xx.o [1]
  .text              ro code   0x801'0d98       0x4  startup_stm32f407xx.o [1]
  .text              ro code   0x801'0d9c       0x4  startup_stm32f407xx.o [1]
  .text              ro code   0x801'0da0       0x4  startup_stm32f407xx.o [1]
  .text              ro code   0x801'0da4       0x4  startup_stm32f407xx.o [1]
  .text              ro code   0x801'0da8       0x4  startup_stm32f407xx.o [1]
  .text              ro code   0x801'0dac       0x4  startup_stm32f407xx.o [1]
  .text              ro code   0x801'0db0       0x4  startup_stm32f407xx.o [1]
  .text              ro code   0x801'0db4       0x4  startup_stm32f407xx.o [1]
  .text              ro code   0x801'0db8       0x4  startup_stm32f407xx.o [1]
  .text              ro code   0x801'0dbc       0x4  startup_stm32f407xx.o [1]
  .rodata            const     0x801'0dc0       0x0  zero_init3.o [18]
  .rodata            const     0x801'0dc0       0x0  packbits_init.o [18]
  Initializer bytes  const     0x801'0dc0      0xcb  <for P4 s0>
                             - 0x801'0e8b  0x1'0d03

"P4", part 1 of 3:                            0x15f
  P4 s0                       0x2000'0000     0x15f  <Init block>
    .data            inited   0x2000'0000      0x64  Flash.o [2]
    .data            inited   0x2000'0064      0x64  spi_flash.o [2]
    .data            inited   0x2000'00c8      0x38  xlocale_c.o [16]
    .data            inited   0x2000'0100      0x34  main.o [2]
    .data            inited   0x2000'0134       0x8  rand.o [16]
    .data            inited   0x2000'013c       0x8  XShttio.o [16]
    .data            inited   0x2000'0144       0x4  dhcp.o [14]
    .data            inited   0x2000'0148       0x4  Flash.o [2]
    .data            inited   0x2000'014c       0x4  spi_flash.o [2]
    .data            inited   0x2000'0150       0x4  system_stm32f4xx.o [6]
    .data            inited   0x2000'0154       0x4  tcp.o [13]
    .data            inited   0x2000'0158       0x2  Flash.o [2]
    .data            inited   0x2000'015a       0x2  udp.o [13]
    .data            inited   0x2000'015c       0x1  app_ethernet.o [2]
    .data            inited   0x2000'015d       0x1  LED.o [2]
    .data            inited   0x2000'015e       0x1  main.o [2]
                            - 0x2000'015f     0x15f

"P4", part 2 of 3:                           0xe0cc
  .bss               zero     0x2000'0160    0x32cc  USRAT.o [2]
  .bss               zero     0x2000'342c    0x2e24  memp.o [13]
  .bss               zero     0x2000'6250    0x2814  mem.o [13]
  .bss               zero     0x2000'8a64    0x17d0  ethernetif.o [2]
  .bss               zero     0x2000'a234    0x17d0  ethernetif.o [2]
  .bss               zero     0x2000'ba04     0x5cc  memp.o [13]
  .bss               zero     0x2000'bfd0     0x400  udp_echoclient.o [2]
  .bss               zero     0x2000'c3d0     0x400  USRAT.o [2]
  .bss               zero     0x2000'c7d0     0x23c  main.o [2]
  .bss               zero     0x2000'ca0c     0x200  main.o [2]
  .bss               zero     0x2000'cc0c     0x16c  memp.o [13]
  .bss               zero     0x2000'cd78     0x100  main.o [2]
  .bss               zero     0x2000'ce78     0x100  USRAT.o [2]
  .bss               zero     0x2000'cf78     0x100  USRAT.o [2]
  .bss               zero     0x2000'd078     0x100  USRAT.o [2]
  .bss               zero     0x2000'd178     0x100  USRAT.o [2]
  .bss               zero     0x2000'd278     0x100  USRAT.o [2]
  .bss               zero     0x2000'd378     0x100  USRAT.o [2]
  .bss               zero     0x2000'd478      0xf0  etharp.o [14]
  .bss               zero     0x2000'd568      0xc4  memp.o [13]
  .bss               zero     0x2000'd62c      0xa4  memp.o [13]
  .bss               zero     0x2000'd6d0      0xa4  memp.o [13]
  .bss               zero     0x2000'd774      0xa4  memp.o [13]
  .bss               zero     0x2000'd818      0x90  memp.o [13]
  .bss               zero     0x2000'd8a8      0x84  memp.o [13]
  .bss               zero     0x2000'd92c      0x84  rand.o [16]
  .bss               zero     0x2000'd9b0      0x80  ethernetif.o [2]
  .bss               zero     0x2000'da30      0x80  ethernetif.o [2]
  .bss               zero     0x2000'dab0      0x74  memp.o [13]
  .bss               zero     0x2000'db24      0x64  spi_flash.o [2]
  .bss               zero     0x2000'db88      0x60  USRAT.o [2]
  .bss               zero     0x2000'dbe8      0x60  USRAT.o [2]
  .bss               zero     0x2000'dc48      0x58  spi_flash.o [2]
  .bss               zero     0x2000'dca0      0x54  I2C.o [2]
  .bss               zero     0x2000'dcf4      0x54  I2C.o [2]
  .bss               zero     0x2000'dd48      0x48  ethernetif.o [2]
  .bss               zero     0x2000'dd90      0x48  main.o [2]
  .bss               zero     0x2000'ddd8      0x48  main.o [2]
  .bss               zero     0x2000'de20      0x40  USRAT.o [2]
  .bss               zero     0x2000'de60      0x40  USRAT.o [2]
  .bss               zero     0x2000'dea0      0x40  USRAT.o [2]
  .bss               zero     0x2000'dee0      0x3c  Timer.o [2]
  .bss               zero     0x2000'df1c      0x3c  Timer.o [2]
  .bss               zero     0x2000'df58      0x38  main.o [2]
  .bss               zero     0x2000'df90      0x28  dhcp.o [14]
  .bss               zero     0x2000'dfb8      0x28  main.o [2]
  .bss               zero     0x2000'dfe0      0x28  USRAT.o [2]
  .bss               zero     0x2000'e008      0x28  USRAT.o [2]
  .bss               zero     0x2000'e030      0x20  main.o [2]
  .bss               zero     0x2000'e050      0x20  stm32f4xx_hal_flash.o [7]
  .bss               zero     0x2000'e070      0x18  ip.o [13]
  .bss               zero     0x2000'e088      0x14  Flash.o [2]
  .bss               zero     0x2000'e09c      0x14  Flash.o [2]
  .bss               zero     0x2000'e0b0      0x14  main.o [2]
  .bss               zero     0x2000'e0c4      0x14  WWDG.o [2]
  .bss               zero     0x2000'e0d8      0x10  ip4_addr.o [14]
  .bss               zero     0x2000'e0e8      0x10  tcp_in.o [13]
  .bss               zero     0x2000'e0f8       0xc  dhcp.o [14]
  .bss               zero     0x2000'e104       0x8  USRAT.o [2]
  .bss               zero     0x2000'e10c       0x8  USRAT.o [2]
  .bss               zero     0x2000'e114       0x4  app_ethernet.o [2]
  .bss               zero     0x2000'e118       0x4  dhcp.o [14]
  .bss               zero     0x2000'e11c       0x4  dhcp.o [14]
  .bss               zero     0x2000'e120       0x4  ethernetif.o [2]
  .bss               zero     0x2000'e124       0x4  Flash.o [2]
  .bss               zero     0x2000'e128       0x4  Flash.o [2]
  .bss               zero     0x2000'e12c       0x4  Flash.o [2]
  .bss               zero     0x2000'e130       0x4  Flash.o [2]
  .bss               zero     0x2000'e134       0x4  Flash.o [2]
  .bss               zero     0x2000'e138       0x4  ip4_frag.o [14]
  .bss               zero     0x2000'e13c       0x4  main.o [2]
  .bss               zero     0x2000'e140       0x4  main.o [2]
  .bss               zero     0x2000'e144       0x4  main.o [2]
  .bss               zero     0x2000'e148       0x4  main.o [2]
  .bss               zero     0x2000'e14c       0x4  main.o [2]
  .bss               zero     0x2000'e150       0x4  main.o [2]
  .bss               zero     0x2000'e154       0x4  main.o [2]
  .bss               zero     0x2000'e158       0x4  main.o [2]
  .bss               zero     0x2000'e15c       0x4  main.o [2]
  .bss               zero     0x2000'e160       0x4  mem.o [13]
  .bss               zero     0x2000'e164       0x4  mem.o [13]
  .bss               zero     0x2000'e168       0x4  mem.o [13]
  .bss               zero     0x2000'e16c       0x4  memp.o [13]
  .bss               zero     0x2000'e170       0x4  memp.o [13]
  .bss               zero     0x2000'e174       0x4  memp.o [13]
  .bss               zero     0x2000'e178       0x4  memp.o [13]
  .bss               zero     0x2000'e17c       0x4  memp.o [13]
  .bss               zero     0x2000'e180       0x4  memp.o [13]
  .bss               zero     0x2000'e184       0x4  memp.o [13]
  .bss               zero     0x2000'e188       0x4  memp.o [13]
  .bss               zero     0x2000'e18c       0x4  memp.o [13]
  .bss               zero     0x2000'e190       0x4  memp.o [13]
  .bss               zero     0x2000'e194       0x4  netif.o [13]
  .bss               zero     0x2000'e198       0x4  netif.o [13]
  .bss               zero     0x2000'e19c       0x4  raw.o [13]
  .bss               zero     0x2000'e1a0       0x4  spi_flash.o [2]
  .bss               zero     0x2000'e1a4       0x4  spi_flash.o [2]
  .bss               zero     0x2000'e1a8       0x4  stm32f4xx_hal.o [7]
  .bss               zero     0x2000'e1ac       0x4  tcp.o [13]
  .bss               zero     0x2000'e1b0       0x4  tcp.o [13]
  .bss               zero     0x2000'e1b4       0x4  tcp.o [13]
  .bss               zero     0x2000'e1b8       0x4  tcp.o [13]
  .bss               zero     0x2000'e1bc       0x4  tcp.o [13]
  .bss               zero     0x2000'e1c0       0x4  tcp_in.o [13]
  .bss               zero     0x2000'e1c4       0x4  tcp_in.o [13]
  .bss               zero     0x2000'e1c8       0x4  tcp_in.o [13]
  .bss               zero     0x2000'e1cc       0x4  tcp_in.o [13]
  .bss               zero     0x2000'e1d0       0x4  tcp_in.o [13]
  .bss               zero     0x2000'e1d4       0x4  tcp_in.o [13]
  .bss               zero     0x2000'e1d8       0x4  timeouts.o [13]
  .bss               zero     0x2000'e1dc       0x4  timeouts.o [13]
  .bss               zero     0x2000'e1e0       0x4  timeouts.o [13]
  .bss               zero     0x2000'e1e4       0x4  Timer.o [2]
  .bss               zero     0x2000'e1e8       0x4  Timer.o [2]
  .bss               zero     0x2000'e1ec       0x4  Timer.o [2]
  .bss               zero     0x2000'e1f0       0x4  udp.o [13]
  .bss               zero     0x2000'e1f4       0x4  udp_echoclient.o [2]
  .bss               zero     0x2000'e1f8       0x4  udp_echoclient.o [2]
  .bss               zero     0x2000'e1fc       0x4  USRAT.o [2]
  .bss               zero     0x2000'e200       0x4  xfail_s.o [16]
  .bss               zero     0x2000'e204       0x2  ip4.o [14]
  .bss               zero     0x2000'e206       0x2  ip4_frag.o [14]
  .bss               zero     0x2000'e208       0x2  main.o [2]
  .bss               zero     0x2000'e20a       0x2  tcp_in.o [13]
  .bss               zero     0x2000'e20c       0x2  tcp_in.o [13]
  .bss               zero     0x2000'e20e       0x2  tcp_in.o [13]
  .bss               zero     0x2000'e210       0x2  tcp_in.o [13]
  .bss               zero     0x2000'e212       0x2  tcp_in.o [13]
  .bss               zero     0x2000'e214       0x2  udp.o [13]
  .bss               zero     0x2000'e216       0x1  dhcp.o [14]
  .bss               zero     0x2000'e217       0x1  etharp.o [14]
  .bss               zero     0x2000'e218       0x1  LED.o [2]
  .bss               zero     0x2000'e219       0x1  main.o [2]
  .bss               zero     0x2000'e21a       0x1  main.o [2]
  .bss               zero     0x2000'e21b       0x1  main.o [2]
  .bss               zero     0x2000'e21c       0x1  main.o [2]
  .bss               zero     0x2000'e21d       0x1  main.o [2]
  .bss               zero     0x2000'e21e       0x1  main.o [2]
  .bss               zero     0x2000'e21f       0x1  main.o [2]
  .bss               zero     0x2000'e220       0x1  main.o [2]
  .bss               zero     0x2000'e221       0x1  main.o [2]
  .bss               zero     0x2000'e222       0x1  main.o [2]
  .bss               zero     0x2000'e223       0x1  netif.o [13]
  .bss               zero     0x2000'e224       0x1  tcp.o [13]
  .bss               zero     0x2000'e225       0x1  tcp.o [13]
  .bss               zero     0x2000'e226       0x1  tcp.o [13]
  .bss               zero     0x2000'e227       0x1  tcp_in.o [13]
  .bss               zero     0x2000'e228       0x1  tcp_in.o [13]
  .bss               zero     0x2000'e229       0x1  udp_echoclient.o [2]
  .bss               zero     0x2000'e22a       0x1  udp_echoclient.o [2]
                            - 0x2000'e22b    0xe0cb

"P4", part 3 of 3:                           0x2000
  CSTACK                      0x2000'e230    0x2000  <Block>
    CSTACK           uninit   0x2000'e230    0x2000  <Block tail>
                            - 0x2001'0230    0x2000

Unused ranges:

         From           To      Size
         ----           --      ----
   0x801'0e8b   0x80f'ffff  0xe'f175
  0x2000'015f  0x2000'015f       0x1
  0x2000'e22c  0x2000'e22f       0x4
  0x2001'0230  0x2001'bfff    0xbdd0
  0x2001'c000  0x2001'ffff    0x4000


*******************************************************************************
*** INIT TABLE
***

          Address      Size
          -------      ----
Zero (__iar_zero_init3)
    1 destination range, total size 0xe0cb:
          0x2000'0160  0xe0cb

Copy/packbits (__iar_packbits_init3)
    1 source range, total size 0xcb (57% of destination):
           0x801'0dc0    0xcb
    1 destination range, total size 0x15f:
          0x2000'0000   0x15f



*******************************************************************************
*** MODULE SUMMARY
***

    Module                    ro code  ro data  rw data
    ------                    -------  -------  -------
command line/config:
    ---------------------------------------------------
    Total:

C:\D\SW2_Team\emu_208_ledc\File\EWARM\STM324xG_EVAL\Obj\Application\EWARM: [1]
    startup_stm32f407xx.o         672
    ---------------------------------------------------
    Total:                        672

C:\D\SW2_Team\emu_208_ledc\File\EWARM\STM324xG_EVAL\Obj\Application\User: [2]
    AmpGpio.o                     108
    Flash.o                       660       86      166
    I2C.o                          68               168
    LED.o                       1'204      769        2
    Timer.o                       268               132
    USRAT.o                     1'644        8   16'048
    WWDG.o                        182       40       20
    app_ethernet.o                504      348        5
    ethernetif.o                1'664       72   12'524
    main.o                      2'298      687    1'733
    spi_flash.o                 1'720      124      300
    stm32f4xx_hal_msp.o           164
    stm32f4xx_it.o                124
    udp_echoclient.o              272       72    1'034
    ---------------------------------------------------
    Total:                     10'880    2'206   32'132

C:\D\SW2_Team\emu_208_ledc\File\EWARM\STM324xG_EVAL\Obj\Application\Utilities\Fonts: [3]
    ---------------------------------------------------
    Total:

C:\D\SW2_Team\emu_208_ledc\File\EWARM\STM324xG_EVAL\Obj\Drivers\BSP\Components: [4]
    ---------------------------------------------------
    Total:

C:\D\SW2_Team\emu_208_ledc\File\EWARM\STM324xG_EVAL\Obj\Drivers\BSP\STM324xG_EVAL: [5]
    ---------------------------------------------------
    Total:

C:\D\SW2_Team\emu_208_ledc\File\EWARM\STM324xG_EVAL\Obj\Drivers\CMSIS: [6]
    system_stm32f4xx.o             96       26        4
    ---------------------------------------------------
    Total:                         96       26        4

C:\D\SW2_Team\emu_208_ledc\File\EWARM\STM324xG_EVAL\Obj\Drivers\STM32F4xx_HAL_Driver: [7]
    stm32f4xx_hal.o               156                 4
    stm32f4xx_hal_cortex.o        432
    stm32f4xx_hal_dma.o           576
    stm32f4xx_hal_eth.o         3'140
    stm32f4xx_hal_flash.o         504                32
    stm32f4xx_hal_flash_ex.o      404
    stm32f4xx_hal_gpio.o          656
    stm32f4xx_hal_i2c.o         5'078
    stm32f4xx_hal_rcc.o         1'440
    stm32f4xx_hal_rtc.o           872
    stm32f4xx_hal_rtc_ex.o          2
    stm32f4xx_hal_spi.o         1'092
    stm32f4xx_hal_tim.o           740
    stm32f4xx_hal_tim_ex.o          4
    stm32f4xx_hal_uart.o        1'748
    stm32f4xx_hal_wwdg.o           94
    ---------------------------------------------------
    Total:                     16'938                36

C:\D\SW2_Team\emu_208_ledc\File\EWARM\STM324xG_EVAL\Obj\Drivers\display\Config: [8]
    ---------------------------------------------------
    Total:

C:\D\SW2_Team\emu_208_ledc\File\EWARM\STM324xG_EVAL\Obj\Drivers\display\Example: [9]
    ---------------------------------------------------
    Total:

C:\D\SW2_Team\emu_208_ledc\File\EWARM\STM324xG_EVAL\Obj\Drivers\display\GUI: [10]
    ---------------------------------------------------
    Total:

C:\D\SW2_Team\emu_208_ledc\File\EWARM\STM324xG_EVAL\Obj\Drivers\display\OLED: [11]
    ---------------------------------------------------
    Total:

C:\D\SW2_Team\emu_208_ledc\File\EWARM\STM324xG_EVAL\Obj\Middlewares\LwIP\Api: [12]
    ---------------------------------------------------
    Total:

C:\D\SW2_Team\emu_208_ledc\File\EWARM\STM324xG_EVAL\Obj\Middlewares\LwIP\Core: [13]
    def.o                          44
    inet_chksum.o                 202
    init.o                         28
    ip.o                                             24
    mem.o                         816            10'272
    memp.o                        188      160   14'780
    netif.o                       546                 9
    pbuf.o                      1'714
    raw.o                         276                 4
    tcp.o                       3'386    1'250       27
    tcp_in.o                    4'936                52
    tcp_out.o                   2'316
    timeouts.o                    488       40       12
    udp.o                       2'316      233        8
    ---------------------------------------------------
    Total:                     17'256    1'683   25'188

C:\D\SW2_Team\emu_208_ledc\File\EWARM\STM324xG_EVAL\Obj\Middlewares\LwIP\Core\IPv4: [14]
    dhcp.o                      4'754        2       65
    etharp.o                    2'476               241
    icmp.o                        646
    ip4.o                       1'000                 2
    ip4_addr.o                    272        8       16
    ip4_frag.o                  1'888                 6
    ---------------------------------------------------
    Total:                     11'036       10      330

C:\D\SW2_Team\emu_208_ledc\File\EWARM\STM324xG_EVAL\Obj\Middlewares\LwIP\Netif: [15]
    ethernet.o                    326       16
    ---------------------------------------------------
    Total:                        326       16

dl7M_tlf.a: [16]
    XShttio.o                       8        5        8
    abort.o                         6
    exit.o                          4
    low_level_init.o                4
    rand.o                        156        4      140
    sprintf.o                      64
    strncmp.o                      42
    vsprintf.o                     52
    xfail_s.o                      64                 4
    xlocale_c.o                     8       36       56
    xprintffull_nomb.o          3'754
    xsprout.o                      10
    ---------------------------------------------------
    Total:                      4'172       45      208

m7M_tls.a: [17]
    DblAddSub.o                   590
    DblCmpGe.o                     52
    DblCmpLe.o                     52
    DblDiv.o                      582
    DblMul.o                      426
    DblToS32.o                     54
    DblToU32.o                     34
    S32ToDbl.o                     34
    U32ToDbl.o                     28
    fpinit_M.o                     34
    frexp.o                       112
    ldexp.o                       314
    ---------------------------------------------------
    Total:                      2'312

rt7M_tl.a: [18]
    ABImemcpy.o                   166
    ABImemset.o                   102
    I64DivMod.o                   560
    I64DivZer.o                     2
    cexit.o                        10
    cmain.o                        30
    cstartup_M.o                   28
    data_init.o                    40
    memchr.o                       88
    memcmp.o                      104
    packbits_init.o               162
    strchr.o                       22
    strlen.o                       54
    zero_init3.o                   56
    ---------------------------------------------------
    Total:                      1'424

shb_l.a: [19]
    exit.o                         20
    iarttio.o                      44
    ---------------------------------------------------
    Total:                         64

    Gaps                           49        4
    Linker created                          44    8'192
-------------------------------------------------------
    Grand Total:               65'225    4'034   66'090


*******************************************************************************
*** ENTRY LIST
***

Entry                       Address    Size  Type      Object
-----                       -------    ----  ----      ------
.iar.init_table$$Base    0x801'079c           --   Gb  - Linker created -
.iar.init_table$$Limit   0x801'07c8           --   Gb  - Linker created -
?main                    0x801'0889          Code  Gb  cmain.o [18]
ADC_IRQHandler           0x801'0cf9          Code  Wk  startup_stm32f407xx.o [1]
AHBPrescTable            0x801'0a78    0x10  Data  Gb  system_stm32f4xx.o [6]
APBPrescTable            0x801'0c58     0x8  Data  Gb  system_stm32f4xx.o [6]
AdcHandle1              0x2000'dd90    0x48  Data  Gb  main.o [2]
AdcHandle3              0x2000'ddd8    0x48  Data  Gb  main.o [2]
BCD_BIN                  0x800'4f73    0x40  Code  Gb  USRAT.o [2]
BIN_BCD                  0x800'4fb3    0x54  Code  Gb  USRAT.o [2]
BSP_Config               0x800'9233   0x11e  Code  Lc  main.o [2]
BootFlashReadAddress    0x2000'e134     0x4  Data  Gb  Flash.o [2]
BusFault_Handler         0x800'feff     0x2  Code  Gb  stm32f4xx_it.o [2]
CAN1_RX0_IRQHandler      0x801'0d01          Code  Wk  startup_stm32f407xx.o [1]
CAN1_RX1_IRQHandler      0x801'0d05          Code  Wk  startup_stm32f407xx.o [1]
CAN1_SCE_IRQHandler      0x801'0d09          Code  Wk  startup_stm32f407xx.o [1]
CAN1_TX_IRQHandler       0x801'0cfd          Code  Wk  startup_stm32f407xx.o [1]
CAN2_RX0_IRQHandler      0x801'0d7d          Code  Wk  startup_stm32f407xx.o [1]
CAN2_RX1_IRQHandler      0x801'0d81          Code  Wk  startup_stm32f407xx.o [1]
CAN2_SCE_IRQHandler      0x801'0d85          Code  Wk  startup_stm32f407xx.o [1]
CAN2_TX_IRQHandler       0x801'0d79          Code  Wk  startup_stm32f407xx.o [1]
CSTACK$$Base            0x2000'e230           --   Gb  - Linker created -
CSTACK$$Limit           0x2001'0230           --   Gb  - Linker created -
ConvAsc2Hex              0x800'5007    0x54  Code  Gb  USRAT.o [2]
DCMI_IRQHandler          0x801'0db5          Code  Wk  startup_stm32f407xx.o [1]
DHCP_Periodic_Handle     0x800'90bf    0x22  Code  Gb  app_ethernet.o [2]
DHCP_Process             0x800'8f99   0x126  Code  Gb  app_ethernet.o [2]
DHCP_state              0x2000'015c     0x1  Data  Gb  app_ethernet.o [2]
DHCPfineTimer           0x2000'e114     0x4  Data  Gb  app_ethernet.o [2]
DMA1_Stream0_IRQHandler
                         0x801'0ce5          Code  Wk  startup_stm32f407xx.o [1]
DMA1_Stream1_IRQHandler
                         0x801'0ce9          Code  Wk  startup_stm32f407xx.o [1]
DMA1_Stream2_IRQHandler
                         0x800'4e5d     0xc  Code  Gb  USRAT.o [2]
DMA1_Stream3_IRQHandler
                         0x801'0ced          Code  Wk  startup_stm32f407xx.o [1]
DMA1_Stream4_IRQHandler
                         0x800'4e69     0xc  Code  Gb  USRAT.o [2]
DMA1_Stream5_IRQHandler
                         0x801'0cf1          Code  Wk  startup_stm32f407xx.o [1]
DMA1_Stream6_IRQHandler
                         0x801'0cf5          Code  Wk  startup_stm32f407xx.o [1]
DMA1_Stream7_IRQHandler
                         0x801'0d49          Code  Wk  startup_stm32f407xx.o [1]
DMA2_Stream0_IRQHandler
                         0x800'ff49     0xc  Code  Gb  stm32f4xx_it.o [2]
DMA2_Stream1_IRQHandler
                         0x801'0d65          Code  Wk  startup_stm32f407xx.o [1]
DMA2_Stream2_IRQHandler
                         0x801'0d69          Code  Wk  startup_stm32f407xx.o [1]
DMA2_Stream3_IRQHandler
                         0x801'0d6d          Code  Wk  startup_stm32f407xx.o [1]
DMA2_Stream4_IRQHandler
                         0x800'ff55     0xc  Code  Gb  stm32f4xx_it.o [2]
DMA2_Stream5_IRQHandler
                         0x801'0d8d          Code  Wk  startup_stm32f407xx.o [1]
DMA2_Stream6_IRQHandler
                         0x801'0d91          Code  Wk  startup_stm32f407xx.o [1]
DMA2_Stream7_IRQHandler
                         0x801'0d95          Code  Wk  startup_stm32f407xx.o [1]
DMARxDscrTab            0x2000'd9b0    0x80  Data  Gb  ethernetif.o [2]
DMATxDscrTab            0x2000'da30    0x80  Data  Gb  ethernetif.o [2]
DP_RING_BUF_POP          0x800'5183    0x5a  Code  Gb  USRAT.o [2]
DP_RING_BUF_PUSH         0x800'50bd    0xc6  Code  Gb  USRAT.o [2]
DebugMon_Handler         0x800'ff03     0x2  Code  Gb  stm32f4xx_it.o [2]
ETH_DMAReceptionDisable
                         0x800'8c73    0x12  Code  Lc  stm32f4xx_hal_eth.o [7]
ETH_DMAReceptionEnable   0x800'8c61    0x12  Code  Lc  stm32f4xx_hal_eth.o [7]
ETH_DMATransmissionDisable
                         0x800'8c4f    0x12  Code  Lc  stm32f4xx_hal_eth.o [7]
ETH_DMATransmissionEnable
                         0x800'8c3d    0x12  Code  Lc  stm32f4xx_hal_eth.o [7]
ETH_Delay                0x800'8cb1    0x26  Code  Lc  stm32f4xx_hal_eth.o [7]
ETH_FlushTransmitFIFO    0x800'8c85    0x2c  Code  Lc  stm32f4xx_hal_eth.o [7]
ETH_IRQHandler           0x801'0d71          Code  Wk  startup_stm32f407xx.o [1]
ETH_MACAddressConfig     0x800'8b63    0x2e  Code  Lc  stm32f4xx_hal_eth.o [7]
ETH_MACDMAConfig         0x800'891f   0x244  Code  Lc  stm32f4xx_hal_eth.o [7]
ETH_MACReceptionDisable
                         0x800'8c15    0x28  Code  Lc  stm32f4xx_hal_eth.o [7]
ETH_MACReceptionEnable   0x800'8bed    0x28  Code  Lc  stm32f4xx_hal_eth.o [7]
ETH_MACTransmissionDisable
                         0x800'8bc5    0x28  Code  Lc  stm32f4xx_hal_eth.o [7]
ETH_MACTransmissionEnable
                         0x800'8b9d    0x28  Code  Lc  stm32f4xx_hal_eth.o [7]
ETH_WKUP_IRQHandler      0x801'0d75          Code  Wk  startup_stm32f407xx.o [1]
EXTI0_IRQHandler         0x800'ff17     0xa  Code  Gb  stm32f4xx_it.o [2]
EXTI15_10_IRQHandler     0x801'0d31          Code  Wk  startup_stm32f407xx.o [1]
EXTI1_IRQHandler         0x801'0cd5          Code  Wk  startup_stm32f407xx.o [1]
EXTI2_IRQHandler         0x801'0cd9          Code  Wk  startup_stm32f407xx.o [1]
EXTI3_IRQHandler         0x801'0cdd          Code  Wk  startup_stm32f407xx.o [1]
EXTI4_IRQHandler         0x801'0ce1          Code  Wk  startup_stm32f407xx.o [1]
EXTI9_5_IRQHandler       0x801'0d0d          Code  Wk  startup_stm32f407xx.o [1]
EraseInitStruct         0x2000'e088    0x14  Data  Lc  Flash.o [2]
Error_Handler            0x800'9a15     0x2  Code  Gb  main.o [2]
EthHandle               0x2000'dd48    0x48  Data  Gb  ethernetif.o [2]
FLASH_Erase_Sector       0x800'efbd    0x64  Code  Gb  stm32f4xx_hal_flash_ex.o [7]
FLASH_FlushCaches        0x800'f021    0x50  Code  Gb  stm32f4xx_hal_flash_ex.o [7]
FLASH_IRQHandler         0x801'0ccd          Code  Wk  startup_stm32f407xx.o [1]
FLASH_MassErase          0x800'ef95    0x28  Code  Lc  stm32f4xx_hal_flash_ex.o [7]
FLASH_Program_Byte       0x800'ee53    0x1a  Code  Lc  stm32f4xx_hal_flash.o [7]
FLASH_Program_DoubleWord
                         0x800'edf1    0x26  Code  Lc  stm32f4xx_hal_flash.o [7]
FLASH_Program_HalfWord   0x800'ee35    0x1e  Code  Lc  stm32f4xx_hal_flash.o [7]
FLASH_Program_Word       0x800'ee17    0x1e  Code  Lc  stm32f4xx_hal_flash.o [7]
FLASH_Read_Len           0x800'abb5    0x30  Code  Gb  Flash.o [2]
FLASH_SetErrorCode       0x800'ee6d    0x68  Code  Lc  stm32f4xx_hal_flash.o [7]
FLASH_WaitForLastOperation
                         0x800'eda1    0x50  Code  Gb  stm32f4xx_hal_flash.o [7]
FPU_IRQHandler           0x801'0dbd          Code  Wk  startup_stm32f407xx.o [1]
FSMC_IRQHandler          0x801'0d4d          Code  Wk  startup_stm32f407xx.o [1]
FirstSector             0x2000'e124     0x4  Data  Gb  Flash.o [2]
Flag                    0x2000'e229     0x1  Data  Gb  udp_echoclient.o [2]
FlashAddressPosion      0x2000'e12c     0x4  Data  Gb  Flash.o [2]
Flash_Errase             0x800'abe5    0x14  Code  Gb  Flash.o [2]
Flash_Error_Handler      0x800'ad27     0x2  Code  Lc  Flash.o [2]
Flash_Init               0x800'aa95    0x3e  Code  Gb  Flash.o [2]
Flash_Main               0x800'aad3    0x3c  Code  Gb  Flash.o [2]
Flash_TIM                0x800'ab0f    0x18  Code  Gb  Flash.o [2]
Flash_Write              0x800'ab27    0x8e  Code  Gb  Flash.o [2]
GetSector                0x800'abf9    0xa4  Code  Lc  Flash.o [2]
GetSectorSize            0x800'acfd    0x2a  Code  Lc  Flash.o [2]
HAL_DMA_Abort_IT         0x800'1571    0x28  Code  Gb  stm32f4xx_hal_dma.o [7]
HAL_DMA_IRQHandler       0x800'1599   0x20c  Code  Gb  stm32f4xx_hal_dma.o [7]
HAL_Delay                0x800'809f    0x1e  Code  Wk  stm32f4xx_hal.o [7]
HAL_ETH_ConfigMAC        0x800'87c5   0x15a  Code  Gb  stm32f4xx_hal_eth.o [7]
HAL_ETH_DMARxDescListInit
                         0x800'83a5    0x82  Code  Gb  stm32f4xx_hal_eth.o [7]
HAL_ETH_DMATxDescListInit
                         0x800'8329    0x7c  Code  Gb  stm32f4xx_hal_eth.o [7]
HAL_ETH_GetReceivedFrame
                         0x800'855d    0xa0  Code  Gb  stm32f4xx_hal_eth.o [7]
HAL_ETH_Init             0x800'80bd   0x26c  Code  Gb  stm32f4xx_hal_eth.o [7]
HAL_ETH_MspInit          0x800'5a6d   0x122  Code  Gb  ethernetif.o [2]
HAL_ETH_ReadPHYRegister
                         0x800'85fd    0x9a  Code  Gb  stm32f4xx_hal_eth.o [7]
HAL_ETH_Start            0x800'8731    0x4a  Code  Gb  stm32f4xx_hal_eth.o [7]
HAL_ETH_Stop             0x800'877b    0x4a  Code  Gb  stm32f4xx_hal_eth.o [7]
HAL_ETH_TransmitFrame    0x800'8427   0x136  Code  Gb  stm32f4xx_hal_eth.o [7]
HAL_ETH_WritePHYRegister
                         0x800'8697    0x9a  Code  Gb  stm32f4xx_hal_eth.o [7]
HAL_FLASHEx_Erase        0x800'eeed    0xa8  Code  Gb  stm32f4xx_hal_flash_ex.o [7]
HAL_FLASH_Program        0x800'ecf5    0x92  Code  Gb  stm32f4xx_hal_flash.o [7]
HAL_FLASH_Unlock         0x800'ed87    0x1a  Code  Gb  stm32f4xx_hal_flash.o [7]
HAL_GPIO_EXTI_Callback   0x800'93cf    0x16  Code  Gb  main.o [2]
HAL_GPIO_EXTI_IRQHandler
                         0x800'6321    0x20  Code  Gb  stm32f4xx_hal_gpio.o [7]
HAL_GPIO_Init            0x800'60ed   0x1f8  Code  Gb  stm32f4xx_hal_gpio.o [7]
HAL_GPIO_ReadPin         0x800'62e5    0x16  Code  Gb  stm32f4xx_hal_gpio.o [7]
HAL_GPIO_TogglePin       0x800'6315     0xc  Code  Gb  stm32f4xx_hal_gpio.o [7]
HAL_GPIO_WritePin        0x800'62fb    0x1a  Code  Gb  stm32f4xx_hal_gpio.o [7]
HAL_GetREVID             0x800'ca9d     0x8  Code  Gb  stm32f4xx_hal.o [7]
HAL_GetTick              0x800'1555     0xc  Code  Wk  stm32f4xx_hal.o [7]
HAL_I2C_AbortCpltCallback
                         0x800'17b1     0x2  Code  Wk  stm32f4xx_hal_i2c.o [7]
HAL_I2C_AddrCallback     0x800'156d     0x2  Code  Wk  stm32f4xx_hal_i2c.o [7]
HAL_I2C_ER_IRQHandler    0x800'0601    0xea  Code  Gb  stm32f4xx_hal_i2c.o [7]
HAL_I2C_EV_IRQHandler    0x800'04b1   0x150  Code  Gb  stm32f4xx_hal_i2c.o [7]
HAL_I2C_ErrorCallback    0x800'17b3     0x2  Code  Wk  stm32f4xx_hal_i2c.o [7]
HAL_I2C_ListenCpltCallback
                         0x800'156f     0x2  Code  Wk  stm32f4xx_hal_i2c.o [7]
HAL_I2C_MasterRxCpltCallback
                         0x800'1567     0x2  Code  Wk  stm32f4xx_hal_i2c.o [7]
HAL_I2C_MasterTxCpltCallback
                         0x800'1561     0x2  Code  Wk  stm32f4xx_hal_i2c.o [7]
HAL_I2C_MemRxCpltCallback
                         0x800'1565     0x2  Code  Wk  stm32f4xx_hal_i2c.o [7]
HAL_I2C_MemTxCpltCallback
                         0x800'1563     0x2  Code  Wk  stm32f4xx_hal_i2c.o [7]
HAL_I2C_Mem_Read         0x800'0189   0x31e  Code  Gb  stm32f4xx_hal_i2c.o [7]
HAL_I2C_SlaveRxCpltCallback
                         0x800'156b     0x2  Code  Wk  stm32f4xx_hal_i2c.o [7]
HAL_I2C_SlaveTxCpltCallback
                         0x800'1569     0x2  Code  Wk  stm32f4xx_hal_i2c.o [7]
HAL_IncTick              0x800'ff75    0x10  Code  Wk  stm32f4xx_hal.o [7]
HAL_Init                 0x800'ca75    0x28  Code  Gb  stm32f4xx_hal.o [7]
HAL_InitTick             0x800'e0f1    0x28  Code  Wk  stm32f4xx_hal.o [7]
HAL_MspInit              0x800'f265     0x2  Code  Wk  stm32f4xx_hal.o [7]
HAL_NVIC_ClearPendingIRQ
                         0x800'64f7     0xe  Code  Gb  stm32f4xx_hal_cortex.o [7]
HAL_NVIC_EnableIRQ       0x800'64d5     0xe  Code  Gb  stm32f4xx_hal_cortex.o [7]
HAL_NVIC_SetPriority     0x800'64ab    0x2a  Code  Gb  stm32f4xx_hal_cortex.o [7]
HAL_NVIC_SetPriorityGrouping
                         0x800'649f     0xc  Code  Gb  stm32f4xx_hal_cortex.o [7]
HAL_NVIC_SystemReset     0x800'64e3     0x8  Code  Gb  stm32f4xx_hal_cortex.o [7]
HAL_RCC_ClockConfig      0x800'9a19   0x180  Code  Gb  stm32f4xx_hal_rcc.o [7]
HAL_RCC_GetHCLKFreq      0x800'9b99     0x6  Code  Gb  stm32f4xx_hal_rcc.o [7]
HAL_RCC_GetPCLK1Freq     0x800'9b9f    0x18  Code  Gb  stm32f4xx_hal_rcc.o [7]
HAL_RCC_GetPCLK2Freq     0x800'9bb7    0x18  Code  Gb  stm32f4xx_hal_rcc.o [7]
HAL_RCC_GetSysClockFreq
                         0x800'd785    0x84  Code  Wk  stm32f4xx_hal_rcc.o [7]
HAL_RCC_OscConfig        0x800'd8c1   0x34c  Code  Wk  stm32f4xx_hal_rcc.o [7]
HAL_RTCEx_AlarmBEventCallback
                         0x800'f9e7     0x2  Code  Wk  stm32f4xx_hal_rtc_ex.o [7]
HAL_RTC_AlarmAEventCallback
                         0x800'98e5    0x1e  Code  Gb  main.o [2]
HAL_RTC_AlarmIRQHandler
                         0x800'e04b    0x5e  Code  Gb  stm32f4xx_hal_rtc.o [7]
HAL_RTC_GetDate          0x800'ddf1    0x54  Code  Gb  stm32f4xx_hal_rtc.o [7]
HAL_RTC_GetTime          0x800'dd89    0x68  Code  Gb  stm32f4xx_hal_rtc.o [7]
HAL_RTC_SetAlarm_IT      0x800'de45   0x206  Code  Gb  stm32f4xx_hal_rtc.o [7]
HAL_SPI_Init             0x800'f545    0x9e  Code  Gb  stm32f4xx_hal_spi.o [7]
HAL_SPI_MspInit          0x800'd14b    0x6a  Code  Gb  spi_flash.o [2]
HAL_SPI_TransmitReceive
                         0x800'f5e3   0x2da  Code  Gb  stm32f4xx_hal_spi.o [7]
HAL_SYSTICK_Config       0x800'64eb     0xc  Code  Gb  stm32f4xx_hal_cortex.o [7]
HAL_TIMEx_BreakCallback
                         0x800'fb07     0x2  Code  Wk  stm32f4xx_hal_tim_ex.o [7]
HAL_TIMEx_CommutationCallback
                         0x800'fb0b     0x2  Code  Wk  stm32f4xx_hal_tim_ex.o [7]
HAL_TIM_Base_Init        0x800'f269    0x38  Code  Gb  stm32f4xx_hal_tim.o [7]
HAL_TIM_Base_MspInit     0x800'fa5d    0x92  Code  Gb  stm32f4xx_hal_msp.o [2]
HAL_TIM_Base_Start_IT    0x800'f2a1    0x1e  Code  Gb  stm32f4xx_hal_tim.o [7]
HAL_TIM_IC_CaptureCallback
                         0x800'fb01     0x2  Code  Wk  stm32f4xx_hal_tim.o [7]
HAL_TIM_IRQHandler       0x800'f2bf   0x176  Code  Gb  stm32f4xx_hal_tim.o [7]
HAL_TIM_OC_DelayElapsedCallback
                         0x800'fb03     0x2  Code  Wk  stm32f4xx_hal_tim.o [7]
HAL_TIM_PWM_PulseFinishedCallback
                         0x800'fb05     0x2  Code  Wk  stm32f4xx_hal_tim.o [7]
HAL_TIM_PeriodElapsedCallback
                         0x800'cffd    0x64  Code  Gb  Timer.o [2]
HAL_TIM_TriggerCallback
                         0x800'fb09     0x2  Code  Wk  stm32f4xx_hal_tim.o [7]
HAL_UART_ErrorCallback   0x800'4eb5     0x2  Code  Gb  USRAT.o [2]
HAL_UART_IRQHandler      0x800'6663   0x13a  Code  Gb  stm32f4xx_hal_uart.o [7]
HAL_UART_Init            0x800'652d    0x76  Code  Gb  stm32f4xx_hal_uart.o [7]
HAL_UART_MspInit         0x800'4bd9    0xe8  Code  Gb  USRAT.o [2]
HAL_UART_Receive_IT      0x800'65fd    0x66  Code  Gb  stm32f4xx_hal_uart.o [7]
HAL_UART_RxCpltCallback
                         0x800'4e77    0x3e  Code  Gb  USRAT.o [2]
HAL_UART_Transmit_IT     0x800'65a3    0x5a  Code  Gb  stm32f4xx_hal_uart.o [7]
HAL_UART_TxCpltCallback
                         0x800'4e75     0x2  Code  Gb  USRAT.o [2]
HAL_WWDG_EarlyWakeupCallback
                         0x800'd88f    0x14  Code  Gb  WWDG.o [2]
HAL_WWDG_IRQHandler      0x800'f9c3    0x24  Code  Gb  stm32f4xx_hal_wwdg.o [7]
HAL_WWDG_Init            0x800'f989    0x2e  Code  Gb  stm32f4xx_hal_wwdg.o [7]
HAL_WWDG_MspInit         0x800'd809    0x36  Code  Gb  WWDG.o [2]
HAL_WWDG_Refresh         0x800'f9b7     0xc  Code  Gb  stm32f4xx_hal_wwdg.o [7]
HASH_RNG_IRQHandler      0x801'0db9          Code  Wk  startup_stm32f407xx.o [1]
HardFault_Handler        0x800'fefb     0x2  Code  Gb  stm32f4xx_it.o [2]
I2C1_ER_IRQHandler       0x800'ff35     0xa  Code  Gb  stm32f4xx_it.o [2]
I2C1_EV_IRQHandler       0x800'ff21     0xa  Code  Gb  stm32f4xx_it.o [2]
I2C2_ER_IRQHandler       0x800'ff3f     0xa  Code  Gb  stm32f4xx_it.o [2]
I2C2_EV_IRQHandler       0x800'ff2b     0xa  Code  Gb  stm32f4xx_it.o [2]
I2C3_ER_IRQHandler       0x801'0da1          Code  Wk  startup_stm32f407xx.o [1]
I2C3_EV_IRQHandler       0x801'0d9d          Code  Wk  startup_stm32f407xx.o [1]
I2C_DMAAbort             0x800'12cd    0x6e  Code  Lc  stm32f4xx_hal_i2c.o [7]
I2C_HAL_ReadBytes        0x800'd089    0x44  Code  Gb  I2C.o [2]
I2C_ITError              0x800'0fdf   0x156  Code  Lc  stm32f4xx_hal_i2c.o [7]
I2C_IsAcknowledgeFailed
                         0x800'151d    0x2e  Code  Lc  stm32f4xx_hal_i2c.o [7]
I2C_MasterReceive_BTF    0x800'09a3    0xf2  Code  Lc  stm32f4xx_hal_i2c.o [7]
I2C_MasterReceive_RXNE   0x800'08e1    0xc2  Code  Lc  stm32f4xx_hal_i2c.o [7]
I2C_MasterTransmit_BTF   0x800'0839    0xa4  Code  Lc  stm32f4xx_hal_i2c.o [7]
I2C_MasterTransmit_TXE   0x800'06eb   0x14e  Code  Lc  stm32f4xx_hal_i2c.o [7]
I2C_Master_ADD10         0x800'0b23     0xe  Code  Lc  stm32f4xx_hal_i2c.o [7]
I2C_Master_ADDR          0x800'0b31   0x204  Code  Lc  stm32f4xx_hal_i2c.o [7]
I2C_Master_SB            0x800'0a95    0x8e  Code  Lc  stm32f4xx_hal_i2c.o [7]
I2C_RequestMemoryRead    0x800'1151   0x174  Code  Lc  stm32f4xx_hal_i2c.o [7]
I2C_SlaveReceive_BTF     0x800'0deb    0x1e  Code  Lc  stm32f4xx_hal_i2c.o [7]
I2C_SlaveReceive_RXNE    0x800'0da1    0x4a  Code  Lc  stm32f4xx_hal_i2c.o [7]
I2C_SlaveTransmit_BTF    0x800'0d83    0x1e  Code  Lc  stm32f4xx_hal_i2c.o [7]
I2C_SlaveTransmit_TXE    0x800'0d39    0x4a  Code  Lc  stm32f4xx_hal_i2c.o [7]
I2C_Slave_ADDR           0x800'0e09    0x34  Code  Lc  stm32f4xx_hal_i2c.o [7]
I2C_Slave_AF             0x800'0f3d    0xa2  Code  Lc  stm32f4xx_hal_i2c.o [7]
I2C_Slave_STOPF          0x800'0e3d   0x100  Code  Lc  stm32f4xx_hal_i2c.o [7]
I2C_WaitOnFlagUntilTimeout
                         0x800'133b    0x8c  Code  Lc  stm32f4xx_hal_i2c.o [7]
I2C_WaitOnMasterAddressFlagUntilTimeout
                         0x800'13c7    0xa2  Code  Lc  stm32f4xx_hal_i2c.o [7]
I2C_WaitOnRXNEFlagUntilTimeout
                         0x800'14bb    0x62  Code  Lc  stm32f4xx_hal_i2c.o [7]
I2C_WaitOnTXEFlagUntilTimeout
                         0x800'1469    0x52  Code  Lc  stm32f4xx_hal_i2c.o [7]
IP_ADDR1_INPUT_DATA     0x2000'e219     0x1  Data  Gb  main.o [2]
IP_ADDR2_INPUT_DATA     0x2000'e21a     0x1  Data  Gb  main.o [2]
IP_ADDR_VAL_DATA        0x2000'e144     0x4  Data  Gb  main.o [2]
LED_GPIO_Init            0x800'cac9   0x186  Code  Gb  LED.o [2]
LED_SCREEN_PRINT         0x800'cc4f   0x306  Code  Gb  LED.o [2]
MemManage_Handler        0x800'fefd     0x2  Code  Gb  stm32f4xx_it.o [2]
MyPrintf_USART1          0x800'4f3d    0x36  Code  Gb  USRAT.o [2]
MyPrintf_USART1::szBuf  0x2000'c3d0   0x400  Data  Lc  USRAT.o [2]
NMI_Handler              0x800'fef9     0x2  Code  Gb  stm32f4xx_it.o [2]
NVIC_EncodePriority      0x800'6415    0x40  Code  Lc  stm32f4xx_hal_cortex.o [7]
NbOfSectors             0x2000'e128     0x4  Data  Gb  Flash.o [2]
Netif_Config             0x800'9351    0x7e  Code  Lc  main.o [2]
ONTD                     0x800'9495    0x4a  Code  Gb  main.o [2]
OTG_FS_IRQHandler        0x801'0d89          Code  Wk  startup_stm32f407xx.o [1]
OTG_FS_WKUP_IRQHandler   0x801'0d35          Code  Wk  startup_stm32f407xx.o [1]
OTG_HS_EP1_IN_IRQHandler
                         0x801'0da9          Code  Wk  startup_stm32f407xx.o [1]
OTG_HS_EP1_OUT_IRQHandler
                         0x801'0da5          Code  Wk  startup_stm32f407xx.o [1]
OTG_HS_IRQHandler        0x801'0db1          Code  Wk  startup_stm32f407xx.o [1]
OTG_HS_WKUP_IRQHandler   0x801'0dad          Code  Wk  startup_stm32f407xx.o [1]
PVD_IRQHandler           0x801'0cc1          Code  Wk  startup_stm32f407xx.o [1]
PendSV_Handler           0x801'0cbd          Code  Wk  startup_stm32f407xx.o [1]
RCC_IRQHandler           0x801'0cd1          Code  Wk  startup_stm32f407xx.o [1]
RTC_Alarm_IRQHandler     0x800'ff0d     0xa  Code  Gb  stm32f4xx_it.o [2]
RTC_Bcd2ToByte           0x800'e0d9    0x18  Code  Gb  stm32f4xx_hal_rtc.o [7]
RTC_ByteToBcd2           0x800'e0c1    0x18  Code  Gb  stm32f4xx_hal_rtc.o [7]
RTC_TimeShow             0x800'97ed    0xf8  Code  Lc  main.o [2]
RTC_WKUP_IRQHandler      0x801'0cc9          Code  Wk  startup_stm32f407xx.o [1]
Region$$Table$$Base      0x801'079c           --   Gb  - Linker created -
Region$$Table$$Limit     0x801'07c8           --   Gb  - Linker created -
Reset_Handler            0x801'0ae9          Code  Wk  startup_stm32f407xx.o [1]
RingBuf                 0x2000'0160  0x32cc  Data  Gb  USRAT.o [2]
RtcHandle               0x2000'e030    0x20  Data  Gb  main.o [2]
Rx_Buff                 0x2000'8a64  0x17d0  Data  Gb  ethernetif.o [2]
SDIO_IRQHandler          0x801'0d51          Code  Wk  startup_stm32f407xx.o [1]
SPI1_IRQHandler          0x801'0d25          Code  Wk  startup_stm32f407xx.o [1]
SPI2_IRQHandler          0x801'0d29          Code  Wk  startup_stm32f407xx.o [1]
SPI3_IRQHandler          0x801'0d55          Code  Wk  startup_stm32f407xx.o [1]
SPI_CheckFlag_BSY        0x800'f95f    0x2a  Code  Lc  stm32f4xx_hal_spi.o [7]
SPI_FLASH_BufferRead     0x800'd50f    0xdc  Code  Gb  spi_flash.o [2]
SPI_FLASH_BufferWrite    0x800'd3c5   0x14a  Code  Gb  spi_flash.o [2]
SPI_FLASH_GlobalBlockProtec
                         0x800'd715    0x34  Code  Gb  spi_flash.o [2]
SPI_FLASH_ID            0x2000'e1a0     0x4  Data  Gb  spi_flash.o [2]
SPI_FLASH_Init           0x800'd1b5    0xce  Code  Gb  spi_flash.o [2]
SPI_FLASH_Main           0x800'd0cd    0x7e  Code  Gb  spi_flash.o [2]
SPI_FLASH_PageWrite      0x800'd30d    0xb8  Code  Gb  spi_flash.o [2]
SPI_FLASH_ReadID         0x800'd5eb    0x9e  Code  Gb  spi_flash.o [2]
SPI_FLASH_SectorErase    0x800'd283    0x8a  Code  Gb  spi_flash.o [2]
SPI_FLASH_Timer_1ms      0x800'd749     0xa  Code  Gb  spi_flash.o [2]
SPI_FLASH_WaitForWriteEnd
                         0x800'd6bd    0x58  Code  Gb  spi_flash.o [2]
SPI_FLASH_WriteEnable    0x800'd689    0x34  Code  Gb  spi_flash.o [2]
SPI_Rx_Buffer           0x2000'db24    0x64  Data  Gb  spi_flash.o [2]
SPI_Tx_Buffer           0x2000'0064    0x64  Data  Gb  spi_flash.o [2]
SPI_WaitFlagStateUntilTimeout
                         0x800'f8bd    0xa2  Code  Lc  stm32f4xx_hal_spi.o [7]
SVC_Handler              0x801'0cb9          Code  Wk  startup_stm32f407xx.o [1]
SectorError             0x2000'e130     0x4  Data  Gb  Flash.o [2]
SpiMemoryHandle         0x2000'dc48    0x58  Data  Gb  spi_flash.o [2]
SysTick_Config           0x800'646f    0x30  Code  Lc  stm32f4xx_hal_cortex.o [7]
SysTick_Handler          0x800'ff05     0x8  Code  Gb  stm32f4xx_it.o [2]
Syslog_Flag             0x2000'e22a     0x1  Data  Gb  udp_echoclient.o [2]
SystemClock_Config       0x800'93e5    0xb0  Code  Lc  main.o [2]
SystemCoreClock         0x2000'0150     0x4  Data  Gb  system_stm32f4xx.o [6]
SystemInit               0x800'ff85    0x40  Code  Gb  system_stm32f4xx.o [6]
TAMP_STAMP_IRQHandler    0x801'0cc5          Code  Wk  startup_stm32f407xx.o [1]
TIM1_BRK_TIM9_IRQHandler
                         0x801'0d11          Code  Wk  startup_stm32f407xx.o [1]
TIM1_CC_IRQHandler       0x801'0d1d          Code  Wk  startup_stm32f407xx.o [1]
TIM1_TRG_COM_TIM11_IRQHandler
                         0x801'0d19          Code  Wk  startup_stm32f407xx.o [1]
TIM1_UP_TIM10_IRQHandler
                         0x801'0d15          Code  Wk  startup_stm32f407xx.o [1]
TIM2_IRQHandler          0x801'0d21          Code  Wk  startup_stm32f407xx.o [1]
TIM3_IRQHandler          0x800'cfe7     0x2  Code  Gb  Timer.o [2]
TIM4_IRQHandler          0x800'cfe9     0xa  Code  Gb  Timer.o [2]
TIM5_IRQHandler          0x800'cff3     0xa  Code  Gb  Timer.o [2]
TIM6_DAC_IRQHandler      0x801'0d5d          Code  Wk  startup_stm32f407xx.o [1]
TIM7_IRQHandler          0x801'0d61          Code  Wk  startup_stm32f407xx.o [1]
TIM8_BRK_TIM12_IRQHandler
                         0x801'0d39          Code  Wk  startup_stm32f407xx.o [1]
TIM8_CC_IRQHandler       0x801'0d45          Code  Wk  startup_stm32f407xx.o [1]
TIM8_TRG_COM_TIM14_IRQHandler
                         0x801'0d41          Code  Wk  startup_stm32f407xx.o [1]
TIM8_UP_TIM13_IRQHandler
                         0x801'0d3d          Code  Wk  startup_stm32f407xx.o [1]
TIM_Base_SetConfig       0x800'f435    0xe4  Code  Gb  stm32f4xx_hal_tim.o [7]
TimHandle4              0x2000'dee0    0x3c  Data  Gb  Timer.o [2]
TimHandle5              0x2000'df1c    0x3c  Data  Gb  Timer.o [2]
Time_Main                0x800'94df   0x30e  Code  Gb  main.o [2]
Time_Main::d_10Sec_Cnt  0x2000'e221     0x1  Data  Lc  main.o [2]
Time_Main::mResetCnt    0x2000'e222     0x1  Data  Lc  main.o [2]
Timer_init               0x800'cf7d    0x6a  Code  Gb  Timer.o [2]
Tx_Buff                 0x2000'a234  0x17d0  Data  Gb  ethernetif.o [2]
UART4_IRQHandler         0x800'4e51     0xc  Code  Gb  USRAT.o [2]
UART5_IRQHandler         0x801'0d59          Code  Wk  startup_stm32f407xx.o [1]
UART_DMAAbortOnError     0x800'67c1    0x16  Code  Lc  stm32f4xx_hal_uart.o [7]
UART_EndRxTransfer       0x800'679d    0x20  Code  Lc  stm32f4xx_hal_uart.o [7]
UART_EndTransmit_IT      0x800'6847    0x20  Code  Lc  stm32f4xx_hal_uart.o [7]
UART_Receive_IT          0x800'6867    0xa2  Code  Lc  stm32f4xx_hal_uart.o [7]
UART_SetConfig           0x800'6909   0x2ec  Code  Lc  stm32f4xx_hal_uart.o [7]
UART_Transmit_IT         0x800'67d9    0x6e  Code  Lc  stm32f4xx_hal_uart.o [7]
USART1_IRQHandler        0x800'4e39     0xc  Code  Gb  USRAT.o [2]
USART2_IRQHandler        0x801'0d2d          Code  Wk  startup_stm32f407xx.o [1]
USART3_IRQHandler        0x800'4e45     0xc  Code  Gb  USRAT.o [2]
USART6_IRQHandler        0x801'0d99          Code  Wk  startup_stm32f407xx.o [1]
USARTRX_MainPro          0x800'4eb7    0x1e  Code  Gb  USRAT.o [2]
USART_1CH_PRO            0x800'4ed5    0x56  Code  Gb  USRAT.o [2]
USART_1Ch               0x2000'dfe0    0x28  Data  Gb  USRAT.o [2]
USART_3Ch               0x2000'e008    0x28  Data  Gb  USRAT.o [2]
[...]
ip4addr_ntoa::str       0x2000'e0d8    0x10  Data  Lc  ip4_addr.o [14]
ip4addr_ntoa_r           0x800'389d    0xac  Code  Gb  ip4_addr.o [14]
ip_addr_any              0x801'0cb0     0x4  Data  Gb  ip4_addr.o [14]
ip_addr_broadcast        0x801'0cb4     0x4  Data  Gb  ip4_addr.o [14]
ip_data                 0x2000'e070    0x18  Data  Gb  ip.o [13]
ip_frag_alloc_pbuf_custom_ref
                         0x800'71bf     0xa  Code  Lc  ip4_frag.o [14]
ip_frag_free_pbuf_custom_ref
                         0x800'71c9     0xe  Code  Lc  ip4_frag.o [14]
ip_id                   0x2000'e204     0x2  Data  Lc  ip4.o [14]
ip_reass_chain_frag_into_datagram_and_validate
                         0x800'6e8d   0x15e  Code  Lc  ip4_frag.o [14]
ip_reass_dequeue_datagram
                         0x800'6e69    0x24  Code  Lc  ip4_frag.o [14]
ip_reass_enqueue_new_datagram
                         0x800'6dff    0x6a  Code  Lc  ip4_frag.o [14]
ip_reass_free_complete_datagram
                         0x800'6cc9    0xa2  Code  Lc  ip4_frag.o [14]
ip_reass_pbufcount      0x2000'e206     0x2  Data  Lc  ip4_frag.o [14]
ip_reass_remove_oldest_datagram
                         0x800'6d6b    0x94  Code  Lc  ip4_frag.o [14]
ip_reass_tmr             0x800'6c99    0x30  Code  Gb  ip4_frag.o [14]
ipfrag_free_pbuf_custom
                         0x800'71d7    0x1a  Code  Lc  ip4_frag.o [14]
ldexp                    0x800'e2a1          Code  Gb  ldexp.o [17]
ldexpl                   0x800'e2a1          Code  Gb  ldexp.o [17]
lfree                   0x2000'e168     0x4  Data  Lc  mem.o [13]
localeconv               0x800'eabd     0x4  Code  Gb  xlocale_c.o [16]
low_level_init           0x800'5b8f   0x1ae  Code  Lc  ethernetif.o [2]
low_level_init::sAddr_Cnt
                        0x2000'e120     0x4  Data  Lc  ethernetif.o [2]
low_level_input          0x800'5e33   0x124  Code  Lc  ethernetif.o [2]
low_level_output         0x800'5d3d    0xf6  Code  Lc  ethernetif.o [2]
lwip_cyclic_timers       0x801'05c0    0x28  Data  Gb  timeouts.o [13]
lwip_htonl               0x800'3959    0x1c  Code  Gb  def.o [13]
lwip_htons               0x800'3949    0x10  Code  Gb  def.o [13]
lwip_init                0x800'caad    0x1c  Code  Gb  init.o [13]
lwip_standard_chksum     0x800'ad69    0x6e  Code  Gb  inet_chksum.o [13]
mAlarmAEventCallback_Flag
                        0x2000'015e     0x1  Data  Gb  main.o [2]
mAnsSetFlag             0x2000'e208     0x2  Data  Gb  main.o [2]
mChen                   0x2000'e1fc     0x4  Data  Gb  USRAT.o [2]
mDI_CheckFlag           0x2000'e21c     0x1  Data  Gb  main.o [2]
mFLASH_TIM_Cnt          0x2000'0148     0x4  Data  Gb  Flash.o [2]
mFlashMemoySaveBuf      0x2000'0000    0x64  Data  Gb  Flash.o [2]
mFlashSaveCnt           0x2000'0158     0x2  Data  Gb  Flash.o [2]
mLCDPrintBuf            0x2000'ca0c   0x200  Data  Gb  main.o [2]
mLCDPrintBuf_2          0x2000'cd78   0x100  Data  Gb  main.o [2]
mLed_Process_Flag       0x2000'c7d0   0x23c  Data  Gb  main.o [2]
mSPI_Time_Cnt           0x2000'014c     0x4  Data  Gb  spi_flash.o [2]
mSPI_Write_Cnt          0x2000'e1a4     0x4  Data  Gb  spi_flash.o [2]
mTimerFlag_10s          0x2000'e21b     0x1  Data  Gb  main.o [2]
mUSART_GetRXBuf_1ch     0x2000'e104     0x8  Data  Gb  USRAT.o [2]
mUSART_GetRXBuf_3ch     0x2000'e10c     0x8  Data  Gb  USRAT.o [2]
mUSART_RXBufBackUp_1ch  0x2000'd078   0x100  Data  Gb  USRAT.o [2]
mUSART_RXBufBackUp_3ch  0x2000'd378   0x100  Data  Gb  USRAT.o [2]
mUSART_RXBuf_1ch        0x2000'ce78   0x100  Data  Gb  USRAT.o [2]
mUSART_RXBuf_3ch        0x2000'd178   0x100  Data  Gb  USRAT.o [2]
mUSART_TXBuf_1ch        0x2000'cf78   0x100  Data  Gb  USRAT.o [2]
mUSART_TXBuf_3ch        0x2000'd278   0x100  Data  Gb  USRAT.o [2]
m_ColorCode_256          0x800'fb54   0x300  Data  Gb  LED.o [2]
m_Main_TIM_Cnt          0x2000'e13c     0x4  Data  Gb  main.o [2]
m_Main_TIM_Cnt_Reset    0x2000'e140     0x4  Data  Gb  main.o [2]
main                     0x800'911d   0x116  Code  Gb  main.o [2]
mem_free                 0x800'5735    0x34  Code  Gb  mem.o [13]
mem_init                 0x800'56f9    0x3c  Code  Gb  mem.o [13]
mem_malloc               0x800'58a9   0x10a  Code  Gb  mem.o [13]
mem_trim                 0x800'5769   0x140  Code  Gb  mem.o [13]
memchr                   0x800'e171          Code  Gb  memchr.o [18]
memcmp                   0x800'f9f5          Code  Gb  memcmp.o [18]
memp_FRAG_PBUF           0x801'0b4c     0xc  Data  Gb  memp.o [13]
memp_PBUF                0x801'0b64     0xc  Data  Gb  memp.o [13]
memp_PBUF_POOL           0x801'0b70     0xc  Data  Gb  memp.o [13]
memp_RAW_PCB             0x801'0b04     0xc  Data  Gb  memp.o [13]
memp_REASSDATA           0x801'0b40     0xc  Data  Gb  memp.o [13]
memp_SYS_TIMEOUT         0x801'0b58     0xc  Data  Gb  memp.o [13]
memp_TCP_PCB             0x801'0b1c     0xc  Data  Gb  memp.o [13]
memp_TCP_PCB_LISTEN      0x801'0b28     0xc  Data  Gb  memp.o [13]
memp_TCP_SEG             0x801'0b34     0xc  Data  Gb  memp.o [13]
memp_UDP_PCB             0x801'0b10     0xc  Data  Gb  memp.o [13]
memp_free                0x800'40b9    0x24  Code  Gb  memp.o [13]
memp_init                0x800'4053    0x20  Code  Gb  memp.o [13]
memp_init_pool           0x800'4029    0x2a  Code  Gb  memp.o [13]
memp_malloc              0x800'408b    0x20  Code  Gb  memp.o [13]
memp_memory_FRAG_PBUF_base
                        0x2000'cc0c   0x16c  Data  Gb  memp.o [13]
memp_memory_PBUF_POOL_base
                        0x2000'342c  0x2e24  Data  Gb  memp.o [13]
memp_memory_PBUF_base   0x2000'd774    0xa4  Data  Gb  memp.o [13]
memp_memory_RAW_PCB_base
                        0x2000'dab0    0x74  Data  Gb  memp.o [13]
memp_memory_REASSDATA_base
                        0x2000'd62c    0xa4  Data  Gb  memp.o [13]
memp_memory_SYS_TIMEOUT_base
                        0x2000'd6d0    0xa4  Data  Gb  memp.o [13]
memp_memory_TCP_PCB_LISTEN_base
                        0x2000'd818    0x90  Data  Gb  memp.o [13]
memp_memory_TCP_PCB_base
                        0x2000'ba04   0x5cc  Data  Gb  memp.o [13]
memp_memory_TCP_SEG_base
                        0x2000'd8a8    0x84  Data  Gb  memp.o [13]
memp_memory_UDP_PCB_base
                        0x2000'd568    0xc4  Data  Gb  memp.o [13]
memp_pools               0x801'04f8    0x28  Data  Gb  memp.o [13]
memp_tab_FRAG_PBUF      0x2000'e184     0x4  Data  Lc  memp.o [13]
memp_tab_PBUF           0x2000'e18c     0x4  Data  Lc  memp.o [13]
memp_tab_PBUF_POOL      0x2000'e190     0x4  Data  Lc  memp.o [13]
memp_tab_RAW_PCB        0x2000'e16c     0x4  Data  Lc  memp.o [13]
memp_tab_REASSDATA      0x2000'e180     0x4  Data  Lc  memp.o [13]
memp_tab_SYS_TIMEOUT    0x2000'e188     0x4  Data  Lc  memp.o [13]
memp_tab_TCP_PCB        0x2000'e174     0x4  Data  Lc  memp.o [13]
memp_tab_TCP_PCB_LISTEN
                        0x2000'e178     0x4  Data  Lc  memp.o [13]
memp_tab_TCP_SEG        0x2000'e17c     0x4  Data  Lc  memp.o [13]
memp_tab_UDP_PCB        0x2000'e170     0x4  Data  Lc  memp.o [13]
message_count           0x2000'e1f4     0x4  Data  Gb  udp_echoclient.o [2]
nLedPrintf_Flag         0x2000'e1ec     0x4  Data  Gb  Timer.o [2]
nTime_Flage_100us       0x2000'e1e8     0x4  Data  Gb  Timer.o [2]
nTime_Flage_1ms         0x2000'e1e4     0x4  Data  Gb  Timer.o [2]
netif_add                0x800'8d03    0x7c  Code  Gb  netif.o [13]
netif_default           0x2000'e198     0x4  Data  Gb  netif.o [13]
netif_init               0x800'8d01     0x2  Code  Gb  netif.o [13]
netif_issue_reports      0x800'8e6f    0x22  Code  Lc  netif.o [13]
netif_list              0x2000'e194     0x4  Data  Gb  netif.o [13]
netif_num               0x2000'e223     0x1  Data  Lc  netif.o [13]
netif_set_addr           0x800'8d7f    0x48  Code  Gb  netif.o [13]
netif_set_default        0x800'8e2f     0x6  Code  Gb  netif.o [13]
netif_set_down           0x800'8e91    0x28  Code  Gb  netif.o [13]
netif_set_gw             0x800'8e13     0xe  Code  Gb  netif.o [13]
netif_set_ipaddr         0x800'8dc7    0x4c  Code  Gb  netif.o [13]
netif_set_link_callback
                         0x800'8f1b     0x8  Code  Gb  netif.o [13]
netif_set_link_down      0x800'8ef5    0x26  Code  Gb  netif.o [13]
netif_set_link_up        0x800'8eb9    0x3c  Code  Gb  netif.o [13]
netif_set_netmask        0x800'8e21     0xe  Code  Gb  netif.o [13]
netif_set_up             0x800'8e45    0x2a  Code  Gb  netif.o [13]
next_timeout            0x2000'e1d8     0x4  Data  Lc  timeouts.o [13]
pFlash                  0x2000'e050    0x20  Data  Gb  stm32f4xx_hal_flash.o [7]
pbuf_alloc               0x800'3975   0x194  Code  Gb  pbuf.o [13]
pbuf_alloced_custom      0x800'3b09    0x8a  Code  Gb  pbuf.o [13]
pbuf_cat                 0x800'3dc3    0x2e  Code  Gb  pbuf.o [13]
pbuf_chain               0x800'3df1    0x16  Code  Gb  pbuf.o [13]
pbuf_clen                0x800'3da5    0x12  Code  Gb  pbuf.o [13]
pbuf_copy                0x800'3e07    0xda  Code  Gb  pbuf.o [13]
pbuf_copy_partial        0x800'3ee1    0xae  Code  Gb  pbuf.o [13]
pbuf_free                0x800'3d1f    0x86  Code  Gb  pbuf.o [13]
pbuf_header              0x800'3cf7    0x14  Code  Gb  pbuf.o [13]
pbuf_header_force        0x800'3d0b    0x14  Code  Gb  pbuf.o [13]
pbuf_header_impl         0x800'3c29    0xce  Code  Lc  pbuf.o [13]
pbuf_realloc             0x800'3b93    0x96  Code  Gb  pbuf.o [13]
pbuf_ref                 0x800'3db7     0xc  Code  Gb  pbuf.o [13]
pbuf_take                0x800'3f8f    0x98  Code  Gb  pbuf.o [13]
plug_holes               0x800'5695    0x64  Code  Lc  mem.o [13]
pmEthernet_Rx_struct    0x2000'e148     0x4  Data  Gb  main.o [2]
ram                     0x2000'e160     0x4  Data  Lc  mem.o [13]
ram_end                 0x2000'e164     0x4  Data  Lc  mem.o [13]
ram_heap                0x2000'6250  0x2814  Data  Gb  mem.o [13]
rand                     0x800'f1c9    0x8a  Code  Gb  rand.o [16]
raw_input                0x800'742d    0xa4  Code  Gb  raw.o [13]
raw_input_match          0x800'73f9    0x34  Code  Lc  raw.o [13]
raw_netif_ip_addr_changed
                         0x800'74d1    0x34  Code  Gb  raw.o [13]
raw_pcbs                0x2000'e19c     0x4  Data  Lc  raw.o [13]
reassdatagrams          0x2000'e138     0x4  Data  Lc  ip4_frag.o [14]
recv_acked              0x2000'e210     0x2  Data  Lc  tcp_in.o [13]
recv_data               0x2000'e1d0     0x4  Data  Lc  tcp_in.o [13]
recv_flags              0x2000'e228     0x1  Data  Lc  tcp_in.o [13]
sColorCode              0x2000'e218     0x1  Data  Gb  LED.o [2]
salarmstructure         0x2000'dfb8    0x28  Data  Gb  main.o [2]
scalbln                  0x800'e2a1          Code  Gb  ldexp.o [17]
scalblnl                 0x800'e2a1          Code  Gb  ldexp.o [17]
scalbn                   0x800'e2a1          Code  Gb  ldexp.o [17]
scalbnl                  0x800'e2a1          Code  Gb  ldexp.o [17]
scale                    0x800'a9c5    0x46  Code  Lc  xprintffull_nomb.o [16]
sdatestructureget       0x2000'e14c     0x4  Data  Gb  main.o [2]
sec_hand                0x2000'e200     0x4  Data  Lc  xfail_s.o [16]
seqno                   0x2000'e1c8     0x4  Data  Lc  tcp_in.o [13]
sprintf                  0x800'ad29    0x40  Code  Gb  sprintf.o [16]
stimestructureget       0x2000'e0b0    0x14  Data  Gb  main.o [2]
strchr                   0x800'e119          Code  Gb  strchr.o [18]
strlen                   0x800'6c61          Code  Gb  strlen.o [18]
strncmp                  0x800'6c01    0x2a  Code  Gb  strncmp.o [16]
sys_check_timeouts       0x800'4b47    0x70  Code  Gb  timeouts.o [13]
sys_now                  0x800'5fad     0x8  Code  Gb  ethernetif.o [2]
sys_timeout              0x800'4a83    0xc4  Code  Gb  timeouts.o [13]
sys_timeouts_init        0x800'4a5d    0x26  Code  Gb  timeouts.o [13]
tcp_abandon              0x800'2d29    0xe0  Code  Gb  tcp.o [13]
tcp_abort                0x800'2e09     0xe  Code  Gb  tcp.o [13]
tcp_active_pcbs         0x2000'e1b8     0x4  Data  Gb  tcp.o [13]
tcp_active_pcbs_changed
                        0x2000'e224     0x1  Data  Gb  tcp.o [13]
tcp_alloc                0x800'34e5    0xf6  Code  Gb  tcp.o [13]
tcp_backoff              0x801'0a98    0x10  Data  Lc  tcp.o [13]
tcp_bound_pcbs          0x2000'e1b0     0x4  Data  Gb  tcp.o [13]
tcp_close                0x800'2cff    0x2a  Code  Gb  tcp.o [13]
tcp_close_shutdown       0x800'2b51   0x1ae  Code  Lc  tcp.o [13]
tcp_create_segment       0x800'41b3    0xbc  Code  Lc  tcp_out.o [13]
tcp_debug_print          0x800'3783     0x2  Code  Gb  tcp.o [13]
tcp_debug_print_state    0x800'3785    0x16  Code  Gb  tcp.o [13]
tcp_eff_send_mss_impl    0x800'36c7    0x3e  Code  Gb  tcp.o [13]
tcp_enqueue_flags        0x800'426f    0xfa  Code  Gb  tcp_out.o [13]
tcp_fasttmr              0x800'3253    0x6c  Code  Gb  tcp.o [13]
tcp_getoptbyte           0x800'29cd    0x42  Code  Lc  tcp_in.o [13]
tcp_init                 0x800'2afd     0x2  Code  Gb  tcp.o [13]
tcp_input                0x800'17b5   0x4fe  Code  Gb  tcp_in.o [13]
tcp_input_pcb           0x2000'e1d4     0x4  Data  Gb  tcp_in.o [13]
tcp_keepalive            0x800'489f    0x5a  Code  Gb  tcp_out.o [13]
tcp_kill_prio            0x800'33f7    0x5c  Code  Lc  tcp.o [13]
tcp_kill_state           0x800'3453    0x4e  Code  Lc  tcp.o [13]
tcp_kill_timewait        0x800'34a1    0x40  Code  Lc  tcp.o [13]
tcp_listen_closed        0x800'2b31    0x20  Code  Lc  tcp.o [13]
tcp_listen_input         0x800'1cb3   0x11e  Code  Lc  tcp_in.o [13]
tcp_listen_pcbs         0x2000'e1b4     0x4  Data  Gb  tcp.o [13]
tcp_netif_ip_addr_changed
                         0x800'3735    0x4e  Code  Gb  tcp.o [13]
tcp_netif_ip_addr_changed_pcblist
                         0x800'3705    0x2e  Code  Lc  tcp.o [13]
tcp_next_iss             0x800'36b7    0x10  Code  Gb  tcp.o [13]
tcp_next_iss::iss       0x2000'0154     0x4  Data  Lc  tcp.o [13]
tcp_optidx              0x2000'e20e     0x2  Data  Lc  tcp_in.o [13]
tcp_output               0x800'43ef   0x23c  Code  Gb  tcp_out.o [13]
tcp_output_alloc_header
                         0x800'40e5    0x84  Code  Lc  tcp_out.o [13]
tcp_output_segment       0x800'462b    0xca  Code  Lc  tcp_out.o [13]
tcp_parseopt             0x800'2a19    0xa8  Code  Lc  tcp_in.o [13]
tcp_pcb_lists            0x801'0aa8    0x10  Data  Gb  tcp.o [13]
tcp_pcb_purge            0x800'35e1    0x6c  Code  Gb  tcp.o [13]
tcp_pcb_remove           0x800'3651    0x66  Code  Gb  tcp.o [13]
tcp_pcbs_sane            0x800'3835     0x2  Code  Gb  tcp.o [13]
tcp_persist_backoff      0x801'0c78     0x8  Data  Lc  tcp.o [13]
tcp_process              0x800'1e5b   0x52e  Code  Lc  tcp_in.o [13]
tcp_process_refused_data
                         0x800'32cd    0xaa  Code  Gb  tcp.o [13]
tcp_receive              0x800'23cd   0x600  Code  Lc  tcp_in.o [13]
tcp_recv_null            0x800'33c5    0x32  Code  Gb  tcp.o [13]
tcp_recved               0x800'2e63    0x58  Code  Gb  tcp.o [13]
tcp_remove_listener      0x800'2b1b    0x16  Code  Lc  tcp.o [13]
tcp_rexmit               0x800'47d7    0x5a  Code  Gb  tcp_out.o [13]
tcp_rexmit_fast          0x800'4831    0x6e  Code  Gb  tcp_out.o [13]
tcp_rexmit_rto           0x800'479f    0x38  Code  Gb  tcp_out.o [13]
tcp_rst                  0x800'4701    0x9e  Code  Gb  tcp_out.o [13]
tcp_seg_free             0x800'33a7    0x1e  Code  Gb  tcp.o [13]
tcp_segs_free            0x800'3391    0x16  Code  Gb  tcp.o [13]
tcp_send_empty_ack       0x800'4369    0x86  Code  Gb  tcp_out.o [13]
tcp_send_fin             0x800'4169    0x4a  Code  Gb  tcp_out.o [13]
tcp_slowtmr              0x800'2ebb   0x398  Code  Gb  tcp.o [13]
tcp_state_str            0x801'04a4    0x2c  Data  Lc  tcp.o [13]
tcp_ticks               0x2000'e1ac     0x4  Data  Gb  tcp.o [13]
tcp_timer               0x2000'e225     0x1  Data  Lc  tcp.o [13]
tcp_timer_ctr           0x2000'e226     0x1  Data  Lc  tcp.o [13]
tcp_timer_needed         0x800'4a1d    0x2a  Code  Gb  timeouts.o [13]
tcp_timewait_input       0x800'1dd1    0x8a  Code  Lc  tcp_in.o [13]
tcp_tmr                  0x800'2aff    0x1c  Code  Gb  tcp.o [13]
tcp_trigger_input_pcb_close
                         0x800'2ac1     0xc  Code  Gb  tcp_in.o [13]
tcp_tw_pcbs             0x2000'e1bc     0x4  Data  Gb  tcp.o [13]
tcp_update_rcv_ann_wnd   0x800'2e17    0x4c  Code  Gb  tcp.o [13]
tcp_zero_window_probe    0x800'48f9    0xf8  Code  Gb  tcp_out.o [13]
tcphdr                  0x2000'e1c0     0x4  Data  Lc  tcp_in.o [13]
tcphdr_opt1len          0x2000'e20c     0x2  Data  Lc  tcp_in.o [13]
tcphdr_opt2             0x2000'e1c4     0x4  Data  Lc  tcp_in.o [13]
tcphdr_optlen           0x2000'e20a     0x2  Data  Lc  tcp_in.o [13]
tcpip_tcp_timer          0x800'49f1    0x2c  Code  Lc  timeouts.o [13]
tcpip_tcp_timer_active  0x2000'e1e0     0x4  Data  Lc  timeouts.o [13]
tcplen                  0x2000'e212     0x2  Data  Lc  tcp_in.o [13]
timeouts_last_time      0x2000'e1dc     0x4  Data  Lc  timeouts.o [13]
udp_SysLog               0x800'dc79    0xbe  Code  Gb  udp_echoclient.o [2]
udp_SysLog::szBuf       0x2000'bfd0   0x400  Data  Lc  udp_echoclient.o [2]
udp_bind                 0x800'7be1    0xce  Code  Gb  udp.o [13]
udp_connect              0x800'7caf    0x66  Code  Gb  udp.o [13]
udp_init                 0x800'750d     0x2  Code  Gb  udp.o [13]
udp_input                0x800'75b5   0x480  Code  Gb  udp.o [13]
udp_input_local_match    0x800'755f    0x56  Code  Lc  udp.o [13]
udp_netif_ip_addr_changed
                         0x800'7d7d    0x34  Code  Gb  udp.o [13]
udp_new                  0x800'7d57    0x26  Code  Gb  udp.o [13]
udp_new_port             0x800'750f    0x50  Code  Lc  udp.o [13]
udp_pcbs                0x2000'e1f0     0x4  Data  Gb  udp.o [13]
udp_port                0x2000'015a     0x2  Data  Lc  udp.o [13]
udp_receive_callback     0x800'dd39    0x2e  Code  Gb  udp_echoclient.o [2]
udp_recv                 0x800'7d15     0x6  Code  Gb  udp.o [13]
udp_remove               0x800'7d1b    0x3c  Code  Gb  udp.o [13]
udp_send                 0x800'7a3d    0x1e  Code  Gb  udp.o [13]
udp_sendto               0x800'7a5b    0x42  Code  Gb  udp.o [13]
udp_sendto_if            0x800'7a9d    0x64  Code  Gb  udp.o [13]
udp_sendto_if_src        0x800'7b01    0xe0  Code  Gb  udp.o [13]
upcb                    0x2000'e1f8     0x4  Data  Gb  udp_echoclient.o [2]
uwTick                  0x2000'e1a8     0x4  Data  Gb  stm32f4xx_hal.o [7]
vsprintf                 0x800'6c2d    0x34  Code  Gb  vsprintf.o [16]


[1] = C:\D\SW2_Team\emu_208_ledc\File\EWARM\STM324xG_EVAL\Obj\Application\EWARM
[2] = C:\D\SW2_Team\emu_208_ledc\File\EWARM\STM324xG_EVAL\Obj\Application\User
[3] = C:\D\SW2_Team\emu_208_ledc\File\EWARM\STM324xG_EVAL\Obj\Application\Utilities\Fonts
[4] = C:\D\SW2_Team\emu_208_ledc\File\EWARM\STM324xG_EVAL\Obj\Drivers\BSP\Components
[5] = C:\D\SW2_Team\emu_208_ledc\File\EWARM\STM324xG_EVAL\Obj\Drivers\BSP\STM324xG_EVAL
[6] = C:\D\SW2_Team\emu_208_ledc\File\EWARM\STM324xG_EVAL\Obj\Drivers\CMSIS
[7] = C:\D\SW2_Team\emu_208_ledc\File\EWARM\STM324xG_EVAL\Obj\Drivers\STM32F4xx_HAL_Driver
[8] = C:\D\SW2_Team\emu_208_ledc\File\EWARM\STM324xG_EVAL\Obj\Drivers\display\Config
[9] = C:\D\SW2_Team\emu_208_ledc\File\EWARM\STM324xG_EVAL\Obj\Drivers\display\Example
[10] = C:\D\SW2_Team\emu_208_ledc\File\EWARM\STM324xG_EVAL\Obj\Drivers\display\GUI
[11] = C:\D\SW2_Team\emu_208_ledc\File\EWARM\STM324xG_EVAL\Obj\Drivers\display\OLED
[12] = C:\D\SW2_Team\emu_208_ledc\File\EWARM\STM324xG_EVAL\Obj\Middlewares\LwIP\Api
[13] = C:\D\SW2_Team\emu_208_ledc\File\EWARM\STM324xG_EVAL\Obj\Middlewares\LwIP\Core
[14] = C:\D\SW2_Team\emu_208_ledc\File\EWARM\STM324xG_EVAL\Obj\Middlewares\LwIP\Core\IPv4
[15] = C:\D\SW2_Team\emu_208_ledc\File\EWARM\STM324xG_EVAL\Obj\Middlewares\LwIP\Netif
[16] = dl7M_tlf.a
[17] = m7M_tls.a
[18] = rt7M_tl.a
[19] = shb_l.a

  65'225 bytes of readonly  code memory
   4'034 bytes of readonly  data memory
  66'090 bytes of readwrite data memory

Errors: none
Warnings: none
