###############################################################################
#
# IAR ELF Linker V9.30.1.335/W64 for ARM                  10/May/2023  15:04:09
# Copyright 2007-2022 IAR Systems AB.
#
#    Output file  =
#        C:\D\SW2_Team\emu_208_ledc\File\EWARM\STM324xG_EVAL\Exe\Project.out
#    Map file     =
#        C:\D\SW2_Team\emu_208_ledc\File\EWARM\STM324xG_EVAL\List\Project.map
#    Command line =
#        -f
#        C:\D\SW2_Team\emu_208_ledc\File\EWARM\STM324xG_EVAL\Exe\Project.out.rsp
#        (C:\D\SW2_Team\emu_208_ledc\File\EWARM\STM324xG_EVAL\Obj\Application\User\AmpGpio.o
#        C:\D\SW2_Team\emu_208_ledc\File\EWARM\STM324xG_EVAL\Obj\Middlewares\LwIP\Api\api_lib.o
#        C:\D\SW2_Team\emu_208_ledc\File\EWARM\STM324xG_EVAL\Obj\Middlewares\LwIP\Api\api_msg.o
#        C:\D\SW2_Team\emu_208_ledc\File\EWARM\STM324xG_EVAL\Obj\Application\User\app_ethernet.o
#        C:\D\SW2_Team\emu_208_ledc\File\EWARM\STM324xG_EVAL\Obj\Middlewares\LwIP\Core\IPv4\autoip.o
#        C:\D\SW2_Team\emu_208_ledc\File\EWARM\STM324xG_EVAL\Obj\Application\User\CRC8.o
#        C:\D\SW2_Team\emu_208_ledc\File\EWARM\STM324xG_EVAL\Obj\Application\User\debug_task.o
#        C:\D\SW2_Team\emu_208_ledc\File\EWARM\STM324xG_EVAL\Obj\Middlewares\LwIP\Core\def.o
#        C:\D\SW2_Team\emu_208_ledc\File\EWARM\STM324xG_EVAL\Obj\Drivers\display\Config\DEV_Config.o
#        C:\D\SW2_Team\emu_208_ledc\File\EWARM\STM324xG_EVAL\Obj\Middlewares\LwIP\Core\IPv4\dhcp.o
#        C:\D\SW2_Team\emu_208_ledc\File\EWARM\STM324xG_EVAL\Obj\Middlewares\LwIP\Core\dns.o
#        C:\D\SW2_Team\emu_208_ledc\File\EWARM\STM324xG_EVAL\Obj\Middlewares\LwIP\Api\err.o
#        C:\D\SW2_Team\emu_208_ledc\File\EWARM\STM324xG_EVAL\Obj\Middlewares\LwIP\Core\IPv4\etharp.o
#        C:\D\SW2_Team\emu_208_ledc\File\EWARM\STM324xG_EVAL\Obj\Middlewares\LwIP\Netif\ethernet.o
#        C:\D\SW2_Team\emu_208_ledc\File\EWARM\STM324xG_EVAL\Obj\Application\User\ethernetif.o
#        C:\D\SW2_Team\emu_208_ledc\File\EWARM\STM324xG_EVAL\Obj\Application\User\Flash.o
#        C:\D\SW2_Team\emu_208_ledc\File\EWARM\STM324xG_EVAL\Obj\Application\Utilities\Fonts\font12.o
#        C:\D\SW2_Team\emu_208_ledc\File\EWARM\STM324xG_EVAL\Obj\Application\Utilities\Fonts\font12CN.o
#        C:\D\SW2_Team\emu_208_ledc\File\EWARM\STM324xG_EVAL\Obj\Application\Utilities\Fonts\font16.o
#        C:\D\SW2_Team\emu_208_ledc\File\EWARM\STM324xG_EVAL\Obj\Application\Utilities\Fonts\font20.o
#        C:\D\SW2_Team\emu_208_ledc\File\EWARM\STM324xG_EVAL\Obj\Application\Utilities\Fonts\font24.o
#        C:\D\SW2_Team\emu_208_ledc\File\EWARM\STM324xG_EVAL\Obj\Application\Utilities\Fonts\font24CN.o
#        C:\D\SW2_Team\emu_208_ledc\File\EWARM\STM324xG_EVAL\Obj\Application\Utilities\Fonts\font8.o
#        C:\D\SW2_Team\emu_208_ledc\File\EWARM\STM324xG_EVAL\Obj\Drivers\display\GUI\GUI_Paint.o
#        C:\D\SW2_Team\emu_208_ledc\File\EWARM\STM324xG_EVAL\Obj\Application\User\I2C.o
#        C:\D\SW2_Team\emu_208_ledc\File\EWARM\STM324xG_EVAL\Obj\Middlewares\LwIP\Core\IPv4\icmp.o
#        C:\D\SW2_Team\emu_208_ledc\File\EWARM\STM324xG_EVAL\Obj\Middlewares\LwIP\Core\IPv4\igmp.o
#        C:\D\SW2_Team\emu_208_ledc\File\EWARM\STM324xG_EVAL\Obj\Drivers\BSP\Components\ili9325.o
#        C:\D\SW2_Team\emu_208_ledc\File\EWARM\STM324xG_EVAL\Obj\Drivers\display\Example\ImageData.o
#        C:\D\SW2_Team\emu_208_ledc\File\EWARM\STM324xG_EVAL\Obj\Middlewares\LwIP\Core\inet_chksum.o
#        C:\D\SW2_Team\emu_208_ledc\File\EWARM\STM324xG_EVAL\Obj\Middlewares\LwIP\Core\init.o
#        C:\D\SW2_Team\emu_208_ledc\File\EWARM\STM324xG_EVAL\Obj\Middlewares\LwIP\Core\ip.o
#        C:\D\SW2_Team\emu_208_ledc\File\EWARM\STM324xG_EVAL\Obj\Middlewares\LwIP\Core\IPv4\ip4.o
#        C:\D\SW2_Team\emu_208_ledc\File\EWARM\STM324xG_EVAL\Obj\Middlewares\LwIP\Core\IPv4\ip4_addr.o
#        C:\D\SW2_Team\emu_208_ledc\File\EWARM\STM324xG_EVAL\Obj\Middlewares\LwIP\Core\IPv4\ip4_frag.o
#        C:\D\SW2_Team\emu_208_ledc\File\EWARM\STM324xG_EVAL\Obj\Application\User\LED.o
#        C:\D\SW2_Team\emu_208_ledc\File\EWARM\STM324xG_EVAL\Obj\Application\User\main.o
#        C:\D\SW2_Team\emu_208_ledc\File\EWARM\STM324xG_EVAL\Obj\Middlewares\LwIP\Core\mem.o
#        C:\D\SW2_Team\emu_208_ledc\File\EWARM\STM324xG_EVAL\Obj\Middlewares\LwIP\Core\memp.o
#        C:\D\SW2_Team\emu_208_ledc\File\EWARM\STM324xG_EVAL\Obj\Middlewares\LwIP\Api\netbuf.o
#        C:\D\SW2_Team\emu_208_ledc\File\EWARM\STM324xG_EVAL\Obj\Middlewares\LwIP\Api\netdb.o
#        C:\D\SW2_Team\emu_208_ledc\File\EWARM\STM324xG_EVAL\Obj\Middlewares\LwIP\Core\netif.o
#        C:\D\SW2_Team\emu_208_ledc\File\EWARM\STM324xG_EVAL\Obj\Middlewares\LwIP\Api\netifapi.o
#        C:\D\SW2_Team\emu_208_ledc\File\EWARM\STM324xG_EVAL\Obj\Drivers\display\OLED\OLED_1in3_c.o
#        C:\D\SW2_Team\emu_208_ledc\File\EWARM\STM324xG_EVAL\Obj\Drivers\display\Example\OLED_1in3_c_test.o
#        C:\D\SW2_Team\emu_208_ledc\File\EWARM\STM324xG_EVAL\Obj\Middlewares\LwIP\Core\pbuf.o
#        C:\D\SW2_Team\emu_208_ledc\File\EWARM\STM324xG_EVAL\Obj\Middlewares\LwIP\Core\raw.o
#        C:\D\SW2_Team\emu_208_ledc\File\EWARM\STM324xG_EVAL\Obj\Middlewares\LwIP\Api\sockets.o
#        C:\D\SW2_Team\emu_208_ledc\File\EWARM\STM324xG_EVAL\Obj\Application\EWARM\startup_stm32f407xx.o
#        C:\D\SW2_Team\emu_208_ledc\File\EWARM\STM324xG_EVAL\Obj\Middlewares\LwIP\Core\stats.o
#        C:\D\SW2_Team\emu_208_ledc\File\EWARM\STM324xG_EVAL\Obj\Drivers\BSP\STM324xG_EVAL\stm324xg_eval.o
#        C:\D\SW2_Team\emu_208_ledc\File\EWARM\STM324xG_EVAL\Obj\Drivers\BSP\STM324xG_EVAL\stm324xg_eval_io.o
#        C:\D\SW2_Team\emu_208_ledc\File\EWARM\STM324xG_EVAL\Obj\Drivers\BSP\STM324xG_EVAL\stm324xg_eval_sram.o
#        C:\D\SW2_Team\emu_208_ledc\File\EWARM\STM324xG_EVAL\Obj\Drivers\STM32F4xx_HAL_Driver\stm32f4xx_hal.o
#        C:\D\SW2_Team\emu_208_ledc\File\EWARM\STM324xG_EVAL\Obj\Drivers\STM32F4xx_HAL_Driver\stm32f4xx_hal_adc.o
#        C:\D\SW2_Team\emu_208_ledc\File\EWARM\STM324xG_EVAL\Obj\Drivers\STM32F4xx_HAL_Driver\stm32f4xx_hal_cortex.o
#        C:\D\SW2_Team\emu_208_ledc\File\EWARM\STM324xG_EVAL\Obj\Drivers\STM32F4xx_HAL_Driver\stm32f4xx_hal_dma.o
#        C:\D\SW2_Team\emu_208_ledc\File\EWARM\STM324xG_EVAL\Obj\Drivers\STM32F4xx_HAL_Driver\stm32f4xx_hal_dma_ex.o
#        C:\D\SW2_Team\emu_208_ledc\File\EWARM\STM324xG_EVAL\Obj\Drivers\STM32F4xx_HAL_Driver\stm32f4xx_hal_eth.o
#        C:\D\SW2_Team\emu_208_ledc\File\EWARM\STM324xG_EVAL\Obj\Drivers\STM32F4xx_HAL_Driver\stm32f4xx_hal_flash.o
#        C:\D\SW2_Team\emu_208_ledc\File\EWARM\STM324xG_EVAL\Obj\Drivers\STM32F4xx_HAL_Driver\stm32f4xx_hal_flash_ex.o
#        C:\D\SW2_Team\emu_208_ledc\File\EWARM\STM324xG_EVAL\Obj\Drivers\STM32F4xx_HAL_Driver\stm32f4xx_hal_gpio.o
#        C:\D\SW2_Team\emu_208_ledc\File\EWARM\STM324xG_EVAL\Obj\Drivers\STM32F4xx_HAL_Driver\stm32f4xx_hal_i2c.o
#        C:\D\SW2_Team\emu_208_ledc\File\EWARM\STM324xG_EVAL\Obj\Drivers\STM32F4xx_HAL_Driver\stm32f4xx_hal_i2c_ex.o
#        C:\D\SW2_Team\emu_208_ledc\File\EWARM\STM324xG_EVAL\Obj\Drivers\STM32F4xx_HAL_Driver\stm32f4xx_hal_i2s.o
#        C:\D\SW2_Team\emu_208_ledc\File\EWARM\STM324xG_EVAL\Obj\Drivers\STM32F4xx_HAL_Driver\stm32f4xx_hal_i2s_ex.o
#        C:\D\SW2_Team\emu_208_ledc\File\EWARM\STM324xG_EVAL\Obj\Application\User\stm32f4xx_hal_msp.o
#        C:\D\SW2_Team\emu_208_ledc\File\EWARM\STM324xG_EVAL\Obj\Drivers\STM32F4xx_HAL_Driver\stm32f4xx_hal_pwr.o
#        C:\D\SW2_Team\emu_208_ledc\File\EWARM\STM324xG_EVAL\Obj\Drivers\STM32F4xx_HAL_Driver\stm32f4xx_hal_pwr_ex.o
#        C:\D\SW2_Team\emu_208_ledc\File\EWARM\STM324xG_EVAL\Obj\Drivers\STM32F4xx_HAL_Driver\stm32f4xx_hal_rcc.o
#        C:\D\SW2_Team\emu_208_ledc\File\EWARM\STM324xG_EVAL\Obj\Drivers\STM32F4xx_HAL_Driver\stm32f4xx_hal_rcc_ex.o
#        C:\D\SW2_Team\emu_208_ledc\File\EWARM\STM324xG_EVAL\Obj\Drivers\STM32F4xx_HAL_Driver\stm32f4xx_hal_rtc.o
#        C:\D\SW2_Team\emu_208_ledc\File\EWARM\STM324xG_EVAL\Obj\Drivers\STM32F4xx_HAL_Driver\stm32f4xx_hal_rtc_ex.o
#        C:\D\SW2_Team\emu_208_ledc\File\EWARM\STM324xG_EVAL\Obj\Drivers\STM32F4xx_HAL_Driver\stm32f4xx_hal_spi.o
#        C:\D\SW2_Team\emu_208_ledc\File\EWARM\STM324xG_EVAL\Obj\Drivers\STM32F4xx_HAL_Driver\stm32f4xx_hal_sram.o
#        C:\D\SW2_Team\emu_208_ledc\File\EWARM\STM324xG_EVAL\Obj\Drivers\STM32F4xx_HAL_Driver\stm32f4xx_hal_tim.o
#        C:\D\SW2_Team\emu_208_ledc\File\EWARM\STM324xG_EVAL\Obj\Drivers\STM32F4xx_HAL_Driver\stm32f4xx_hal_tim_ex.o
#        C:\D\SW2_Team\emu_208_ledc\File\EWARM\STM324xG_EVAL\Obj\Drivers\STM32F4xx_HAL_Driver\stm32f4xx_hal_uart.o
#        C:\D\SW2_Team\emu_208_ledc\File\EWARM\STM324xG_EVAL\Obj\Drivers\STM32F4xx_HAL_Driver\stm32f4xx_hal_wwdg.o
#        C:\D\SW2_Team\emu_208_ledc\File\EWARM\STM324xG_EVAL\Obj\Application\User\stm32f4xx_it.o
#        C:\D\SW2_Team\emu_208_ledc\File\EWARM\STM324xG_EVAL\Obj\Drivers\STM32F4xx_HAL_Driver\stm32f4xx_ll_fsmc.o
#        C:\D\SW2_Team\emu_208_ledc\File\EWARM\STM324xG_EVAL\Obj\Drivers\BSP\Components\stmpe811.o
#        C:\D\SW2_Team\emu_208_ledc\File\EWARM\STM324xG_EVAL\Obj\Middlewares\LwIP\Core\sys.o
#        C:\D\SW2_Team\emu_208_ledc\File\EWARM\STM324xG_EVAL\Obj\Drivers\CMSIS\system_stm32f4xx.o
#        C:\D\SW2_Team\emu_208_ledc\File\EWARM\STM324xG_EVAL\Obj\Middlewares\LwIP\Core\tcp.o
#        C:\D\SW2_Team\emu_208_ledc\File\EWARM\STM324xG_EVAL\Obj\Application\User\tcp_echoserver.o
#        C:\D\SW2_Team\emu_208_ledc\File\EWARM\STM324xG_EVAL\Obj\Middlewares\LwIP\Core\tcp_in.o
#        C:\D\SW2_Team\emu_208_ledc\File\EWARM\STM324xG_EVAL\Obj\Middlewares\LwIP\Core\tcp_out.o
#        C:\D\SW2_Team\emu_208_ledc\File\EWARM\STM324xG_EVAL\Obj\Middlewares\LwIP\Api\tcpip.o
#        C:\D\SW2_Team\emu_208_ledc\File\EWARM\STM324xG_EVAL\Obj\Middlewares\LwIP\Core\tftp_server.o
#        C:\D\SW2_Team\emu_208_ledc\File\EWARM\STM324xG_EVAL\Obj\Middlewares\LwIP\Core\timeouts.o
#        C:\D\SW2_Team\emu_208_ledc\File\EWARM\STM324xG_EVAL\Obj\Application\User\Timer.o
#        C:\D\SW2_Team\emu_208_ledc\File\EWARM\STM324xG_EVAL\Obj\Middlewares\LwIP\Core\udp.o
#        C:\D\SW2_Team\emu_208_ledc\File\EWARM\STM324xG_EVAL\Obj\Application\User\udp_echoclient.o
#        C:\D\SW2_Team\emu_208_ledc\File\EWARM\STM324xG_EVAL\Obj\Application\User\USRAT.o
#        C:\D\SW2_Team\emu_208_ledc\File\EWARM\STM324xG_EVAL\Obj\Application\User\WWDG.o
#        --redirect _Printf=_PrintfFullNoMb --redirect _Scanf=_ScanfFullNoMb
#        --no_out_extension -o
#        C:\D\SW2_Team\emu_208_ledc\File\EWARM\STM324xG_EVAL\Exe\Project.out
#        --map
#        C:\D\SW2_Team\emu_208_ledc\File\EWARM\STM324xG_EVAL\List\Project.map
#        --config "C:\Program Files\IAR Systems\Embedded Workbench
#        9.1\arm/config/linker/ST/stm32f407xG.icf" --semihosting --entry
#        __iar_program_start --vfe --text_out locale --cpu=Cortex-M4
#        --fpu=VFPv4_sp)
#
###############################################################################

*******************************************************************************
*** RUNTIME MODEL ATTRIBUTES
***

CppFlavor       = *
__CPP_Runtime   = 1
__SystemLibrary = DLib
__dlib_version  = 6


*******************************************************************************
*** HEAP SELECTION
***

The basic heap was selected because --advanced_heap
was not specified and the application did not appear to
be primarily optimized for speed.


*******************************************************************************
*** PLACEMENT SUMMARY
***

"A0":  place at address 0x800'0000 { ro section .intvec };
"P1":  place in [from 0x800'0000 to 0x80f'ffff] { ro };
define block CSTACK with size = 8K, alignment = 8 { };
define block HEAP with size = 8K, alignment = 8 { };
"P4":  place in [from 0x2000'0000 to 0x2001'bfff] |
                [from 0x2001'c000 to 0x2001'ffff] {
          rw, block CSTACK, block HEAP };
initialize by copy { rw };

No sections matched the following patterns:

  ro section application_specific_ro  in "P2"
  section .backup_sram                in "P5"
  section .ccram                      in "P3"


  Section            Kind         Address    Size  Object
  -------            ----         -------    ----  ------
"A0":                                       0x188
  .intvec            ro code   0x800'0000   0x188  startup_stm32f407xx.o [1]
                             - 0x800'0188   0x188

"P1":                                      0xfe98
  .text              ro code   0x800'0188  0x13c2  stm32f4xx_hal_i2c.o [7]
  .text              ro code   0x800'154a    0x2a  copy_init3.o [18]
  .text              ro code   0x800'1574     0xc  stm32f4xx_hal.o [7]
  .text              ro code   0x800'1580     0x2  stm32f4xx_hal_i2c.o [7]
  .text              ro code   0x800'1582     0x2  stm32f4xx_hal_i2c.o [7]
  .text              ro code   0x800'1584     0x2  stm32f4xx_hal_i2c.o [7]
  .text              ro code   0x800'1586     0x2  stm32f4xx_hal_i2c.o [7]
  .text              ro code   0x800'1588     0x2  stm32f4xx_hal_i2c.o [7]
  .text              ro code   0x800'158a     0x2  stm32f4xx_hal_i2c.o [7]
  .text              ro code   0x800'158c     0x2  stm32f4xx_hal_i2c.o [7]
  .text              ro code   0x800'158e     0x2  stm32f4xx_hal_i2c.o [7]
  .text              ro code   0x800'1590   0x240  stm32f4xx_hal_dma.o [7]
  .text              ro code   0x800'17d0     0x2  stm32f4xx_hal_i2c.o [7]
  .text              ro code   0x800'17d2     0x2  stm32f4xx_hal_i2c.o [7]
  .text              ro code   0x800'17d4  0x1348  tcp_in.o [13]
  .text              ro code   0x800'2b1c   0xd3a  tcp.o [13]
  .text              ro code   0x800'3856     0xa  xsprout.o [16]
  .text              ro code   0x800'3860   0x110  ip4_addr.o [14]
  .text              ro code   0x800'3970    0x2c  def.o [13]
  .text              ro code   0x800'399c   0x6b2  pbuf.o [13]
  .rodata            const     0x800'404e     0x2  xlocale_c.o [16]
  .text              ro code   0x800'4050    0xbc  memp.o [13]
  .text              ro code   0x800'410c   0x90c  tcp_out.o [13]
  .text              ro code   0x800'4a18   0x1e8  timeouts.o [13]
  .text              ro code   0x800'4c00   0x66c  USRAT.o [2]
  .text              ro code   0x800'526c    0x66  ABImemset.o [18]
  .rodata            const     0x800'52d2     0x1  xlocale_c.o [16]
  .text              ro code   0x800'52d4   0x3e8  ip4.o [14]
  .text              ro code   0x800'56bc   0x330  mem.o [13]
  .text              ro code   0x800'59ec    0xa6  ABImemcpy.o [18]
  .text              ro code   0x800'5a94   0x680  ethernetif.o [2]
  .text              ro code   0x800'6114   0x290  stm32f4xx_hal_gpio.o [7]
  .text              ro code   0x800'63a4   0x1b0  stm32f4xx_hal_cortex.o [7]
  .text              ro code   0x800'6554   0x6d4  stm32f4xx_hal_uart.o [7]
  .text              ro code   0x800'6c28    0x2a  strncmp.o [16]
  .text              ro code   0x800'6c54    0x34  vsprintf.o [16]
  .text              ro code   0x800'6c88    0x36  strlen.o [18]
  .text              ro code   0x800'6cc0   0x760  ip4_frag.o [14]
  .text              ro code   0x800'7420   0x114  raw.o [13]
  .text              ro code   0x800'7534   0x90c  udp.o [13]
  .text              ro code   0x800'7e40   0x286  icmp.o [14]
  .text              ro code   0x800'80c6    0x1e  stm32f4xx_hal.o [7]
  .text              ro code   0x800'80e4   0xc44  stm32f4xx_hal_eth.o [7]
  .text              ro code   0x800'8d28   0x222  netif.o [13]
  .text              ro code   0x800'8f4c   0x1f8  app_ethernet.o [2]
  .text              ro code   0x800'9144   0x8be  main.o [2]
  .text              ro code   0x800'9a04   0x1d0  stm32f4xx_hal_rcc.o [7]
  .text              ro code   0x800'9bd4   0xeaa  xprintffull_nomb.o [16]
  .text              ro code   0x800'aa80   0x184  Flash.o [2]
  .text              ro code   0x800'ac04    0x40  sprintf.o [16]
  .text              ro code   0x800'ac44    0xca  inet_chksum.o [13]
  .text              ro code   0x800'ad10   0x9ac  etharp.o [14]
  .text              ro code   0x800'b6bc  0x1292  dhcp.o [14]
  .text              ro code   0x800'c950    0x38  stm32f4xx_hal.o [7]
  .text              ro code   0x800'c988    0x1c  init.o [13]
  .text              ro code   0x800'c9a4   0x4b4  LED.o [2]
  .text              ro code   0x800'ce58   0x108  Timer.o [2]
  .text              ro code   0x800'cf60    0x44  I2C.o [2]
  .text              ro code   0x800'cfa4    0x84  stm32f4xx_hal_rcc.o [7]
  .text              ro code   0x800'd028    0xb6  WWDG.o [2]
  .text              ro code   0x800'd0e0   0x34c  stm32f4xx_hal_rcc.o [7]
  .text              ro code   0x800'd42c    0x6c  AmpGpio.o [2]
  .text              ro code   0x800'd498   0x110  udp_echoclient.o [2]
  .text              ro code   0x800'd5a8   0x368  stm32f4xx_hal_rtc.o [7]
  .text              ro code   0x800'd910    0x28  stm32f4xx_hal.o [7]
  .text              ro code   0x800'd938    0x16  strchr.o [18]
  .text              ro code   0x800'd950    0x40  xfail_s.o [16]
  .text              ro code   0x800'd990    0x58  memchr.o [18]
  .text              ro code   0x800'd9e8    0x70  frexp.o [17]
  .text              ro code   0x800'da58    0x34  DblCmpLe.o [17]
  .text              ro code   0x800'da8c    0x34  DblCmpGe.o [17]
  .text              ro code   0x800'dac0   0x13a  ldexp.o [17]
  .text              ro code   0x800'dbfc    0x36  DblToS32.o [17]
  .text              ro code   0x800'dc34    0x22  S32ToDbl.o [17]
  .text              ro code   0x800'dc58   0x24e  DblAddSub.o [17]
  .text              ro code   0x800'dea8   0x246  DblDiv.o [17]
  .text              ro code   0x800'e0f0    0x22  DblToU32.o [17]
  .text              ro code   0x800'e114    0x1c  U32ToDbl.o [17]
  .text              ro code   0x800'e130   0x1aa  DblMul.o [17]
  .text              ro code   0x800'e2dc     0x8  xlocale_c.o [16]
  .text              ro code   0x800'e2e4   0x230  I64DivMod.o [18]
  .text              ro code   0x800'e514    0xec  stm32f4xx_hal_flash.o [7]
  .text              ro code   0x800'e600   0x194  stm32f4xx_hal_flash_ex.o [7]
  .text              ro code   0x800'e794   0x146  ethernet.o [15]
  .text              ro code   0x800'e8dc    0x9c  rand.o [16]
  .text              ro code   0x800'e978     0x2  stm32f4xx_hal.o [7]
  .text              ro code   0x800'e97c   0x2dc  stm32f4xx_hal_tim.o [7]
  .text              ro code   0x800'ec58    0x5e  stm32f4xx_hal_wwdg.o [7]
  .text              ro code   0x800'ecb6     0x2  stm32f4xx_hal_rtc_ex.o [7]
  .text              ro code   0x800'ecb8     0x6  abort.o [16]
  .text              ro code   0x800'ecc0     0x2  I64DivZer.o [18]
  .text              ro code   0x800'ecc4    0x68  memcmp.o [18]
  .text              ro code   0x800'ed2c    0xa4  stm32f4xx_hal_msp.o [2]
  .text              ro code   0x800'edd0     0x2  stm32f4xx_hal_tim.o [7]
  .text              ro code   0x800'edd2     0x2  stm32f4xx_hal_tim.o [7]
  .text              ro code   0x800'edd4     0x2  stm32f4xx_hal_tim.o [7]
  .text              ro code   0x800'edd6     0x2  stm32f4xx_hal_tim_ex.o [7]
  .text              ro code   0x800'edd8     0x2  stm32f4xx_hal_tim.o [7]
  .text              ro code   0x800'edda     0x2  stm32f4xx_hal_tim_ex.o [7]
  .text              ro code   0x800'eddc    0x14  exit.o [19]
  .text              ro code   0x800'edf0    0x2c  iarttio.o [19]
  .text              ro code   0x800'ee1c     0x8  XShttio.o [16]
  .rodata            const     0x800'ee24   0x300  LED.o [2]
  .text              ro code   0x800'f124    0x7c  stm32f4xx_it.o [2]
  .text              ro code   0x800'f1a0    0x10  stm32f4xx_hal.o [7]
  .text              ro code   0x800'f1b0    0x60  system_stm32f4xx.o [6]
  .rodata            const     0x800'f210    0x5c  main.o [2]
  .rodata            const     0x800'f26c    0x4c  main.o [2]
  .rodata            const     0x800'f2b8    0x3c  tcp.o [13]
  .rodata            const     0x800'f2f4    0x38  app_ethernet.o [2]
  .rodata            const     0x800'f32c    0x38  tcp.o [13]
  .rodata            const     0x800'f364    0x38  tcp.o [13]
  .text              ro code   0x800'f39c    0x38  zero_init3.o [18]
  .rodata            const     0x800'f3d4    0x34  app_ethernet.o [2]
  .rodata            const     0x800'f408    0x34  app_ethernet.o [2]
  .rodata            const     0x800'f43c    0x34  app_ethernet.o [2]
  .rodata            const     0x800'f470    0x34  main.o [2]
  .rodata            const     0x800'f4a4    0x34  tcp.o [13]
  .rodata            const     0x800'f4d8    0x34  tcp.o [13]
  .rodata            const     0x800'f50c    0x34  tcp.o [13]
  .rodata            const     0x800'f540    0x34  tcp.o [13]
  .rodata            const     0x800'f574    0x30  main.o [2]
  .rodata            const     0x800'f5a4    0x30  main.o [2]
  .rodata            const     0x800'f5d4    0x30  tcp.o [13]
  .rodata            const     0x800'f604    0x30  tcp.o [13]
  .rodata            const     0x800'f634    0x30  tcp.o [13]
  .rodata            const     0x800'f664    0x2c  tcp.o [13]
  .rodata            const     0x800'f690    0x2c  tcp.o [13]
  .rodata            const     0x800'f6bc    0x28  app_ethernet.o [2]
  .rodata            const     0x800'f6e4    0x28  memp.o [13]
  .rodata            const     0x800'f70c    0x28  tcp.o [13]
  .rodata            const     0x800'f734    0x28  tcp.o [13]
  .rodata            const     0x800'f75c    0x28  tcp.o [13]
  .rodata            const     0x800'f784    0x28  tcp.o [13]
  .rodata            const     0x800'f7ac    0x28  timeouts.o [13]
  .text              ro code   0x800'f7d4    0x28  data_init.o [18]
  .rodata            const     0x800'f7fc    0x24  ethernetif.o [2]
  .rodata            const     0x800'f820    0x24  main.o [2]
  .rodata            const     0x800'f844    0x24  main.o [2]
  .rodata            const     0x800'f868    0x24  tcp.o [13]
  .rodata            const     0x800'f88c    0x24  tcp.o [13]
  .rodata            const     0x800'f8b0    0x24  tcp.o [13]
  .rodata            const     0x800'f8d4    0x24  tcp.o [13]
  .rodata            const     0x800'f8f8    0x24  udp.o [13]
  .rodata            const     0x800'f91c    0x24  udp_echoclient.o [2]
  .rodata            const     0x800'f940    0x24  udp_echoclient.o [2]
  .text              ro code   0x800'f964    0x22  fpinit_M.o [17]
  .iar.init_table    const     0x800'f988    0x24  - Linker created -
  .rodata            const     0x800'f9ac    0x20  app_ethernet.o [2]
  .rodata            const     0x800'f9cc    0x20  app_ethernet.o [2]
  .rodata            const     0x800'f9ec    0x20  app_ethernet.o [2]
  .rodata            const     0x800'fa0c    0x20  main.o [2]
  .rodata            const     0x800'fa2c    0x20  tcp.o [13]
  .rodata            const     0x800'fa4c    0x20  tcp.o [13]
  .text              ro code   0x800'fa6c    0x1e  cmain.o [18]
  .text              ro code   0x800'fa8a     0x4  low_level_init.o [16]
  .text              ro code   0x800'fa8e     0x4  exit.o [16]
  .text              ro code   0x800'fa94     0xa  cexit.o [18]
  .rodata            const     0x800'faa0    0x1c  ethernetif.o [2]
  .rodata            const     0x800'fabc    0x1c  main.o [2]
  .rodata            const     0x800'fad8    0x1c  main.o [2]
  .rodata            const     0x800'faf4    0x1c  main.o [2]
  .rodata            const     0x800'fb10    0x1c  main.o [2]
  .rodata            const     0x800'fb2c    0x1c  tcp.o [13]
  .rodata            const     0x800'fb48    0x1c  tcp.o [13]
  .text              ro code   0x800'fb64    0x1c  cstartup_M.o [18]
  .rodata            const     0x800'fb80    0x18  main.o [2]
  .rodata            const     0x800'fb98    0x18  tcp.o [13]
  .rodata            const     0x800'fbb0    0x14  udp.o [13]
  .rodata            const     0x800'fbc4    0x14  udp.o [13]
  .rodata            const     0x800'fbd8    0x14  udp.o [13]
  .rodata            const     0x800'fbec    0x14  WWDG.o [2]
  .rodata            const     0x800'fc00    0x14  WWDG.o [2]
  .rodata            const     0x800'fc14    0x10  main.o [2]
  .rodata            const     0x800'fc24    0x10  main.o [2]
  .rodata            const     0x800'fc34    0x10  main.o [2]
  .rodata            const     0x800'fc44    0x10  system_stm32f4xx.o [6]
  .rodata            const     0x800'fc54    0x10  tcp.o [13]
  .rodata            const     0x800'fc64    0x10  tcp.o [13]
  .rodata            const     0x800'fc74    0x10  tcp.o [13]
  .rodata            const     0x800'fc84    0x10  udp.o [13]
  .rodata            const     0x800'fc94    0x10  udp.o [13]
  .rodata            const     0x800'fca4    0x10  udp.o [13]
  .text              ro code   0x800'fcb4    0x10  startup_stm32f407xx.o [1]
  .rodata            const     0x800'fcc4     0xc  main.o [2]
  .rodata            const     0x800'fcd0     0xc  memp.o [13]
  .rodata            const     0x800'fcdc     0xc  memp.o [13]
  .rodata            const     0x800'fce8     0xc  memp.o [13]
  .rodata            const     0x800'fcf4     0xc  memp.o [13]
  .rodata            const     0x800'fd00     0xc  memp.o [13]
  .rodata            const     0x800'fd0c     0xc  memp.o [13]
  .rodata            const     0x800'fd18     0xc  memp.o [13]
  .rodata            const     0x800'fd24     0xc  memp.o [13]
  .rodata            const     0x800'fd30     0xc  memp.o [13]
  .rodata            const     0x800'fd3c     0xc  memp.o [13]
  .rodata            const     0x800'fd48     0xc  tcp.o [13]
  .rodata            const     0x800'fd54     0xc  tcp.o [13]
  .rodata            const     0x800'fd60     0xc  tcp.o [13]
  .rodata            const     0x800'fd6c     0xc  tcp.o [13]
  .rodata            const     0x800'fd78     0xc  tcp.o [13]
  .rodata            const     0x800'fd84     0xc  tcp.o [13]
  .rodata            const     0x800'fd90     0xc  tcp.o [13]
  .rodata            const     0x800'fd9c     0xc  tcp.o [13]
  .rodata            const     0x800'fda8     0xc  tcp.o [13]
  .rodata            const     0x800'fdb4     0xc  udp.o [13]
  .rodata            const     0x800'fdc0     0xc  udp.o [13]
  .rodata            const     0x800'fdcc     0xc  udp.o [13]
  .rodata            const     0x800'fdd8     0xc  udp.o [13]
  .rodata            const     0x800'fde4     0x8  ethernet.o [15]
  .rodata            const     0x800'fdec     0x8  ethernet.o [15]
  .rodata            const     0x800'fdf4     0x8  ethernetif.o [2]
  .rodata            const     0x800'fdfc     0x8  main.o [2]
  .rodata            const     0x800'fe04     0x8  main.o [2]
  .rodata            const     0x800'fe0c     0x8  main.o [2]
  .rodata            const     0x800'fe14     0x8  main.o [2]
  .rodata            const     0x800'fe1c     0x8  main.o [2]
  .rodata            const     0x800'fe24     0x8  system_stm32f4xx.o [6]
  .rodata            const     0x800'fe2c     0x8  tcp.o [13]
  .rodata            const     0x800'fe34     0x8  tcp.o [13]
  .rodata            const     0x800'fe3c     0x8  tcp.o [13]
  .rodata            const     0x800'fe44     0x8  tcp.o [13]
  .rodata            const     0x800'fe4c     0x8  udp.o [13]
  .rodata            const     0x800'fe54     0x8  udp.o [13]
  .rodata            const     0x800'fe5c     0x8  udp.o [13]
  .rodata            const     0x800'fe64     0x8  udp.o [13]
  .rodata            const     0x800'fe6c     0x8  udp.o [13]
  .rodata            const     0x800'fe74     0x8  USRAT.o [2]
  .rodata            const     0x800'fe7c     0x4  ip4_addr.o [14]
  .rodata            const     0x800'fe80     0x4  ip4_addr.o [14]
  .text              ro code   0x800'fe84     0x4  startup_stm32f407xx.o [1]
  .text              ro code   0x800'fe88     0x4  startup_stm32f407xx.o [1]
  .text              ro code   0x800'fe8c     0x4  startup_stm32f407xx.o [1]
  .text              ro code   0x800'fe90     0x4  startup_stm32f407xx.o [1]
  .text              ro code   0x800'fe94     0x4  startup_stm32f407xx.o [1]
  .text              ro code   0x800'fe98     0x4  startup_stm32f407xx.o [1]
  .text              ro code   0x800'fe9c     0x4  startup_stm32f407xx.o [1]
  .text              ro code   0x800'fea0     0x4  startup_stm32f407xx.o [1]
  .text              ro code   0x800'fea4     0x4  startup_stm32f407xx.o [1]
  .text              ro code   0x800'fea8     0x4  startup_stm32f407xx.o [1]
  .text              ro code   0x800'feac     0x4  startup_stm32f407xx.o [1]
  .text              ro code   0x800'feb0     0x4  startup_stm32f407xx.o [1]
  .text              ro code   0x800'feb4     0x4  startup_stm32f407xx.o [1]
  .text              ro code   0x800'feb8     0x4  startup_stm32f407xx.o [1]
  .text              ro code   0x800'febc     0x4  startup_stm32f407xx.o [1]
  .text              ro code   0x800'fec0     0x4  startup_stm32f407xx.o [1]
  .text              ro code   0x800'fec4     0x4  startup_stm32f407xx.o [1]
  .text              ro code   0x800'fec8     0x4  startup_stm32f407xx.o [1]
  .text              ro code   0x800'fecc     0x4  startup_stm32f407xx.o [1]
  .text              ro code   0x800'fed0     0x4  startup_stm32f407xx.o [1]
  .text              ro code   0x800'fed4     0x4  startup_stm32f407xx.o [1]
  .text              ro code   0x800'fed8     0x4  startup_stm32f407xx.o [1]
  .text              ro code   0x800'fedc     0x4  startup_stm32f407xx.o [1]
  .text              ro code   0x800'fee0     0x4  startup_stm32f407xx.o [1]
  .text              ro code   0x800'fee4     0x4  startup_stm32f407xx.o [1]
  .text              ro code   0x800'fee8     0x4  startup_stm32f407xx.o [1]
  .text              ro code   0x800'feec     0x4  startup_stm32f407xx.o [1]
  .text              ro code   0x800'fef0     0x4  startup_stm32f407xx.o [1]
  .text              ro code   0x800'fef4     0x4  startup_stm32f407xx.o [1]
  .text              ro code   0x800'fef8     0x4  startup_stm32f407xx.o [1]
  .text              ro code   0x800'fefc     0x4  startup_stm32f407xx.o [1]
  .text              ro code   0x800'ff00     0x4  startup_stm32f407xx.o [1]
  .text              ro code   0x800'ff04     0x4  startup_stm32f407xx.o [1]
  .text              ro code   0x800'ff08     0x4  startup_stm32f407xx.o [1]
  .text              ro code   0x800'ff0c     0x4  startup_stm32f407xx.o [1]
  .text              ro code   0x800'ff10     0x4  startup_stm32f407xx.o [1]
  .text              ro code   0x800'ff14     0x4  startup_stm32f407xx.o [1]
  .text              ro code   0x800'ff18     0x4  startup_stm32f407xx.o [1]
  .text              ro code   0x800'ff1c     0x4  startup_stm32f407xx.o [1]
  .text              ro code   0x800'ff20     0x4  startup_stm32f407xx.o [1]
  .text              ro code   0x800'ff24     0x4  startup_stm32f407xx.o [1]
  .text              ro code   0x800'ff28     0x4  startup_stm32f407xx.o [1]
  .text              ro code   0x800'ff2c     0x4  startup_stm32f407xx.o [1]
  .text              ro code   0x800'ff30     0x4  startup_stm32f407xx.o [1]
  .text              ro code   0x800'ff34     0x4  startup_stm32f407xx.o [1]
  .text              ro code   0x800'ff38     0x4  startup_stm32f407xx.o [1]
  .text              ro code   0x800'ff3c     0x4  startup_stm32f407xx.o [1]
  .text              ro code   0x800'ff40     0x4  startup_stm32f407xx.o [1]
  .text              ro code   0x800'ff44     0x4  startup_stm32f407xx.o [1]
  .text              ro code   0x800'ff48     0x4  startup_stm32f407xx.o [1]
  .text              ro code   0x800'ff4c     0x4  startup_stm32f407xx.o [1]
  .text              ro code   0x800'ff50     0x4  startup_stm32f407xx.o [1]
  .text              ro code   0x800'ff54     0x4  startup_stm32f407xx.o [1]
  .text              ro code   0x800'ff58     0x4  startup_stm32f407xx.o [1]
  .text              ro code   0x800'ff5c     0x4  startup_stm32f407xx.o [1]
  .text              ro code   0x800'ff60     0x4  startup_stm32f407xx.o [1]
  .text              ro code   0x800'ff64     0x4  startup_stm32f407xx.o [1]
  .text              ro code   0x800'ff68     0x4  startup_stm32f407xx.o [1]
  .text              ro code   0x800'ff6c     0x4  startup_stm32f407xx.o [1]
  .text              ro code   0x800'ff70     0x4  startup_stm32f407xx.o [1]
  .text              ro code   0x800'ff74     0x4  startup_stm32f407xx.o [1]
  .text              ro code   0x800'ff78     0x4  startup_stm32f407xx.o [1]
  .text              ro code   0x800'ff7c     0x4  startup_stm32f407xx.o [1]
  .text              ro code   0x800'ff80     0x4  startup_stm32f407xx.o [1]
  .text              ro code   0x800'ff84     0x4  startup_stm32f407xx.o [1]
  .text              ro code   0x800'ff88     0x4  startup_stm32f407xx.o [1]
  .rodata            const     0x800'ff8c     0x0  zero_init3.o [18]
  .rodata            const     0x800'ff8c     0x0  copy_init3.o [18]
  Initializer bytes  const     0x800'ff8c    0x94  <for P4 s0>
                             - 0x801'0020  0xfe98

"P4", part 1 of 3:                           0x94
  P4 s0                       0x2000'0000    0x94  <Init block>
    .data            inited   0x2000'0000    0x38  xlocale_c.o [16]
    .data            inited   0x2000'0038    0x34  main.o [2]
    .data            inited   0x2000'006c     0x8  rand.o [16]
    .data            inited   0x2000'0074     0x8  XShttio.o [16]
    .data            inited   0x2000'007c     0x4  dhcp.o [14]
    .data            inited   0x2000'0080     0x4  Flash.o [2]
    .data            inited   0x2000'0084     0x4  system_stm32f4xx.o [6]
    .data            inited   0x2000'0088     0x4  tcp.o [13]
    .data            inited   0x2000'008c     0x2  Flash.o [2]
    .data            inited   0x2000'008e     0x2  udp.o [13]
    .data            inited   0x2000'0090     0x1  app_ethernet.o [2]
    .data            inited   0x2000'0091     0x1  LED.o [2]
    .data            inited   0x2000'0092     0x1  main.o [2]
                            - 0x2000'0094    0x94

"P4", part 2 of 3:                         0xdfec
  .bss               zero     0x2000'0094  0x32cc  USRAT.o [2]
  .bss               zero     0x2000'3360  0x2e24  memp.o [13]
  .bss               zero     0x2000'6184  0x2814  mem.o [13]
  .bss               zero     0x2000'8998  0x17d0  ethernetif.o [2]
  .bss               zero     0x2000'a168  0x17d0  ethernetif.o [2]
  .bss               zero     0x2000'b938   0x5cc  memp.o [13]
  .bss               zero     0x2000'bf04   0x400  udp_echoclient.o [2]
  .bss               zero     0x2000'c304   0x400  USRAT.o [2]
  .bss               zero     0x2000'c704   0x23c  main.o [2]
  .bss               zero     0x2000'c940   0x200  main.o [2]
  .bss               zero     0x2000'cb40   0x16c  memp.o [13]
  .bss               zero     0x2000'ccac   0x100  main.o [2]
  .bss               zero     0x2000'cdac   0x100  USRAT.o [2]
  .bss               zero     0x2000'ceac   0x100  USRAT.o [2]
  .bss               zero     0x2000'cfac   0x100  USRAT.o [2]
  .bss               zero     0x2000'd0ac   0x100  USRAT.o [2]
  .bss               zero     0x2000'd1ac   0x100  USRAT.o [2]
  .bss               zero     0x2000'd2ac   0x100  USRAT.o [2]
  .bss               zero     0x2000'd3ac    0xf0  etharp.o [14]
  .bss               zero     0x2000'd49c    0xc4  memp.o [13]
  .bss               zero     0x2000'd560    0xa4  memp.o [13]
  .bss               zero     0x2000'd604    0xa4  memp.o [13]
  .bss               zero     0x2000'd6a8    0xa4  memp.o [13]
  .bss               zero     0x2000'd74c    0x90  memp.o [13]
  .bss               zero     0x2000'd7dc    0x84  memp.o [13]
  .bss               zero     0x2000'd860    0x84  rand.o [16]
  .bss               zero     0x2000'd8e4    0x80  ethernetif.o [2]
  .bss               zero     0x2000'd964    0x80  ethernetif.o [2]
  .bss               zero     0x2000'd9e4    0x74  memp.o [13]
  .bss               zero     0x2000'da58    0x60  USRAT.o [2]
  .bss               zero     0x2000'dab8    0x60  USRAT.o [2]
  .bss               zero     0x2000'db18    0x54  I2C.o [2]
  .bss               zero     0x2000'db6c    0x54  I2C.o [2]
  .bss               zero     0x2000'dbc0    0x48  ethernetif.o [2]
  .bss               zero     0x2000'dc08    0x48  main.o [2]
  .bss               zero     0x2000'dc50    0x48  main.o [2]
  .bss               zero     0x2000'dc98    0x40  USRAT.o [2]
  .bss               zero     0x2000'dcd8    0x40  USRAT.o [2]
  .bss               zero     0x2000'dd18    0x40  USRAT.o [2]
  .bss               zero     0x2000'dd58    0x3c  Timer.o [2]
  .bss               zero     0x2000'dd94    0x3c  Timer.o [2]
  .bss               zero     0x2000'ddd0    0x38  main.o [2]
  .bss               zero     0x2000'de08    0x28  dhcp.o [14]
  .bss               zero     0x2000'de30    0x28  main.o [2]
  .bss               zero     0x2000'de58    0x28  USRAT.o [2]
  .bss               zero     0x2000'de80    0x28  USRAT.o [2]
  .bss               zero     0x2000'dea8    0x20  main.o [2]
  .bss               zero     0x2000'dec8    0x20  stm32f4xx_hal_flash.o [7]
  .bss               zero     0x2000'dee8    0x18  ip.o [13]
  .bss               zero     0x2000'df00    0x14  Flash.o [2]
  .bss               zero     0x2000'df14    0x14  main.o [2]
  .bss               zero     0x2000'df28    0x14  WWDG.o [2]
  .bss               zero     0x2000'df3c    0x10  ip4_addr.o [14]
  .bss               zero     0x2000'df4c    0x10  tcp_in.o [13]
  .bss               zero     0x2000'df5c     0xc  dhcp.o [14]
  .bss               zero     0x2000'df68     0x8  USRAT.o [2]
  .bss               zero     0x2000'df70     0x8  USRAT.o [2]
  .bss               zero     0x2000'df78     0x4  app_ethernet.o [2]
  .bss               zero     0x2000'df7c     0x4  dhcp.o [14]
  .bss               zero     0x2000'df80     0x4  dhcp.o [14]
  .bss               zero     0x2000'df84     0x4  ethernetif.o [2]
  .bss               zero     0x2000'df88     0x4  Flash.o [2]
  .bss               zero     0x2000'df8c     0x4  Flash.o [2]
  .bss               zero     0x2000'df90     0x4  Flash.o [2]
  .bss               zero     0x2000'df94     0x4  ip4_frag.o [14]
  .bss               zero     0x2000'df98     0x4  main.o [2]
  .bss               zero     0x2000'df9c     0x4  main.o [2]
  .bss               zero     0x2000'dfa0     0x4  main.o [2]
  .bss               zero     0x2000'dfa4     0x4  main.o [2]
  .bss               zero     0x2000'dfa8     0x4  main.o [2]
  .bss               zero     0x2000'dfac     0x4  main.o [2]
  .bss               zero     0x2000'dfb0     0x4  main.o [2]
  .bss               zero     0x2000'dfb4     0x4  main.o [2]
  .bss               zero     0x2000'dfb8     0x4  main.o [2]
  .bss               zero     0x2000'dfbc     0x4  mem.o [13]
  .bss               zero     0x2000'dfc0     0x4  mem.o [13]
  .bss               zero     0x2000'dfc4     0x4  mem.o [13]
  .bss               zero     0x2000'dfc8     0x4  memp.o [13]
  .bss               zero     0x2000'dfcc     0x4  memp.o [13]
  .bss               zero     0x2000'dfd0     0x4  memp.o [13]
  .bss               zero     0x2000'dfd4     0x4  memp.o [13]
  .bss               zero     0x2000'dfd8     0x4  memp.o [13]
  .bss               zero     0x2000'dfdc     0x4  memp.o [13]
  .bss               zero     0x2000'dfe0     0x4  memp.o [13]
  .bss               zero     0x2000'dfe4     0x4  memp.o [13]
  .bss               zero     0x2000'dfe8     0x4  memp.o [13]
  .bss               zero     0x2000'dfec     0x4  memp.o [13]
  .bss               zero     0x2000'dff0     0x4  netif.o [13]
  .bss               zero     0x2000'dff4     0x4  netif.o [13]
  .bss               zero     0x2000'dff8     0x4  raw.o [13]
  .bss               zero     0x2000'dffc     0x4  stm32f4xx_hal.o [7]
  .bss               zero     0x2000'e000     0x4  tcp.o [13]
  .bss               zero     0x2000'e004     0x4  tcp.o [13]
  .bss               zero     0x2000'e008     0x4  tcp.o [13]
  .bss               zero     0x2000'e00c     0x4  tcp.o [13]
  .bss               zero     0x2000'e010     0x4  tcp.o [13]
  .bss               zero     0x2000'e014     0x4  tcp_in.o [13]
  .bss               zero     0x2000'e018     0x4  tcp_in.o [13]
  .bss               zero     0x2000'e01c     0x4  tcp_in.o [13]
  .bss               zero     0x2000'e020     0x4  tcp_in.o [13]
  .bss               zero     0x2000'e024     0x4  tcp_in.o [13]
  .bss               zero     0x2000'e028     0x4  tcp_in.o [13]
  .bss               zero     0x2000'e02c     0x4  timeouts.o [13]
  .bss               zero     0x2000'e030     0x4  timeouts.o [13]
  .bss               zero     0x2000'e034     0x4  timeouts.o [13]
  .bss               zero     0x2000'e038     0x4  Timer.o [2]
  .bss               zero     0x2000'e03c     0x4  Timer.o [2]
  .bss               zero     0x2000'e040     0x4  Timer.o [2]
  .bss               zero     0x2000'e044     0x4  udp.o [13]
  .bss               zero     0x2000'e048     0x4  udp_echoclient.o [2]
  .bss               zero     0x2000'e04c     0x4  udp_echoclient.o [2]
  .bss               zero     0x2000'e050     0x4  USRAT.o [2]
  .bss               zero     0x2000'e054     0x4  xfail_s.o [16]
  .bss               zero     0x2000'e058     0x2  ip4.o [14]
  .bss               zero     0x2000'e05a     0x2  ip4_frag.o [14]
  .bss               zero     0x2000'e05c     0x2  main.o [2]
  .bss               zero     0x2000'e05e     0x2  tcp_in.o [13]
  .bss               zero     0x2000'e060     0x2  tcp_in.o [13]
  .bss               zero     0x2000'e062     0x2  tcp_in.o [13]
  .bss               zero     0x2000'e064     0x2  tcp_in.o [13]
  .bss               zero     0x2000'e066     0x2  tcp_in.o [13]
  .bss               zero     0x2000'e068     0x2  udp.o [13]
  .bss               zero     0x2000'e06a     0x1  dhcp.o [14]
  .bss               zero     0x2000'e06b     0x1  etharp.o [14]
  .bss               zero     0x2000'e06c     0x1  LED.o [2]
  .bss               zero     0x2000'e06d     0x1  main.o [2]
  .bss               zero     0x2000'e06e     0x1  main.o [2]
  .bss               zero     0x2000'e06f     0x1  main.o [2]
  .bss               zero     0x2000'e070     0x1  main.o [2]
  .bss               zero     0x2000'e071     0x1  main.o [2]
  .bss               zero     0x2000'e072     0x1  main.o [2]
  .bss               zero     0x2000'e073     0x1  main.o [2]
  .bss               zero     0x2000'e074     0x1  main.o [2]
  .bss               zero     0x2000'e075     0x1  main.o [2]
  .bss               zero     0x2000'e076     0x1  main.o [2]
  .bss               zero     0x2000'e077     0x1  netif.o [13]
  .bss               zero     0x2000'e078     0x1  tcp.o [13]
  .bss               zero     0x2000'e079     0x1  tcp.o [13]
  .bss               zero     0x2000'e07a     0x1  tcp.o [13]
  .bss               zero     0x2000'e07b     0x1  tcp_in.o [13]
  .bss               zero     0x2000'e07c     0x1  tcp_in.o [13]
  .bss               zero     0x2000'e07d     0x1  udp_echoclient.o [2]
  .bss               zero     0x2000'e07e     0x1  udp_echoclient.o [2]
                            - 0x2000'e07f  0xdfeb

"P4", part 3 of 3:                         0x2000
  CSTACK                      0x2000'e080  0x2000  <Block>
    CSTACK           uninit   0x2000'e080  0x2000  <Block tail>
                            - 0x2001'0080  0x2000

Unused ranges:

         From           To      Size
         ----           --      ----
   0x801'0020   0x80f'ffff  0xe'ffe0
  0x2001'0080  0x2001'bfff    0xbf80
  0x2001'c000  0x2001'ffff    0x4000


*******************************************************************************
*** INIT TABLE
***

          Address      Size
          -------      ----
Zero (__iar_zero_init3)
    1 destination range, total size 0xdfeb:
          0x2000'0094  0xdfeb

Copy (__iar_copy_init3)
    1 source range, total size 0x94 (100% of destination):
           0x800'ff8c    0x94
    1 destination range, total size 0x93:
          0x2000'0000    0x93



*******************************************************************************
*** MODULE SUMMARY
***

    Module                    ro code  ro data  rw data
    ------                    -------  -------  -------
command line/config:
    ---------------------------------------------------
    Total:

C:\D\SW2_Team\emu_208_ledc\File\EWARM\STM324xG_EVAL\Obj\Application\EWARM: [1]
    startup_stm32f407xx.o         672
    ---------------------------------------------------
    Total:                        672

C:\D\SW2_Team\emu_208_ledc\File\EWARM\STM324xG_EVAL\Obj\Application\User: [2]
    AmpGpio.o                     108
    Flash.o                       388        6       38
    I2C.o                          68               168
    LED.o                       1'204      769        2
    Timer.o                       264               132
    USRAT.o                     1'644        8   16'048
    WWDG.o                        182       40       20
    app_ethernet.o                504      349        5
    ethernetif.o                1'664       72   12'524
    main.o                      2'238      709    1'733
    stm32f4xx_hal_msp.o           164
    stm32f4xx_it.o                124
    udp_echoclient.o              272       72    1'034
    ---------------------------------------------------
    Total:                      8'824    2'025   31'704

C:\D\SW2_Team\emu_208_ledc\File\EWARM\STM324xG_EVAL\Obj\Application\Utilities\Fonts: [3]
    ---------------------------------------------------
    Total:

C:\D\SW2_Team\emu_208_ledc\File\EWARM\STM324xG_EVAL\Obj\Drivers\BSP\Components: [4]
    ---------------------------------------------------
    Total:

C:\D\SW2_Team\emu_208_ledc\File\EWARM\STM324xG_EVAL\Obj\Drivers\BSP\STM324xG_EVAL: [5]
    ---------------------------------------------------
    Total:

C:\D\SW2_Team\emu_208_ledc\File\EWARM\STM324xG_EVAL\Obj\Drivers\CMSIS: [6]
    system_stm32f4xx.o             96       28        4
    ---------------------------------------------------
    Total:                         96       28        4

C:\D\SW2_Team\emu_208_ledc\File\EWARM\STM324xG_EVAL\Obj\Drivers\STM32F4xx_HAL_Driver: [7]
    stm32f4xx_hal.o               156                 4
    stm32f4xx_hal_cortex.o        432
    stm32f4xx_hal_dma.o           576
    stm32f4xx_hal_eth.o         3'140
    stm32f4xx_hal_flash.o         236                32
    stm32f4xx_hal_flash_ex.o      404
    stm32f4xx_hal_gpio.o          656
    stm32f4xx_hal_i2c.o         5'078
    stm32f4xx_hal_rcc.o         1'440
    stm32f4xx_hal_rtc.o           872
    stm32f4xx_hal_rtc_ex.o          2
    stm32f4xx_hal_tim.o           740
    stm32f4xx_hal_tim_ex.o          4
    stm32f4xx_hal_uart.o        1'748
    stm32f4xx_hal_wwdg.o           94
    ---------------------------------------------------
    Total:                     15'578                36

C:\D\SW2_Team\emu_208_ledc\File\EWARM\STM324xG_EVAL\Obj\Drivers\display\Config: [8]
    ---------------------------------------------------
    Total:

C:\D\SW2_Team\emu_208_ledc\File\EWARM\STM324xG_EVAL\Obj\Drivers\display\Example: [9]
    ---------------------------------------------------
    Total:

C:\D\SW2_Team\emu_208_ledc\File\EWARM\STM324xG_EVAL\Obj\Drivers\display\GUI: [10]
    ---------------------------------------------------
    Total:

C:\D\SW2_Team\emu_208_ledc\File\EWARM\STM324xG_EVAL\Obj\Drivers\display\OLED: [11]
    ---------------------------------------------------
    Total:

C:\D\SW2_Team\emu_208_ledc\File\EWARM\STM324xG_EVAL\Obj\Middlewares\LwIP\Api: [12]
    ---------------------------------------------------
    Total:

C:\D\SW2_Team\emu_208_ledc\File\EWARM\STM324xG_EVAL\Obj\Middlewares\LwIP\Core: [13]
    def.o                          44
    inet_chksum.o                 202
    init.o                         28
    ip.o                                             24
    mem.o                         816            10'272
    memp.o                        188      160   14'780
    netif.o                       546                 9
    pbuf.o                      1'714
    raw.o                         276                 4
    tcp.o                       3'386    1'252       27
    tcp_in.o                    4'936                52
    tcp_out.o                   2'316
    timeouts.o                    488       40       12
    udp.o                       2'316      234        8
    ---------------------------------------------------
    Total:                     17'256    1'686   25'188

C:\D\SW2_Team\emu_208_ledc\File\EWARM\STM324xG_EVAL\Obj\Middlewares\LwIP\Core\IPv4: [14]
    dhcp.o                      4'754        4       65
    etharp.o                    2'476               241
    icmp.o                        646
    ip4.o                       1'000                 2
    ip4_addr.o                    272        8       16
    ip4_frag.o                  1'888                 6
    ---------------------------------------------------
    Total:                     11'036       12      330

C:\D\SW2_Team\emu_208_ledc\File\EWARM\STM324xG_EVAL\Obj\Middlewares\LwIP\Netif: [15]
    ethernet.o                    326       16
    ---------------------------------------------------
    Total:                        326       16

dl7M_tlf.a: [16]
    XShttio.o                       8        8        8
    abort.o                         6
    exit.o                          4
    low_level_init.o                4
    rand.o                        156        8      140
    sprintf.o                      64
    strncmp.o                      42
    vsprintf.o                     52
    xfail_s.o                      64                 4
    xlocale_c.o                     8       59       56
    xprintffull_nomb.o          3'754
    xsprout.o                      10
    ---------------------------------------------------
    Total:                      4'172       75      208

m7M_tls.a: [17]
    DblAddSub.o                   590
    DblCmpGe.o                     52
    DblCmpLe.o                     52
    DblDiv.o                      582
    DblMul.o                      426
    DblToS32.o                     54
    DblToU32.o                     34
    S32ToDbl.o                     34
    U32ToDbl.o                     28
    fpinit_M.o                     34
    frexp.o                       112
    ldexp.o                       314
    ---------------------------------------------------
    Total:                      2'312

rt7M_tl.a: [18]
    ABImemcpy.o                   166
    ABImemset.o                   102
    I64DivMod.o                   560
    I64DivZer.o                     2
    cexit.o                        10
    cmain.o                        30
    copy_init3.o                   42
    cstartup_M.o                   28
    data_init.o                    40
    memchr.o                       88
    memcmp.o                      104
    strchr.o                       22
    strlen.o                       54
    zero_init3.o                   56
    ---------------------------------------------------
    Total:                      1'304

shb_l.a: [19]
    exit.o                         20
    iarttio.o                      44
    ---------------------------------------------------
    Total:                         64

    Gaps                           45        4
    Linker created                          37    8'192
-------------------------------------------------------
    Grand Total:               61'685    3'883   65'662


*******************************************************************************
*** ENTRY LIST
***

Entry                       Address    Size  Type      Object
-----                       -------    ----  ----      ------
.iar.init_table$$Base    0x800'f988           --   Gb  - Linker created -
.iar.init_table$$Limit   0x800'f9ac           --   Gb  - Linker created -
?main                    0x800'fa6d          Code  Gb  cmain.o [18]
ADC_IRQHandler           0x800'fec5          Code  Wk  startup_stm32f407xx.o [1]
AHBPrescTable            0x800'fc44    0x10  Data  Gb  system_stm32f4xx.o [6]
APBPrescTable            0x800'fe24     0x8  Data  Gb  system_stm32f4xx.o [6]
AdcHandle1              0x2000'dc08    0x48  Data  Gb  main.o [2]
AdcHandle3              0x2000'dc50    0x48  Data  Gb  main.o [2]
BCD_BIN                  0x800'4f9b    0x40  Code  Gb  USRAT.o [2]
BIN_BCD                  0x800'4fdb    0x54  Code  Gb  USRAT.o [2]
BSP_Config               0x800'924f    0xf2  Code  Lc  main.o [2]
BusFault_Handler         0x800'f12b     0x2  Code  Gb  stm32f4xx_it.o [2]
CAN1_RX0_IRQHandler      0x800'fecd          Code  Wk  startup_stm32f407xx.o [1]
CAN1_RX1_IRQHandler      0x800'fed1          Code  Wk  startup_stm32f407xx.o [1]
CAN1_SCE_IRQHandler      0x800'fed5          Code  Wk  startup_stm32f407xx.o [1]
CAN1_TX_IRQHandler       0x800'fec9          Code  Wk  startup_stm32f407xx.o [1]
CAN2_RX0_IRQHandler      0x800'ff49          Code  Wk  startup_stm32f407xx.o [1]
CAN2_RX1_IRQHandler      0x800'ff4d          Code  Wk  startup_stm32f407xx.o [1]
CAN2_SCE_IRQHandler      0x800'ff51          Code  Wk  startup_stm32f407xx.o [1]
CAN2_TX_IRQHandler       0x800'ff45          Code  Wk  startup_stm32f407xx.o [1]
CSTACK$$Base            0x2000'e080           --   Gb  - Linker created -
CSTACK$$Limit           0x2001'0080           --   Gb  - Linker created -
ConvAsc2Hex              0x800'502f    0x54  Code  Gb  USRAT.o [2]
DCMI_IRQHandler          0x800'ff81          Code  Wk  startup_stm32f407xx.o [1]
DHCP_Periodic_Handle     0x800'90e7    0x22  Code  Gb  app_ethernet.o [2]
DHCP_Process             0x800'8fc1   0x126  Code  Gb  app_ethernet.o [2]
DHCP_state              0x2000'0090     0x1  Data  Gb  app_ethernet.o [2]
DHCPfineTimer           0x2000'df78     0x4  Data  Gb  app_ethernet.o [2]
DMA1_Stream0_IRQHandler
                         0x800'feb1          Code  Wk  startup_stm32f407xx.o [1]
DMA1_Stream1_IRQHandler
                         0x800'feb5          Code  Wk  startup_stm32f407xx.o [1]
DMA1_Stream2_IRQHandler
                         0x800'4e85     0xc  Code  Gb  USRAT.o [2]
DMA1_Stream3_IRQHandler
                         0x800'feb9          Code  Wk  startup_stm32f407xx.o [1]
DMA1_Stream4_IRQHandler
                         0x800'4e91     0xc  Code  Gb  USRAT.o [2]
DMA1_Stream5_IRQHandler
                         0x800'febd          Code  Wk  startup_stm32f407xx.o [1]
DMA1_Stream6_IRQHandler
                         0x800'fec1          Code  Wk  startup_stm32f407xx.o [1]
DMA1_Stream7_IRQHandler
                         0x800'ff15          Code  Wk  startup_stm32f407xx.o [1]
DMA2_Stream0_IRQHandler
                         0x800'f175     0xc  Code  Gb  stm32f4xx_it.o [2]
DMA2_Stream1_IRQHandler
                         0x800'ff31          Code  Wk  startup_stm32f407xx.o [1]
DMA2_Stream2_IRQHandler
                         0x800'ff35          Code  Wk  startup_stm32f407xx.o [1]
DMA2_Stream3_IRQHandler
                         0x800'ff39          Code  Wk  startup_stm32f407xx.o [1]
DMA2_Stream4_IRQHandler
                         0x800'f181     0xc  Code  Gb  stm32f4xx_it.o [2]
DMA2_Stream5_IRQHandler
                         0x800'ff59          Code  Wk  startup_stm32f407xx.o [1]
DMA2_Stream6_IRQHandler
                         0x800'ff5d          Code  Wk  startup_stm32f407xx.o [1]
DMA2_Stream7_IRQHandler
                         0x800'ff61          Code  Wk  startup_stm32f407xx.o [1]
DMARxDscrTab            0x2000'd8e4    0x80  Data  Gb  ethernetif.o [2]
DMATxDscrTab            0x2000'd964    0x80  Data  Gb  ethernetif.o [2]
DP_RING_BUF_POP          0x800'51ab    0x5a  Code  Gb  USRAT.o [2]
DP_RING_BUF_PUSH         0x800'50e5    0xc6  Code  Gb  USRAT.o [2]
DebugMon_Handler         0x800'f12f     0x2  Code  Gb  stm32f4xx_it.o [2]
ETH_DMAReceptionDisable
                         0x800'8c9b    0x12  Code  Lc  stm32f4xx_hal_eth.o [7]
ETH_DMAReceptionEnable   0x800'8c89    0x12  Code  Lc  stm32f4xx_hal_eth.o [7]
ETH_DMATransmissionDisable
                         0x800'8c77    0x12  Code  Lc  stm32f4xx_hal_eth.o [7]
ETH_DMATransmissionEnable
                         0x800'8c65    0x12  Code  Lc  stm32f4xx_hal_eth.o [7]
ETH_Delay                0x800'8cd9    0x26  Code  Lc  stm32f4xx_hal_eth.o [7]
ETH_FlushTransmitFIFO    0x800'8cad    0x2c  Code  Lc  stm32f4xx_hal_eth.o [7]
ETH_IRQHandler           0x800'ff3d          Code  Wk  startup_stm32f407xx.o [1]
ETH_MACAddressConfig     0x800'8b8b    0x2e  Code  Lc  stm32f4xx_hal_eth.o [7]
ETH_MACDMAConfig         0x800'8947   0x244  Code  Lc  stm32f4xx_hal_eth.o [7]
ETH_MACReceptionDisable
                         0x800'8c3d    0x28  Code  Lc  stm32f4xx_hal_eth.o [7]
ETH_MACReceptionEnable   0x800'8c15    0x28  Code  Lc  stm32f4xx_hal_eth.o [7]
ETH_MACTransmissionDisable
                         0x800'8bed    0x28  Code  Lc  stm32f4xx_hal_eth.o [7]
ETH_MACTransmissionEnable
                         0x800'8bc5    0x28  Code  Lc  stm32f4xx_hal_eth.o [7]
ETH_WKUP_IRQHandler      0x800'ff41          Code  Wk  startup_stm32f407xx.o [1]
EXTI0_IRQHandler         0x800'f143     0xa  Code  Gb  stm32f4xx_it.o [2]
EXTI15_10_IRQHandler     0x800'fefd          Code  Wk  startup_stm32f407xx.o [1]
EXTI1_IRQHandler         0x800'fea1          Code  Wk  startup_stm32f407xx.o [1]
EXTI2_IRQHandler         0x800'fea5          Code  Wk  startup_stm32f407xx.o [1]
EXTI3_IRQHandler         0x800'fea9          Code  Wk  startup_stm32f407xx.o [1]
EXTI4_IRQHandler         0x800'fead          Code  Wk  startup_stm32f407xx.o [1]
EXTI9_5_IRQHandler       0x800'fed9          Code  Wk  startup_stm32f407xx.o [1]
EraseInitStruct         0x2000'df00    0x14  Data  Lc  Flash.o [2]
Error_Handler            0x800'9a01     0x2  Code  Gb  main.o [2]
EthHandle               0x2000'dbc0    0x48  Data  Gb  ethernetif.o [2]
FLASH_Erase_Sector       0x800'e6d1    0x64  Code  Gb  stm32f4xx_hal_flash_ex.o [7]
FLASH_FlushCaches        0x800'e735    0x50  Code  Gb  stm32f4xx_hal_flash_ex.o [7]
FLASH_IRQHandler         0x800'fe99          Code  Wk  startup_stm32f407xx.o [1]
FLASH_MassErase          0x800'e6a9    0x28  Code  Lc  stm32f4xx_hal_flash_ex.o [7]
FLASH_SetErrorCode       0x800'e57f    0x68  Code  Lc  stm32f4xx_hal_flash.o [7]
FLASH_WaitForLastOperation
                         0x800'e52f    0x50  Code  Gb  stm32f4xx_hal_flash.o [7]
FPU_IRQHandler           0x800'ff89          Code  Wk  startup_stm32f407xx.o [1]
FSMC_IRQHandler          0x800'ff19          Code  Wk  startup_stm32f407xx.o [1]
FirstSector             0x2000'df88     0x4  Data  Gb  Flash.o [2]
Flag                    0x2000'e07d     0x1  Data  Gb  udp_echoclient.o [2]
Flash_Errase             0x800'aad7    0x14  Code  Gb  Flash.o [2]
Flash_Error_Handler      0x800'ac03     0x2  Code  Lc  Flash.o [2]
Flash_Init               0x800'aa81    0x3e  Code  Gb  Flash.o [2]
Flash_TIM                0x800'aabf    0x18  Code  Gb  Flash.o [2]
GetSector                0x800'aaeb    0xa4  Code  Lc  Flash.o [2]
GetSectorSize            0x800'abd9    0x2a  Code  Lc  Flash.o [2]
HAL_DMA_Abort_IT         0x800'1591    0x28  Code  Gb  stm32f4xx_hal_dma.o [7]
HAL_DMA_IRQHandler       0x800'15b9   0x20c  Code  Gb  stm32f4xx_hal_dma.o [7]
HAL_Delay                0x800'80c7    0x1e  Code  Wk  stm32f4xx_hal.o [7]
HAL_ETH_ConfigMAC        0x800'87ed   0x15a  Code  Gb  stm32f4xx_hal_eth.o [7]
HAL_ETH_DMARxDescListInit
                         0x800'83cd    0x82  Code  Gb  stm32f4xx_hal_eth.o [7]
HAL_ETH_DMATxDescListInit
                         0x800'8351    0x7c  Code  Gb  stm32f4xx_hal_eth.o [7]
HAL_ETH_GetReceivedFrame
                         0x800'8585    0xa0  Code  Gb  stm32f4xx_hal_eth.o [7]
HAL_ETH_Init             0x800'80e5   0x26c  Code  Gb  stm32f4xx_hal_eth.o [7]
HAL_ETH_MspInit          0x800'5a95   0x122  Code  Gb  ethernetif.o [2]
HAL_ETH_ReadPHYRegister
                         0x800'8625    0x9a  Code  Gb  stm32f4xx_hal_eth.o [7]
HAL_ETH_Start            0x800'8759    0x4a  Code  Gb  stm32f4xx_hal_eth.o [7]
HAL_ETH_Stop             0x800'87a3    0x4a  Code  Gb  stm32f4xx_hal_eth.o [7]
HAL_ETH_TransmitFrame    0x800'844f   0x136  Code  Gb  stm32f4xx_hal_eth.o [7]
HAL_ETH_WritePHYRegister
                         0x800'86bf    0x9a  Code  Gb  stm32f4xx_hal_eth.o [7]
HAL_FLASHEx_Erase        0x800'e601    0xa8  Code  Gb  stm32f4xx_hal_flash_ex.o [7]
HAL_FLASH_Unlock         0x800'e515    0x1a  Code  Gb  stm32f4xx_hal_flash.o [7]
HAL_GPIO_EXTI_Callback   0x800'93bf    0x16  Code  Gb  main.o [2]
HAL_GPIO_EXTI_IRQHandler
                         0x800'6349    0x20  Code  Gb  stm32f4xx_hal_gpio.o [7]
HAL_GPIO_Init            0x800'6115   0x1f8  Code  Gb  stm32f4xx_hal_gpio.o [7]
HAL_GPIO_ReadPin         0x800'630d    0x16  Code  Gb  stm32f4xx_hal_gpio.o [7]
HAL_GPIO_TogglePin       0x800'633d     0xc  Code  Gb  stm32f4xx_hal_gpio.o [7]
HAL_GPIO_WritePin        0x800'6323    0x1a  Code  Gb  stm32f4xx_hal_gpio.o [7]
HAL_GetREVID             0x800'c979     0x8  Code  Gb  stm32f4xx_hal.o [7]
HAL_GetTick              0x800'1575     0xc  Code  Wk  stm32f4xx_hal.o [7]
HAL_I2C_AbortCpltCallback
                         0x800'17d1     0x2  Code  Wk  stm32f4xx_hal_i2c.o [7]
HAL_I2C_AddrCallback     0x800'158d     0x2  Code  Wk  stm32f4xx_hal_i2c.o [7]
HAL_I2C_ER_IRQHandler    0x800'0601    0xea  Code  Gb  stm32f4xx_hal_i2c.o [7]
HAL_I2C_EV_IRQHandler    0x800'04b1   0x150  Code  Gb  stm32f4xx_hal_i2c.o [7]
HAL_I2C_ErrorCallback    0x800'17d3     0x2  Code  Wk  stm32f4xx_hal_i2c.o [7]
HAL_I2C_ListenCpltCallback
                         0x800'158f     0x2  Code  Wk  stm32f4xx_hal_i2c.o [7]
HAL_I2C_MasterRxCpltCallback
                         0x800'1587     0x2  Code  Wk  stm32f4xx_hal_i2c.o [7]
HAL_I2C_MasterTxCpltCallback
                         0x800'1581     0x2  Code  Wk  stm32f4xx_hal_i2c.o [7]
HAL_I2C_MemRxCpltCallback
                         0x800'1585     0x2  Code  Wk  stm32f4xx_hal_i2c.o [7]
HAL_I2C_MemTxCpltCallback
                         0x800'1583     0x2  Code  Wk  stm32f4xx_hal_i2c.o [7]
HAL_I2C_Mem_Read         0x800'0189   0x31e  Code  Gb  stm32f4xx_hal_i2c.o [7]
HAL_I2C_SlaveRxCpltCallback
                         0x800'158b     0x2  Code  Wk  stm32f4xx_hal_i2c.o [7]
HAL_I2C_SlaveTxCpltCallback
                         0x800'1589     0x2  Code  Wk  stm32f4xx_hal_i2c.o [7]
HAL_IncTick              0x800'f1a1    0x10  Code  Wk  stm32f4xx_hal.o [7]
HAL_Init                 0x800'c951    0x28  Code  Gb  stm32f4xx_hal.o [7]
HAL_InitTick             0x800'd911    0x28  Code  Wk  stm32f4xx_hal.o [7]
HAL_MspInit              0x800'e979     0x2  Code  Wk  stm32f4xx_hal.o [7]
HAL_NVIC_ClearPendingIRQ
                         0x800'651f     0xe  Code  Gb  stm32f4xx_hal_cortex.o [7]
HAL_NVIC_EnableIRQ       0x800'64fd     0xe  Code  Gb  stm32f4xx_hal_cortex.o [7]
HAL_NVIC_SetPriority     0x800'64d3    0x2a  Code  Gb  stm32f4xx_hal_cortex.o [7]
HAL_NVIC_SetPriorityGrouping
                         0x800'64c7     0xc  Code  Gb  stm32f4xx_hal_cortex.o [7]
HAL_NVIC_SystemReset     0x800'650b     0x8  Code  Gb  stm32f4xx_hal_cortex.o [7]
HAL_RCC_ClockConfig      0x800'9a05   0x180  Code  Gb  stm32f4xx_hal_rcc.o [7]
HAL_RCC_GetHCLKFreq      0x800'9b85     0x6  Code  Gb  stm32f4xx_hal_rcc.o [7]
HAL_RCC_GetPCLK1Freq     0x800'9b8b    0x18  Code  Gb  stm32f4xx_hal_rcc.o [7]
HAL_RCC_GetPCLK2Freq     0x800'9ba3    0x18  Code  Gb  stm32f4xx_hal_rcc.o [7]
HAL_RCC_GetSysClockFreq
                         0x800'cfa5    0x84  Code  Wk  stm32f4xx_hal_rcc.o [7]
HAL_RCC_OscConfig        0x800'd0e1   0x34c  Code  Wk  stm32f4xx_hal_rcc.o [7]
HAL_RTCEx_AlarmBEventCallback
                         0x800'ecb7     0x2  Code  Wk  stm32f4xx_hal_rtc_ex.o [7]
HAL_RTC_AlarmAEventCallback
                         0x800'98d5    0x1e  Code  Gb  main.o [2]
HAL_RTC_AlarmIRQHandler
                         0x800'd86b    0x5e  Code  Gb  stm32f4xx_hal_rtc.o [7]
HAL_RTC_GetDate          0x800'd611    0x54  Code  Gb  stm32f4xx_hal_rtc.o [7]
HAL_RTC_GetTime          0x800'd5a9    0x68  Code  Gb  stm32f4xx_hal_rtc.o [7]
HAL_RTC_SetAlarm_IT      0x800'd665   0x206  Code  Gb  stm32f4xx_hal_rtc.o [7]
HAL_SYSTICK_Config       0x800'6513     0xc  Code  Gb  stm32f4xx_hal_cortex.o [7]
HAL_TIMEx_BreakCallback
                         0x800'edd7     0x2  Code  Wk  stm32f4xx_hal_tim_ex.o [7]
HAL_TIMEx_CommutationCallback
                         0x800'eddb     0x2  Code  Wk  stm32f4xx_hal_tim_ex.o [7]
HAL_TIM_Base_Init        0x800'e97d    0x38  Code  Gb  stm32f4xx_hal_tim.o [7]
HAL_TIM_Base_MspInit     0x800'ed2d    0x92  Code  Gb  stm32f4xx_hal_msp.o [2]
HAL_TIM_Base_Start_IT    0x800'e9b5    0x1e  Code  Gb  stm32f4xx_hal_tim.o [7]
HAL_TIM_IC_CaptureCallback
                         0x800'edd1     0x2  Code  Wk  stm32f4xx_hal_tim.o [7]
HAL_TIM_IRQHandler       0x800'e9d3   0x176  Code  Gb  stm32f4xx_hal_tim.o [7]
HAL_TIM_OC_DelayElapsedCallback
                         0x800'edd3     0x2  Code  Wk  stm32f4xx_hal_tim.o [7]
HAL_TIM_PWM_PulseFinishedCallback
                         0x800'edd5     0x2  Code  Wk  stm32f4xx_hal_tim.o [7]
HAL_TIM_PeriodElapsedCallback
                         0x800'ced9    0x60  Code  Gb  Timer.o [2]
HAL_TIM_TriggerCallback
                         0x800'edd9     0x2  Code  Wk  stm32f4xx_hal_tim.o [7]
HAL_UART_ErrorCallback   0x800'4edd     0x2  Code  Gb  USRAT.o [2]
HAL_UART_IRQHandler      0x800'668b   0x13a  Code  Gb  stm32f4xx_hal_uart.o [7]
HAL_UART_Init            0x800'6555    0x76  Code  Gb  stm32f4xx_hal_uart.o [7]
HAL_UART_MspInit         0x800'4c01    0xe8  Code  Gb  USRAT.o [2]
HAL_UART_Receive_IT      0x800'6625    0x66  Code  Gb  stm32f4xx_hal_uart.o [7]
HAL_UART_RxCpltCallback
                         0x800'4e9f    0x3e  Code  Gb  USRAT.o [2]
HAL_UART_Transmit_IT     0x800'65cb    0x5a  Code  Gb  stm32f4xx_hal_uart.o [7]
HAL_UART_TxCpltCallback
                         0x800'4e9d     0x2  Code  Gb  USRAT.o [2]
HAL_WWDG_EarlyWakeupCallback
                         0x800'd0af    0x14  Code  Gb  WWDG.o [2]
HAL_WWDG_IRQHandler      0x800'ec93    0x24  Code  Gb  stm32f4xx_hal_wwdg.o [7]
HAL_WWDG_Init            0x800'ec59    0x2e  Code  Gb  stm32f4xx_hal_wwdg.o [7]
HAL_WWDG_MspInit         0x800'd029    0x36  Code  Gb  WWDG.o [2]
HAL_WWDG_Refresh         0x800'ec87     0xc  Code  Gb  stm32f4xx_hal_wwdg.o [7]
HASH_RNG_IRQHandler      0x800'ff85          Code  Wk  startup_stm32f407xx.o [1]
HardFault_Handler        0x800'f127     0x2  Code  Gb  stm32f4xx_it.o [2]
I2C1_ER_IRQHandler       0x800'f161     0xa  Code  Gb  stm32f4xx_it.o [2]
I2C1_EV_IRQHandler       0x800'f14d     0xa  Code  Gb  stm32f4xx_it.o [2]
I2C2_ER_IRQHandler       0x800'f16b     0xa  Code  Gb  stm32f4xx_it.o [2]
I2C2_EV_IRQHandler       0x800'f157     0xa  Code  Gb  stm32f4xx_it.o [2]
I2C3_ER_IRQHandler       0x800'ff6d          Code  Wk  startup_stm32f407xx.o [1]
I2C3_EV_IRQHandler       0x800'ff69          Code  Wk  startup_stm32f407xx.o [1]
I2C_DMAAbort             0x800'12cd    0x6e  Code  Lc  stm32f4xx_hal_i2c.o [7]
I2C_HAL_ReadBytes        0x800'cf61    0x44  Code  Gb  I2C.o [2]
I2C_ITError              0x800'0fdf   0x156  Code  Lc  stm32f4xx_hal_i2c.o [7]
I2C_IsAcknowledgeFailed
                         0x800'151d    0x2e  Code  Lc  stm32f4xx_hal_i2c.o [7]
I2C_MasterReceive_BTF    0x800'09a3    0xf2  Code  Lc  stm32f4xx_hal_i2c.o [7]
I2C_MasterReceive_RXNE   0x800'08e1    0xc2  Code  Lc  stm32f4xx_hal_i2c.o [7]
I2C_MasterTransmit_BTF   0x800'0839    0xa4  Code  Lc  stm32f4xx_hal_i2c.o [7]
I2C_MasterTransmit_TXE   0x800'06eb   0x14e  Code  Lc  stm32f4xx_hal_i2c.o [7]
I2C_Master_ADD10         0x800'0b23     0xe  Code  Lc  stm32f4xx_hal_i2c.o [7]
I2C_Master_ADDR          0x800'0b31   0x204  Code  Lc  stm32f4xx_hal_i2c.o [7]
I2C_Master_SB            0x800'0a95    0x8e  Code  Lc  stm32f4xx_hal_i2c.o [7]
I2C_RequestMemoryRead    0x800'1151   0x174  Code  Lc  stm32f4xx_hal_i2c.o [7]
I2C_SlaveReceive_BTF     0x800'0deb    0x1e  Code  Lc  stm32f4xx_hal_i2c.o [7]
I2C_SlaveReceive_RXNE    0x800'0da1    0x4a  Code  Lc  stm32f4xx_hal_i2c.o [7]
I2C_SlaveTransmit_BTF    0x800'0d83    0x1e  Code  Lc  stm32f4xx_hal_i2c.o [7]
I2C_SlaveTransmit_TXE    0x800'0d39    0x4a  Code  Lc  stm32f4xx_hal_i2c.o [7]
I2C_Slave_ADDR           0x800'0e09    0x34  Code  Lc  stm32f4xx_hal_i2c.o [7]
I2C_Slave_AF             0x800'0f3d    0xa2  Code  Lc  stm32f4xx_hal_i2c.o [7]
I2C_Slave_STOPF          0x800'0e3d   0x100  Code  Lc  stm32f4xx_hal_i2c.o [7]
I2C_WaitOnFlagUntilTimeout
                         0x800'133b    0x8c  Code  Lc  stm32f4xx_hal_i2c.o [7]
I2C_WaitOnMasterAddressFlagUntilTimeout
                         0x800'13c7    0xa2  Code  Lc  stm32f4xx_hal_i2c.o [7]
I2C_WaitOnRXNEFlagUntilTimeout
                         0x800'14bb    0x62  Code  Lc  stm32f4xx_hal_i2c.o [7]
I2C_WaitOnTXEFlagUntilTimeout
                         0x800'1469    0x52  Code  Lc  stm32f4xx_hal_i2c.o [7]
IP_ADDR1_INPUT_DATA     0x2000'e06d     0x1  Data  Gb  main.o [2]
IP_ADDR2_INPUT_DATA     0x2000'e06e     0x1  Data  Gb  main.o [2]
IP_ADDR_VAL_DATA        0x2000'dfa0     0x4  Data  Gb  main.o [2]
LED_GPIO_Init            0x800'c9a5   0x186  Code  Gb  LED.o [2]
LED_SCREEN_PRINT         0x800'cb2b   0x306  Code  Gb  LED.o [2]
MemManage_Handler        0x800'f129     0x2  Code  Gb  stm32f4xx_it.o [2]
MyPrintf_USART1          0x800'4f65    0x36  Code  Gb  USRAT.o [2]
MyPrintf_USART1::szBuf  0x2000'c304   0x400  Data  Lc  USRAT.o [2]
NMI_Handler              0x800'f125     0x2  Code  Gb  stm32f4xx_it.o [2]
NVIC_EncodePriority      0x800'643d    0x40  Code  Lc  stm32f4xx_hal_cortex.o [7]
NbOfSectors             0x2000'df8c     0x4  Data  Gb  Flash.o [2]
Netif_Config             0x800'9341    0x7e  Code  Lc  main.o [2]
ONTD                     0x800'9485    0x4a  Code  Gb  main.o [2]
OTG_FS_IRQHandler        0x800'ff55          Code  Wk  startup_stm32f407xx.o [1]
OTG_FS_WKUP_IRQHandler   0x800'ff01          Code  Wk  startup_stm32f407xx.o [1]
OTG_HS_EP1_IN_IRQHandler
                         0x800'ff75          Code  Wk  startup_stm32f407xx.o [1]
OTG_HS_EP1_OUT_IRQHandler
                         0x800'ff71          Code  Wk  startup_stm32f407xx.o [1]
OTG_HS_IRQHandler        0x800'ff7d          Code  Wk  startup_stm32f407xx.o [1]
OTG_HS_WKUP_IRQHandler   0x800'ff79          Code  Wk  startup_stm32f407xx.o [1]
PVD_IRQHandler           0x800'fe8d          Code  Wk  startup_stm32f407xx.o [1]
PendSV_Handler           0x800'fe89          Code  Wk  startup_stm32f407xx.o [1]
RCC_IRQHandler           0x800'fe9d          Code  Wk  startup_stm32f407xx.o [1]
RTC_Alarm_IRQHandler     0x800'f139     0xa  Code  Gb  stm32f4xx_it.o [2]
RTC_Bcd2ToByte           0x800'd8f9    0x18  Code  Gb  stm32f4xx_hal_rtc.o [7]
RTC_ByteToBcd2           0x800'd8e1    0x18  Code  Gb  stm32f4xx_hal_rtc.o [7]
RTC_TimeShow             0x800'97dd    0xf8  Code  Lc  main.o [2]
RTC_WKUP_IRQHandler      0x800'fe95          Code  Wk  startup_stm32f407xx.o [1]
Region$$Table$$Base      0x800'f988           --   Gb  - Linker created -
Region$$Table$$Limit     0x800'f9ac           --   Gb  - Linker created -
Reset_Handler            0x800'fcb5          Code  Wk  startup_stm32f407xx.o [1]
RingBuf                 0x2000'0094  0x32cc  Data  Gb  USRAT.o [2]
RtcHandle               0x2000'dea8    0x20  Data  Gb  main.o [2]
Rx_Buff                 0x2000'8998  0x17d0  Data  Gb  ethernetif.o [2]
SDIO_IRQHandler          0x800'ff1d          Code  Wk  startup_stm32f407xx.o [1]
SPI1_IRQHandler          0x800'fef1          Code  Wk  startup_stm32f407xx.o [1]
SPI2_IRQHandler          0x800'fef5          Code  Wk  startup_stm32f407xx.o [1]
SPI3_IRQHandler          0x800'ff21          Code  Wk  startup_stm32f407xx.o [1]
SVC_Handler              0x800'fe85          Code  Wk  startup_stm32f407xx.o [1]
SectorError             0x2000'df90     0x4  Data  Gb  Flash.o [2]
SysTick_Config           0x800'6497    0x30  Code  Lc  stm32f4xx_hal_cortex.o [7]
SysTick_Handler          0x800'f131     0x8  Code  Gb  stm32f4xx_it.o [2]
Syslog_Flag             0x2000'e07e     0x1  Data  Gb  udp_echoclient.o [2]
SystemClock_Config       0x800'93d5    0xb0  Code  Lc  main.o [2]
SystemCoreClock         0x2000'0084     0x4  Data  Gb  system_stm32f4xx.o [6]
SystemInit               0x800'f1b1    0x40  Code  Gb  system_stm32f4xx.o [6]
TAMP_STAMP_IRQHandler    0x800'fe91          Code  Wk  startup_stm32f407xx.o [1]
TIM1_BRK_TIM9_IRQHandler
                         0x800'fedd          Code  Wk  startup_stm32f407xx.o [1]
TIM1_CC_IRQHandler       0x800'fee9          Code  Wk  startup_stm32f407xx.o [1]
TIM1_TRG_COM_TIM11_IRQHandler
                         0x800'fee5          Code  Wk  startup_stm32f407xx.o [1]
TIM1_UP_TIM10_IRQHandler
                         0x800'fee1          Code  Wk  startup_stm32f407xx.o [1]
TIM2_IRQHandler          0x800'feed          Code  Wk  startup_stm32f407xx.o [1]
TIM3_IRQHandler          0x800'cec3     0x2  Code  Gb  Timer.o [2]
TIM4_IRQHandler          0x800'cec5     0xa  Code  Gb  Timer.o [2]
TIM5_IRQHandler          0x800'cecf     0xa  Code  Gb  Timer.o [2]
TIM6_DAC_IRQHandler      0x800'ff29          Code  Wk  startup_stm32f407xx.o [1]
TIM7_IRQHandler          0x800'ff2d          Code  Wk  startup_stm32f407xx.o [1]
TIM8_BRK_TIM12_IRQHandler
                         0x800'ff05          Code  Wk  startup_stm32f407xx.o [1]
TIM8_CC_IRQHandler       0x800'ff11          Code  Wk  startup_stm32f407xx.o [1]
TIM8_TRG_COM_TIM14_IRQHandler
                         0x800'ff0d          Code  Wk  startup_stm32f407xx.o [1]
TIM8_UP_TIM13_IRQHandler
                         0x800'ff09          Code  Wk  startup_stm32f407xx.o [1]
TIM_Base_SetConfig       0x800'eb49    0xe4  Code  Gb  stm32f4xx_hal_tim.o [7]
TimHandle4              0x2000'dd58    0x3c  Data  Gb  Timer.o [2]
TimHandle5              0x2000'dd94    0x3c  Data  Gb  Timer.o [2]
Time_Main                0x800'94cf   0x30e  Code  Gb  main.o [2]
Time_Main::d_10Sec_Cnt  0x2000'e075     0x1  Data  Lc  main.o [2]
Time_Main::mResetCnt    0x2000'e076     0x1  Data  Lc  main.o [2]
Timer_init               0x800'ce59    0x6a  Code  Gb  Timer.o [2]
Tx_Buff                 0x2000'a168  0x17d0  Data  Gb  ethernetif.o [2]
UART4_IRQHandler         0x800'4e79     0xc  Code  Gb  USRAT.o [2]
UART5_IRQHandler         0x800'ff25          Code  Wk  startup_stm32f407xx.o [1]
UART_DMAAbortOnError     0x800'67e9    0x16  Code  Lc  stm32f4xx_hal_uart.o [7]
UART_EndRxTransfer       0x800'67c5    0x20  Code  Lc  stm32f4xx_hal_uart.o [7]
UART_EndTransmit_IT      0x800'686f    0x20  Code  Lc  stm32f4xx_hal_uart.o [7]
UART_Receive_IT          0x800'688f    0xa2  Code  Lc  stm32f4xx_hal_uart.o [7]
UART_SetConfig           0x800'6931   0x2ec  Code  Lc  stm32f4xx_hal_uart.o [7]
UART_Transmit_IT         0x800'6801    0x6e  Code  Lc  stm32f4xx_hal_uart.o [7]
USART1_IRQHandler        0x800'4e61     0xc  Code  Gb  USRAT.o [2]
USART2_IRQHandler        0x800'fef9          Code  Wk  startup_stm32f407xx.o [1]
USART3_IRQHandler        0x800'4e6d     0xc  Code  Gb  USRAT.o [2]
USART6_IRQHandler        0x800'ff65          Code  Wk  startup_stm32f407xx.o [1]
USARTRX_MainPro          0x800'4edf    0x1e  Code  Gb  USRAT.o [2]
USART_1CH_PRO            0x800'4efd    0x56  Code  Gb  USRAT.o [2]
USART_1Ch               0x2000'de58    0x28  Data  Gb  USRAT.o [2]
USART_3Ch               0x2000'de80    0x28  Data  Gb  USRAT.o [2]
USART_RingBuf_Pro        0x800'5083    0x60  Code  Gb  USRAT.o [2]
USART_TIM                0x800'4f53    0x12  Code  Gb  USRAT.o [2]
USRAT_init               0x800'4ce9   0x178  Code  Gb  USRAT.o [2]
UartHandle1             0x2000'dc98    0x40  Data  Gb  USRAT.o [2]
UartHandle3             0x2000'dcd8    0x40  Data  Gb  USRAT.o [2]
UartHandle4             0x2000'dd18    0x40  Data  Gb  USRAT.o [2]
UsageFault_Handler       0x800'f12d     0x2  Code  Gb  stm32f4xx_it.o [2]
User_notification        0x800'8f4d    0x32  Code  Gb  app_ethernet.o [2]
WWDG_Error_Handler       0x800'd0dd     0x2  Code  Lc  WWDG.o [2]
WWDG_IRQHandler          0x800'd0a5     0xa  Code  Gb  WWDG.o [2]
WWDG_Init                0x800'd05f    0x46  Code  Gb  WWDG.o [2]
WwdgHandle              0x2000'df28    0x14  Data  Gb  WWDG.o [2]
_LC                      0x800'9bd5     0x6  Code  Lc  xprintffull_nomb.o [16]
_LitobFullNoMb           0x800'a89d   0x114  Code  Lc  xprintffull_nomb.o [16]
_Locale_lconv           0x2000'0000    0x38  Data  Lc  xlocale_c.o [16]
_PrintfFullNoMb          0x800'9bdb   0xc92  Code  Gb  xprintffull_nomb.o [16]
_PutcharsFullNoMb        0x800'aa09    0x2e  Code  Lc  xprintffull_nomb.o [16]
_Rand_idx               0x2000'd8e0     0x4  Data  Lc  rand.o [16]
_Rand_rv                0x2000'd860    0x80  Data  Lc  rand.o [16]
_Randinit               0x2000'006c     0x1  Data  Gb  rand.o [16]
_Randseed               0x2000'0070     0x4  Data  Gb  rand.o [16]
_SProut                  0x800'3857     0xa  Code  Gb  xsprout.o [16]
__NVIC_ClearPendingIRQ   0x800'63f3    0x1e  Code  Lc  stm32f4xx_hal_cortex.o [7]
__NVIC_EnableIRQ         0x800'63d5    0x1e  Code  Lc  stm32f4xx_hal_cortex.o [7]
__NVIC_GetPriorityGrouping
                         0x800'63c7     0xc  Code  Lc  stm32f4xx_hal_cortex.o [7]
__NVIC_SetPriority       0x800'6411    0x2c  Code  Lc  stm32f4xx_hal_cortex.o [7]
__NVIC_SetPriorityGrouping
                         0x800'63a5    0x22  Code  Lc  stm32f4xx_hal_cortex.o [7]
__NVIC_SystemReset       0x800'647d    0x1a  Code  Lc  stm32f4xx_hal_cortex.o [7]
__aeabi_cdcmple          0x800'da59          Code  Gb  DblCmpLe.o [17]
__aeabi_cdrcmple         0x800'da8d          Code  Gb  DblCmpGe.o [17]
__aeabi_d2iz             0x800'dbfd          Code  Gb  DblToS32.o [17]
__aeabi_d2uiz            0x800'e0f1          Code  Gb  DblToU32.o [17]
__aeabi_ddiv             0x800'dea9          Code  Gb  DblDiv.o [17]
__aeabi_dmul             0x800'e131          Code  Gb  DblMul.o [17]
__aeabi_dsub             0x800'ddc5          Code  Gb  DblAddSub.o [17]
__aeabi_i2d              0x800'dc35          Code  Gb  S32ToDbl.o [17]
__aeabi_ldiv0            0x800'ecc1          Code  Gb  I64DivZer.o [18]
__aeabi_memcpy           0x800'59ed          Code  Gb  ABImemcpy.o [18]
__aeabi_memcpy4          0x800'5a0d          Code  Gb  ABImemcpy.o [18]
__aeabi_memcpy8          0x800'5a0d          Code  Gb  ABImemcpy.o [18]
__aeabi_memset           0x800'526d          Code  Gb  ABImemset.o [18]
__aeabi_ui2d             0x800'e115          Code  Gb  U32ToDbl.o [17]
__aeabi_uldivmod         0x800'e2e5          Code  Gb  I64DivMod.o [18]
__cmain                  0x800'fa6d          Code  Gb  cmain.o [18]
__exit                   0x800'eddd    0x14  Code  Gb  exit.o [19]
__iar_Fail_s             0x800'd951    0x1c  Code  Gb  xfail_s.o [16]
__iar_Memchr             0x800'd991          Code  Gb  memchr.o [18]
__iar_Memset             0x800'526d          Code  Gb  ABImemset.o [18]
__iar_Memset_word        0x800'5275          Code  Gb  ABImemset.o [18]
__iar_Strchr             0x800'd939          Code  Gb  strchr.o [18]
__iar_close_ttio         0x800'edf1    0x2c  Code  Gb  iarttio.o [19]
__iar_copy_init3         0x800'154b    0x2a  Code  Gb  copy_init3.o [18]
__iar_data_init3         0x800'f7d5    0x28  Code  Gb  data_init.o [18]
__iar_frexp              0x800'd9f5          Code  Gb  frexp.o [17]
__iar_frexpl             0x800'd9f5          Code  Gb  frexp.o [17]
__iar_init_vfp           0x800'f965          Code  Gb  fpinit_M.o [17]
__iar_ldexp64            0x800'dac1          Code  Gb  ldexp.o [17]
__iar_lookup_ttioh       0x800'ee1d     0x8  Code  Gb  XShttio.o [16]
__iar_program_start      0x800'fb65          Code  Gb  cstartup_M.o [18]
__iar_scalbln64          0x800'dac1          Code  Gb  ldexp.o [17]
__iar_scalbn64           0x800'dac1          Code  Gb  ldexp.o [17]
__iar_softfp___iar_frexp64
                         0x800'd9e9          Code  Gb  frexp.o [17]
[...]
ip4_reass                0x800'7013   0x1d4  Code  Gb  ip4_frag.o [14]
ip4_route                0x800'52d5    0x76  Code  Gb  ip4.o [14]
ip4addr_ntoa             0x800'38b1    0x10  Code  Gb  ip4_addr.o [14]
ip4addr_ntoa::str       0x2000'df3c    0x10  Data  Lc  ip4_addr.o [14]
ip4addr_ntoa_r           0x800'38c5    0xac  Code  Gb  ip4_addr.o [14]
ip_addr_any              0x800'fe7c     0x4  Data  Gb  ip4_addr.o [14]
ip_addr_broadcast        0x800'fe80     0x4  Data  Gb  ip4_addr.o [14]
ip_data                 0x2000'dee8    0x18  Data  Gb  ip.o [13]
ip_frag_alloc_pbuf_custom_ref
                         0x800'71e7     0xa  Code  Lc  ip4_frag.o [14]
ip_frag_free_pbuf_custom_ref
                         0x800'71f1     0xe  Code  Lc  ip4_frag.o [14]
ip_id                   0x2000'e058     0x2  Data  Lc  ip4.o [14]
ip_reass_chain_frag_into_datagram_and_validate
                         0x800'6eb5   0x15e  Code  Lc  ip4_frag.o [14]
ip_reass_dequeue_datagram
                         0x800'6e91    0x24  Code  Lc  ip4_frag.o [14]
ip_reass_enqueue_new_datagram
                         0x800'6e27    0x6a  Code  Lc  ip4_frag.o [14]
ip_reass_free_complete_datagram
                         0x800'6cf1    0xa2  Code  Lc  ip4_frag.o [14]
ip_reass_pbufcount      0x2000'e05a     0x2  Data  Lc  ip4_frag.o [14]
ip_reass_remove_oldest_datagram
                         0x800'6d93    0x94  Code  Lc  ip4_frag.o [14]
ip_reass_tmr             0x800'6cc1    0x30  Code  Gb  ip4_frag.o [14]
ipfrag_free_pbuf_custom
                         0x800'71ff    0x1a  Code  Lc  ip4_frag.o [14]
ldexp                    0x800'dac1          Code  Gb  ldexp.o [17]
ldexpl                   0x800'dac1          Code  Gb  ldexp.o [17]
lfree                   0x2000'dfc4     0x4  Data  Lc  mem.o [13]
localeconv               0x800'e2dd     0x4  Code  Gb  xlocale_c.o [16]
low_level_init           0x800'5bb7   0x1ae  Code  Lc  ethernetif.o [2]
low_level_init::sAddr_Cnt
                        0x2000'df84     0x4  Data  Lc  ethernetif.o [2]
low_level_input          0x800'5e5b   0x124  Code  Lc  ethernetif.o [2]
low_level_output         0x800'5d65    0xf6  Code  Lc  ethernetif.o [2]
lwip_cyclic_timers       0x800'f7ac    0x28  Data  Gb  timeouts.o [13]
lwip_htonl               0x800'3981    0x1c  Code  Gb  def.o [13]
lwip_htons               0x800'3971    0x10  Code  Gb  def.o [13]
lwip_init                0x800'c989    0x1c  Code  Gb  init.o [13]
lwip_standard_chksum     0x800'ac45    0x6e  Code  Gb  inet_chksum.o [13]
mAlarmAEventCallback_Flag
                        0x2000'0092     0x1  Data  Gb  main.o [2]
mAnsSetFlag             0x2000'e05c     0x2  Data  Gb  main.o [2]
mChen                   0x2000'e050     0x4  Data  Gb  USRAT.o [2]
mDI_CheckFlag           0x2000'e070     0x1  Data  Gb  main.o [2]
mFLASH_TIM_Cnt          0x2000'0080     0x4  Data  Gb  Flash.o [2]
mFlashSaveCnt           0x2000'008c     0x2  Data  Gb  Flash.o [2]
mLCDPrintBuf            0x2000'c940   0x200  Data  Gb  main.o [2]
mLCDPrintBuf_2          0x2000'ccac   0x100  Data  Gb  main.o [2]
mLed_Process_Flag       0x2000'c704   0x23c  Data  Gb  main.o [2]
mTimerFlag_10s          0x2000'e06f     0x1  Data  Gb  main.o [2]
mUSART_GetRXBuf_1ch     0x2000'df68     0x8  Data  Gb  USRAT.o [2]
mUSART_GetRXBuf_3ch     0x2000'df70     0x8  Data  Gb  USRAT.o [2]
mUSART_RXBufBackUp_1ch  0x2000'cfac   0x100  Data  Gb  USRAT.o [2]
mUSART_RXBufBackUp_3ch  0x2000'd2ac   0x100  Data  Gb  USRAT.o [2]
mUSART_RXBuf_1ch        0x2000'cdac   0x100  Data  Gb  USRAT.o [2]
mUSART_RXBuf_3ch        0x2000'd0ac   0x100  Data  Gb  USRAT.o [2]
mUSART_TXBuf_1ch        0x2000'ceac   0x100  Data  Gb  USRAT.o [2]
mUSART_TXBuf_3ch        0x2000'd1ac   0x100  Data  Gb  USRAT.o [2]
m_ColorCode_256          0x800'ee24   0x300  Data  Gb  LED.o [2]
m_Main_TIM_Cnt          0x2000'df98     0x4  Data  Gb  main.o [2]
m_Main_TIM_Cnt_Reset    0x2000'df9c     0x4  Data  Gb  main.o [2]
main                     0x800'9145   0x10a  Code  Gb  main.o [2]
mem_free                 0x800'575d    0x34  Code  Gb  mem.o [13]
mem_init                 0x800'5721    0x3c  Code  Gb  mem.o [13]
mem_malloc               0x800'58d1   0x10a  Code  Gb  mem.o [13]
mem_trim                 0x800'5791   0x140  Code  Gb  mem.o [13]
memchr                   0x800'd991          Code  Gb  memchr.o [18]
memcmp                   0x800'ecc5          Code  Gb  memcmp.o [18]
memp_FRAG_PBUF           0x800'fd18     0xc  Data  Gb  memp.o [13]
memp_PBUF                0x800'fd30     0xc  Data  Gb  memp.o [13]
memp_PBUF_POOL           0x800'fd3c     0xc  Data  Gb  memp.o [13]
memp_RAW_PCB             0x800'fcd0     0xc  Data  Gb  memp.o [13]
memp_REASSDATA           0x800'fd0c     0xc  Data  Gb  memp.o [13]
memp_SYS_TIMEOUT         0x800'fd24     0xc  Data  Gb  memp.o [13]
memp_TCP_PCB             0x800'fce8     0xc  Data  Gb  memp.o [13]
memp_TCP_PCB_LISTEN      0x800'fcf4     0xc  Data  Gb  memp.o [13]
memp_TCP_SEG             0x800'fd00     0xc  Data  Gb  memp.o [13]
memp_UDP_PCB             0x800'fcdc     0xc  Data  Gb  memp.o [13]
memp_free                0x800'40e1    0x24  Code  Gb  memp.o [13]
memp_init                0x800'407b    0x20  Code  Gb  memp.o [13]
memp_init_pool           0x800'4051    0x2a  Code  Gb  memp.o [13]
memp_malloc              0x800'40b3    0x20  Code  Gb  memp.o [13]
memp_memory_FRAG_PBUF_base
                        0x2000'cb40   0x16c  Data  Gb  memp.o [13]
memp_memory_PBUF_POOL_base
                        0x2000'3360  0x2e24  Data  Gb  memp.o [13]
memp_memory_PBUF_base   0x2000'd6a8    0xa4  Data  Gb  memp.o [13]
memp_memory_RAW_PCB_base
                        0x2000'd9e4    0x74  Data  Gb  memp.o [13]
memp_memory_REASSDATA_base
                        0x2000'd560    0xa4  Data  Gb  memp.o [13]
memp_memory_SYS_TIMEOUT_base
                        0x2000'd604    0xa4  Data  Gb  memp.o [13]
memp_memory_TCP_PCB_LISTEN_base
                        0x2000'd74c    0x90  Data  Gb  memp.o [13]
memp_memory_TCP_PCB_base
                        0x2000'b938   0x5cc  Data  Gb  memp.o [13]
memp_memory_TCP_SEG_base
                        0x2000'd7dc    0x84  Data  Gb  memp.o [13]
memp_memory_UDP_PCB_base
                        0x2000'd49c    0xc4  Data  Gb  memp.o [13]
memp_pools               0x800'f6e4    0x28  Data  Gb  memp.o [13]
memp_tab_FRAG_PBUF      0x2000'dfe0     0x4  Data  Lc  memp.o [13]
memp_tab_PBUF           0x2000'dfe8     0x4  Data  Lc  memp.o [13]
memp_tab_PBUF_POOL      0x2000'dfec     0x4  Data  Lc  memp.o [13]
memp_tab_RAW_PCB        0x2000'dfc8     0x4  Data  Lc  memp.o [13]
memp_tab_REASSDATA      0x2000'dfdc     0x4  Data  Lc  memp.o [13]
memp_tab_SYS_TIMEOUT    0x2000'dfe4     0x4  Data  Lc  memp.o [13]
memp_tab_TCP_PCB        0x2000'dfd0     0x4  Data  Lc  memp.o [13]
memp_tab_TCP_PCB_LISTEN
                        0x2000'dfd4     0x4  Data  Lc  memp.o [13]
memp_tab_TCP_SEG        0x2000'dfd8     0x4  Data  Lc  memp.o [13]
memp_tab_UDP_PCB        0x2000'dfcc     0x4  Data  Lc  memp.o [13]
message_count           0x2000'e048     0x4  Data  Gb  udp_echoclient.o [2]
nLedPrintf_Flag         0x2000'e040     0x4  Data  Gb  Timer.o [2]
nTime_Flage_100us       0x2000'e03c     0x4  Data  Gb  Timer.o [2]
nTime_Flage_1ms         0x2000'e038     0x4  Data  Gb  Timer.o [2]
netif_add                0x800'8d2b    0x7c  Code  Gb  netif.o [13]
netif_default           0x2000'dff4     0x4  Data  Gb  netif.o [13]
netif_init               0x800'8d29     0x2  Code  Gb  netif.o [13]
netif_issue_reports      0x800'8e97    0x22  Code  Lc  netif.o [13]
netif_list              0x2000'dff0     0x4  Data  Gb  netif.o [13]
netif_num               0x2000'e077     0x1  Data  Lc  netif.o [13]
netif_set_addr           0x800'8da7    0x48  Code  Gb  netif.o [13]
netif_set_default        0x800'8e57     0x6  Code  Gb  netif.o [13]
netif_set_down           0x800'8eb9    0x28  Code  Gb  netif.o [13]
netif_set_gw             0x800'8e3b     0xe  Code  Gb  netif.o [13]
netif_set_ipaddr         0x800'8def    0x4c  Code  Gb  netif.o [13]
netif_set_link_callback
                         0x800'8f43     0x8  Code  Gb  netif.o [13]
netif_set_link_down      0x800'8f1d    0x26  Code  Gb  netif.o [13]
netif_set_link_up        0x800'8ee1    0x3c  Code  Gb  netif.o [13]
netif_set_netmask        0x800'8e49     0xe  Code  Gb  netif.o [13]
netif_set_up             0x800'8e6d    0x2a  Code  Gb  netif.o [13]
next_timeout            0x2000'e02c     0x4  Data  Lc  timeouts.o [13]
pFlash                  0x2000'dec8    0x20  Data  Gb  stm32f4xx_hal_flash.o [7]
pbuf_alloc               0x800'399d   0x194  Code  Gb  pbuf.o [13]
pbuf_alloced_custom      0x800'3b31    0x8a  Code  Gb  pbuf.o [13]
pbuf_cat                 0x800'3deb    0x2e  Code  Gb  pbuf.o [13]
pbuf_chain               0x800'3e19    0x16  Code  Gb  pbuf.o [13]
pbuf_clen                0x800'3dcd    0x12  Code  Gb  pbuf.o [13]
pbuf_copy                0x800'3e2f    0xda  Code  Gb  pbuf.o [13]
pbuf_copy_partial        0x800'3f09    0xae  Code  Gb  pbuf.o [13]
pbuf_free                0x800'3d47    0x86  Code  Gb  pbuf.o [13]
pbuf_header              0x800'3d1f    0x14  Code  Gb  pbuf.o [13]
pbuf_header_force        0x800'3d33    0x14  Code  Gb  pbuf.o [13]
pbuf_header_impl         0x800'3c51    0xce  Code  Lc  pbuf.o [13]
pbuf_realloc             0x800'3bbb    0x96  Code  Gb  pbuf.o [13]
pbuf_ref                 0x800'3ddf     0xc  Code  Gb  pbuf.o [13]
pbuf_take                0x800'3fb7    0x98  Code  Gb  pbuf.o [13]
plug_holes               0x800'56bd    0x64  Code  Lc  mem.o [13]
pmEthernet_Rx_struct    0x2000'dfa4     0x4  Data  Gb  main.o [2]
ram                     0x2000'dfbc     0x4  Data  Lc  mem.o [13]
ram_end                 0x2000'dfc0     0x4  Data  Lc  mem.o [13]
ram_heap                0x2000'6184  0x2814  Data  Gb  mem.o [13]
rand                     0x800'e8dd    0x8a  Code  Gb  rand.o [16]
raw_input                0x800'7455    0xa4  Code  Gb  raw.o [13]
raw_input_match          0x800'7421    0x34  Code  Lc  raw.o [13]
raw_netif_ip_addr_changed
                         0x800'74f9    0x34  Code  Gb  raw.o [13]
raw_pcbs                0x2000'dff8     0x4  Data  Lc  raw.o [13]
reassdatagrams          0x2000'df94     0x4  Data  Lc  ip4_frag.o [14]
recv_acked              0x2000'e064     0x2  Data  Lc  tcp_in.o [13]
recv_data               0x2000'e024     0x4  Data  Lc  tcp_in.o [13]
recv_flags              0x2000'e07c     0x1  Data  Lc  tcp_in.o [13]
sColorCode              0x2000'e06c     0x1  Data  Gb  LED.o [2]
salarmstructure         0x2000'de30    0x28  Data  Gb  main.o [2]
scalbln                  0x800'dac1          Code  Gb  ldexp.o [17]
scalblnl                 0x800'dac1          Code  Gb  ldexp.o [17]
scalbn                   0x800'dac1          Code  Gb  ldexp.o [17]
scalbnl                  0x800'dac1          Code  Gb  ldexp.o [17]
scale                    0x800'a9b1    0x46  Code  Lc  xprintffull_nomb.o [16]
sdatestructureget       0x2000'dfa8     0x4  Data  Gb  main.o [2]
sec_hand                0x2000'e054     0x4  Data  Lc  xfail_s.o [16]
seqno                   0x2000'e01c     0x4  Data  Lc  tcp_in.o [13]
sprintf                  0x800'ac05    0x40  Code  Gb  sprintf.o [16]
stimestructureget       0x2000'df14    0x14  Data  Gb  main.o [2]
strchr                   0x800'd939          Code  Gb  strchr.o [18]
strlen                   0x800'6c89          Code  Gb  strlen.o [18]
strncmp                  0x800'6c29    0x2a  Code  Gb  strncmp.o [16]
sys_check_timeouts       0x800'4b6f    0x70  Code  Gb  timeouts.o [13]
sys_now                  0x800'5fd5     0x8  Code  Gb  ethernetif.o [2]
sys_timeout              0x800'4aab    0xc4  Code  Gb  timeouts.o [13]
sys_timeouts_init        0x800'4a85    0x26  Code  Gb  timeouts.o [13]
tcp_abandon              0x800'2d49    0xe0  Code  Gb  tcp.o [13]
tcp_abort                0x800'2e29     0xe  Code  Gb  tcp.o [13]
tcp_active_pcbs         0x2000'e00c     0x4  Data  Gb  tcp.o [13]
tcp_active_pcbs_changed
                        0x2000'e078     0x1  Data  Gb  tcp.o [13]
tcp_alloc                0x800'3505    0xf6  Code  Gb  tcp.o [13]
tcp_backoff              0x800'fc64    0x10  Data  Lc  tcp.o [13]
tcp_bound_pcbs          0x2000'e004     0x4  Data  Gb  tcp.o [13]
tcp_close                0x800'2d1f    0x2a  Code  Gb  tcp.o [13]
tcp_close_shutdown       0x800'2b71   0x1ae  Code  Lc  tcp.o [13]
tcp_create_segment       0x800'41db    0xbc  Code  Lc  tcp_out.o [13]
tcp_debug_print          0x800'37a3     0x2  Code  Gb  tcp.o [13]
tcp_debug_print_state    0x800'37a5    0x16  Code  Gb  tcp.o [13]
tcp_eff_send_mss_impl    0x800'36e7    0x3e  Code  Gb  tcp.o [13]
tcp_enqueue_flags        0x800'4297    0xfa  Code  Gb  tcp_out.o [13]
tcp_fasttmr              0x800'3273    0x6c  Code  Gb  tcp.o [13]
tcp_getoptbyte           0x800'29ed    0x42  Code  Lc  tcp_in.o [13]
tcp_init                 0x800'2b1d     0x2  Code  Gb  tcp.o [13]
tcp_input                0x800'17d5   0x4fe  Code  Gb  tcp_in.o [13]
tcp_input_pcb           0x2000'e028     0x4  Data  Gb  tcp_in.o [13]
tcp_keepalive            0x800'48c7    0x5a  Code  Gb  tcp_out.o [13]
tcp_kill_prio            0x800'3417    0x5c  Code  Lc  tcp.o [13]
tcp_kill_state           0x800'3473    0x4e  Code  Lc  tcp.o [13]
tcp_kill_timewait        0x800'34c1    0x40  Code  Lc  tcp.o [13]
tcp_listen_closed        0x800'2b51    0x20  Code  Lc  tcp.o [13]
tcp_listen_input         0x800'1cd3   0x11e  Code  Lc  tcp_in.o [13]
tcp_listen_pcbs         0x2000'e008     0x4  Data  Gb  tcp.o [13]
tcp_netif_ip_addr_changed
                         0x800'3755    0x4e  Code  Gb  tcp.o [13]
tcp_netif_ip_addr_changed_pcblist
                         0x800'3725    0x2e  Code  Lc  tcp.o [13]
tcp_next_iss             0x800'36d7    0x10  Code  Gb  tcp.o [13]
tcp_next_iss::iss       0x2000'0088     0x4  Data  Lc  tcp.o [13]
tcp_optidx              0x2000'e062     0x2  Data  Lc  tcp_in.o [13]
tcp_output               0x800'4417   0x23c  Code  Gb  tcp_out.o [13]
tcp_output_alloc_header
                         0x800'410d    0x84  Code  Lc  tcp_out.o [13]
tcp_output_segment       0x800'4653    0xca  Code  Lc  tcp_out.o [13]
tcp_parseopt             0x800'2a39    0xa8  Code  Lc  tcp_in.o [13]
tcp_pcb_lists            0x800'fc74    0x10  Data  Gb  tcp.o [13]
tcp_pcb_purge            0x800'3601    0x6c  Code  Gb  tcp.o [13]
tcp_pcb_remove           0x800'3671    0x66  Code  Gb  tcp.o [13]
tcp_pcbs_sane            0x800'3855     0x2  Code  Gb  tcp.o [13]
tcp_persist_backoff      0x800'fe44     0x8  Data  Lc  tcp.o [13]
tcp_process              0x800'1e7b   0x52e  Code  Lc  tcp_in.o [13]
tcp_process_refused_data
                         0x800'32ed    0xaa  Code  Gb  tcp.o [13]
tcp_receive              0x800'23ed   0x600  Code  Lc  tcp_in.o [13]
tcp_recv_null            0x800'33e5    0x32  Code  Gb  tcp.o [13]
tcp_recved               0x800'2e83    0x58  Code  Gb  tcp.o [13]
tcp_remove_listener      0x800'2b3b    0x16  Code  Lc  tcp.o [13]
tcp_rexmit               0x800'47ff    0x5a  Code  Gb  tcp_out.o [13]
tcp_rexmit_fast          0x800'4859    0x6e  Code  Gb  tcp_out.o [13]
tcp_rexmit_rto           0x800'47c7    0x38  Code  Gb  tcp_out.o [13]
tcp_rst                  0x800'4729    0x9e  Code  Gb  tcp_out.o [13]
tcp_seg_free             0x800'33c7    0x1e  Code  Gb  tcp.o [13]
tcp_segs_free            0x800'33b1    0x16  Code  Gb  tcp.o [13]
tcp_send_empty_ack       0x800'4391    0x86  Code  Gb  tcp_out.o [13]
tcp_send_fin             0x800'4191    0x4a  Code  Gb  tcp_out.o [13]
tcp_slowtmr              0x800'2edb   0x398  Code  Gb  tcp.o [13]
tcp_state_str            0x800'f690    0x2c  Data  Lc  tcp.o [13]
tcp_ticks               0x2000'e000     0x4  Data  Gb  tcp.o [13]
tcp_timer               0x2000'e079     0x1  Data  Lc  tcp.o [13]
tcp_timer_ctr           0x2000'e07a     0x1  Data  Lc  tcp.o [13]
tcp_timer_needed         0x800'4a45    0x2a  Code  Gb  timeouts.o [13]
tcp_timewait_input       0x800'1df1    0x8a  Code  Lc  tcp_in.o [13]
tcp_tmr                  0x800'2b1f    0x1c  Code  Gb  tcp.o [13]
tcp_trigger_input_pcb_close
                         0x800'2ae1     0xc  Code  Gb  tcp_in.o [13]
tcp_tw_pcbs             0x2000'e010     0x4  Data  Gb  tcp.o [13]
tcp_update_rcv_ann_wnd   0x800'2e37    0x4c  Code  Gb  tcp.o [13]
tcp_zero_window_probe    0x800'4921    0xf8  Code  Gb  tcp_out.o [13]
tcphdr                  0x2000'e014     0x4  Data  Lc  tcp_in.o [13]
tcphdr_opt1len          0x2000'e060     0x2  Data  Lc  tcp_in.o [13]
tcphdr_opt2             0x2000'e018     0x4  Data  Lc  tcp_in.o [13]
tcphdr_optlen           0x2000'e05e     0x2  Data  Lc  tcp_in.o [13]
tcpip_tcp_timer          0x800'4a19    0x2c  Code  Lc  timeouts.o [13]
tcpip_tcp_timer_active  0x2000'e034     0x4  Data  Lc  timeouts.o [13]
tcplen                  0x2000'e066     0x2  Data  Lc  tcp_in.o [13]
timeouts_last_time      0x2000'e030     0x4  Data  Lc  timeouts.o [13]
udp_SysLog               0x800'd499    0xbe  Code  Gb  udp_echoclient.o [2]
udp_SysLog::szBuf       0x2000'bf04   0x400  Data  Lc  udp_echoclient.o [2]
udp_bind                 0x800'7c09    0xce  Code  Gb  udp.o [13]
udp_connect              0x800'7cd7    0x66  Code  Gb  udp.o [13]
udp_init                 0x800'7535     0x2  Code  Gb  udp.o [13]
udp_input                0x800'75dd   0x480  Code  Gb  udp.o [13]
udp_input_local_match    0x800'7587    0x56  Code  Lc  udp.o [13]
udp_netif_ip_addr_changed
                         0x800'7da5    0x34  Code  Gb  udp.o [13]
udp_new                  0x800'7d7f    0x26  Code  Gb  udp.o [13]
udp_new_port             0x800'7537    0x50  Code  Lc  udp.o [13]
udp_pcbs                0x2000'e044     0x4  Data  Gb  udp.o [13]
udp_port                0x2000'008e     0x2  Data  Lc  udp.o [13]
udp_receive_callback     0x800'd559    0x2e  Code  Gb  udp_echoclient.o [2]
udp_recv                 0x800'7d3d     0x6  Code  Gb  udp.o [13]
udp_remove               0x800'7d43    0x3c  Code  Gb  udp.o [13]
udp_send                 0x800'7a65    0x1e  Code  Gb  udp.o [13]
udp_sendto               0x800'7a83    0x42  Code  Gb  udp.o [13]
udp_sendto_if            0x800'7ac5    0x64  Code  Gb  udp.o [13]
udp_sendto_if_src        0x800'7b29    0xe0  Code  Gb  udp.o [13]
upcb                    0x2000'e04c     0x4  Data  Gb  udp_echoclient.o [2]
uwTick                  0x2000'dffc     0x4  Data  Gb  stm32f4xx_hal.o [7]
vsprintf                 0x800'6c55    0x34  Code  Gb  vsprintf.o [16]


[1] = C:\D\SW2_Team\emu_208_ledc\File\EWARM\STM324xG_EVAL\Obj\Application\EWARM
[2] = C:\D\SW2_Team\emu_208_ledc\File\EWARM\STM324xG_EVAL\Obj\Application\User
[3] = C:\D\SW2_Team\emu_208_ledc\File\EWARM\STM324xG_EVAL\Obj\Application\Utilities\Fonts
[4] = C:\D\SW2_Team\emu_208_ledc\File\EWARM\STM324xG_EVAL\Obj\Drivers\BSP\Components
[5] = C:\D\SW2_Team\emu_208_ledc\File\EWARM\STM324xG_EVAL\Obj\Drivers\BSP\STM324xG_EVAL
[6] = C:\D\SW2_Team\emu_208_ledc\File\EWARM\STM324xG_EVAL\Obj\Drivers\CMSIS
[7] = C:\D\SW2_Team\emu_208_ledc\File\EWARM\STM324xG_EVAL\Obj\Drivers\STM32F4xx_HAL_Driver
[8] = C:\D\SW2_Team\emu_208_ledc\File\EWARM\STM324xG_EVAL\Obj\Drivers\display\Config
[9] = C:\D\SW2_Team\emu_208_ledc\File\EWARM\STM324xG_EVAL\Obj\Drivers\display\Example
[10] = C:\D\SW2_Team\emu_208_ledc\File\EWARM\STM324xG_EVAL\Obj\Drivers\display\GUI
[11] = C:\D\SW2_Team\emu_208_ledc\File\EWARM\STM324xG_EVAL\Obj\Drivers\display\OLED
[12] = C:\D\SW2_Team\emu_208_ledc\File\EWARM\STM324xG_EVAL\Obj\Middlewares\LwIP\Api
[13] = C:\D\SW2_Team\emu_208_ledc\File\EWARM\STM324xG_EVAL\Obj\Middlewares\LwIP\Core
[14] = C:\D\SW2_Team\emu_208_ledc\File\EWARM\STM324xG_EVAL\Obj\Middlewares\LwIP\Core\IPv4
[15] = C:\D\SW2_Team\emu_208_ledc\File\EWARM\STM324xG_EVAL\Obj\Middlewares\LwIP\Netif
[16] = dl7M_tlf.a
[17] = m7M_tls.a
[18] = rt7M_tl.a
[19] = shb_l.a

  61'685 bytes of readonly  code memory
   3'883 bytes of readonly  data memory
  65'662 bytes of readwrite data memory

Errors: none
Warnings: none
